---
source: tests/integration.rs
expression: result
input_file: tests/inputs/hello_user_name.yml
---
translator_output: |-
  (
      code: [
          Data((18)),
          Data((1952540759)),
          Data((1601399135)),
          Data((1920298873)),
          Data((1835101791)),
          Data((16229)),
          Data((7)),
          Data((1819043144)),
          Data((6237295)),
          Data((1)),
          Data((33)),
          Data((0)),
          Data((0)),
          Data((0)),
          Data((0)),
          OpHigher(Math((
              opcode: Mov,
              args: RegImmed(Accumulator, 0),
          ))),
          OpLower(Math(RegImmed(1))),
          OpHigher(Stack((
              opcode: Call,
              args: Immed(0),
          ))),
          OpLower(Stack(Immed(80))),
          OpHigher(Stack((
              opcode: Call,
              args: Immed(0),
          ))),
          OpLower(Stack(Immed(76))),
          OpHigher(Math((
              opcode: Mov,
              args: RegImmed(Accumulator, 0),
          ))),
          OpLower(Math(RegImmed(12))),
          OpHigher(Stack((
              opcode: Call,
              args: Immed(0),
          ))),
          OpLower(Stack(Immed(39))),
          OpHigher(Math((
              opcode: Mov,
              args: RegImmed(Accumulator, 0),
          ))),
          OpLower(Math(RegImmed(7))),
          OpHigher(Stack((
              opcode: Call,
              args: Immed(0),
          ))),
          OpLower(Stack(Immed(80))),
          OpHigher(Math((
              opcode: Mov,
              args: RegImmed(Accumulator, 0),
          ))),
          OpLower(Math(RegImmed(12))),
          OpHigher(Stack((
              opcode: Call,
              args: Immed(0),
          ))),
          OpLower(Stack(Immed(80))),
          OpHigher(Math((
              opcode: Mov,
              args: RegImmed(Accumulator, 0),
          ))),
          OpLower(Math(RegImmed(10))),
          OpHigher(Stack((
              opcode: Call,
              args: Immed(0),
          ))),
          OpLower(Stack(Immed(80))),
          OpHigher(Control((Exit))),
          OpHigher(Stack((
              opcode: Push,
              args: Register(Accumulator),
          ))),
          OpHigher(Math((
              opcode: Mov,
              args: RegToReg(Data, Accumulator),
          ))),
          OpHigher(Math((
              opcode: Mov,
              args: RegImmed(Count, 0),
          ))),
          OpLower(Math(RegImmed(0))),
          OpHigher(Alter((
              opcode: Inc,
              arg: Data,
          ))),
          OpHigher(Math((
              opcode: Mov,
              args: RegImmed(Base, 0),
          ))),
          OpLower(Math(RegImmed(0))),
          OpHigher(Math((
              opcode: Mov,
              args: RegImmed(Accumulator, 0),
          ))),
          OpLower(Math(RegImmed(0))),
          OpHigher(Io((
              opcode: In,
              arg: 0,
          ))),
          OpHigher(Math((
              opcode: Cmp,
              args: RegImmed(Accumulator, 0),
          ))),
          OpLower(Math(RegImmed(0))),
          OpHigher(Branch((
              opcode: Jz,
              arg_higher: 0,
          ))),
          OpLower(Branch((
              arg_lower: 73,
          ))),
          OpHigher(Alter((
              opcode: Inc,
              arg: Count,
          ))),
          OpHigher(Stack((
              opcode: Push,
              args: Register(Base),
          ))),
          OpHigher(Math((
              opcode: Cmp,
              args: RegImmed(Base, 0),
          ))),
          OpLower(Math(RegImmed(0))),
          OpHigher(Branch((
              opcode: Jz,
              arg_higher: 0,
          ))),
          OpLower(Branch((
              arg_lower: 64,
          ))),
          OpHigher(Math((
              opcode: Shl,
              args: RegImmed(Accumulator, 0),
          ))),
          OpLower(Math(RegImmed(8))),
          OpHigher(Alter((
              opcode: Dec,
              arg: Base,
          ))),
          OpHigher(Branch((
              opcode: Jmp,
              arg_higher: 0,
          ))),
          OpLower(Branch((
              arg_lower: 55,
          ))),
          OpHigher(Math((
              opcode: Add,
              args: RegToRegMem(Data, Accumulator),
          ))),
          OpHigher(Stack((
              opcode: Pop,
              args: Register(Base),
          ))),
          OpHigher(Alter((
              opcode: Inc,
              arg: Base,
          ))),
          OpHigher(Math((
              opcode: Cmp,
              args: RegImmed(Base, 0),
          ))),
          OpLower(Math(RegImmed(4))),
          OpHigher(Branch((
              opcode: Jz,
              arg_higher: 0,
          ))),
          OpLower(Branch((
              arg_lower: 43,
          ))),
          OpHigher(Branch((
              opcode: Jmp,
              arg_higher: 0,
          ))),
          OpLower(Branch((
              arg_lower: 46,
          ))),
          OpHigher(Stack((
              opcode: Pop,
              args: Register(Accumulator),
          ))),
          OpHigher(Math((
              opcode: Mov,
              args: RegToRegMem(Accumulator, Count),
          ))),
          OpHigher(Stack((
              opcode: Ret,
              args: None,
          ))),
          OpHigher(Math((
              opcode: Mov,
              args: RegImmed(Accumulator, 0),
          ))),
          OpLower(Math(RegImmed(10))),
          OpHigher(Io((
              opcode: Out,
              arg: 1,
          ))),
          OpHigher(Stack((
              opcode: Ret,
              args: None,
          ))),
          OpHigher(Math((
              opcode: Mov,
              args: RegToReg(Data, Accumulator),
          ))),
          OpHigher(Math((
              opcode: Mov,
              args: RegMemToReg(Count, Accumulator),
          ))),
          OpHigher(Branch((
              opcode: Jz,
              arg_higher: 0,
          ))),
          OpLower(Branch((
              arg_lower: 99,
          ))),
          OpHigher(Alter((
              opcode: Inc,
              arg: Data,
          ))),
          OpHigher(Math((
              opcode: Mov,
              args: RegMemToReg(Accumulator, Data),
          ))),
          OpHigher(Math((
              opcode: Mov,
              args: RegImmed(Base, 0),
          ))),
          OpLower(Math(RegImmed(4))),
          OpHigher(Io((
              opcode: Out,
              arg: 1,
          ))),
          OpHigher(Alter((
              opcode: Dec,
              arg: Count,
          ))),
          OpHigher(Branch((
              opcode: Jz,
              arg_higher: 0,
          ))),
          OpLower(Branch((
              arg_lower: 99,
          ))),
          OpHigher(Alter((
              opcode: Dec,
              arg: Base,
          ))),
          OpHigher(Branch((
              opcode: Jz,
              arg_higher: 0,
          ))),
          OpLower(Branch((
              arg_lower: 84,
          ))),
          OpHigher(Math((
              opcode: Shr,
              args: RegImmed(Accumulator, 0),
          ))),
          OpLower(Math(RegImmed(8))),
          OpHigher(Branch((
              opcode: Jmp,
              arg_higher: 0,
          ))),
          OpLower(Branch((
              arg_lower: 88,
          ))),
          OpHigher(Stack((
              opcode: Ret,
              args: None,
          ))),
      ],
      entrypoint: (16),
  )
translator_result: OK
stdout: |-
  What_is_your_name?
  Hello,_Oleg!
machine_result: OK
log: |
  [DEBUG lab3_rust::translator] Starting translation process
  [DEBUG lab3_rust::translator] Successfully finished translation process
  [DEBUG lab3_rust::machine] Starting virtual machine
  [DEBUG lab3_rust::machine::control_unit] TICK:    9; REGS: eax:0x00000000, ebx:0x00000000, ecx:0x00000000, edx:0x00000000, eip:0x00000011, esp:0x00001000; INSTR: OpHigher(Math(MathOpHigher { opcode: Mov, args: RegImmed(Accumulator, 0) }))
  [DEBUG lab3_rust::machine::control_unit] TICK:   19; REGS: eax:0x00000001, ebx:0x00000000, ecx:0x00000000, edx:0x00000000, eip:0x00000013, esp:0x00001000; INSTR: OpHigher(Stack(StackOpHigher { opcode: Call, args: Immed(0) }))
  [DEBUG lab3_rust::machine::control_unit] TICK:   26; REGS: eax:0x00000001, ebx:0x00000000, ecx:0x00000000, edx:0x00000000, eip:0x00000050, esp:0x00000fff; INSTR: OpHigher(Math(MathOpHigher { opcode: Mov, args: RegToReg(Data, Accumulator) }))
  [DEBUG lab3_rust::machine::control_unit] TICK:   31; REGS: eax:0x00000001, ebx:0x00000000, ecx:0x00000000, edx:0x00000001, eip:0x00000051, esp:0x00000fff; INSTR: OpHigher(Math(MathOpHigher { opcode: Mov, args: RegMemToReg(Count, Accumulator) }))
  [DEBUG lab3_rust::machine::control_unit] TICK:   43; REGS: eax:0x00000001, ebx:0x00000000, ecx:0x00000012, edx:0x00000001, eip:0x00000053, esp:0x00000fff; INSTR: OpHigher(Branch(BranchOpHigher { opcode: Jz, arg_higher: 0 }))
  [DEBUG lab3_rust::machine::control_unit] TICK:   48; REGS: eax:0x00000001, ebx:0x00000000, ecx:0x00000012, edx:0x00000001, eip:0x00000054, esp:0x00000fff; INSTR: OpHigher(Alter(AlterOpWord { opcode: Inc, arg: Data }))
  [DEBUG lab3_rust::machine::control_unit] TICK:   53; REGS: eax:0x00000001, ebx:0x00000000, ecx:0x00000012, edx:0x00000002, eip:0x00000055, esp:0x00000fff; INSTR: OpHigher(Math(MathOpHigher { opcode: Mov, args: RegMemToReg(Accumulator, Data) }))
  [DEBUG lab3_rust::machine::control_unit] TICK:   65; REGS: eax:0x74616857, ebx:0x00000000, ecx:0x00000012, edx:0x00000002, eip:0x00000057, esp:0x00000fff; INSTR: OpHigher(Math(MathOpHigher { opcode: Mov, args: RegImmed(Base, 0) }))
  [DEBUG lab3_rust::machine::control_unit] TICK:   70; REGS: eax:0x74616857, ebx:0x00000004, ecx:0x00000012, edx:0x00000002, eip:0x00000058, esp:0x00000fff; INSTR: OpHigher(Io(IoOpWord { opcode: Out, arg: 1 }))
  [DEBUG lab3_rust::machine::control_unit] TICK:   75; REGS: eax:0x74616857, ebx:0x00000004, ecx:0x00000012, edx:0x00000002, eip:0x00000059, esp:0x00000fff; INSTR: OpHigher(Alter(AlterOpWord { opcode: Dec, arg: Count }))
  [DEBUG lab3_rust::machine::control_unit] TICK:   85; REGS: eax:0x74616857, ebx:0x00000004, ecx:0x00000011, edx:0x00000002, eip:0x0000005b, esp:0x00000fff; INSTR: OpHigher(Branch(BranchOpHigher { opcode: Jz, arg_higher: 0 }))
  [DEBUG lab3_rust::machine::control_unit] TICK:   90; REGS: eax:0x74616857, ebx:0x00000004, ecx:0x00000011, edx:0x00000002, eip:0x0000005c, esp:0x00000fff; INSTR: OpHigher(Alter(AlterOpWord { opcode: Dec, arg: Base }))
  [DEBUG lab3_rust::machine::control_unit] TICK:  100; REGS: eax:0x74616857, ebx:0x00000003, ecx:0x00000011, edx:0x00000002, eip:0x0000005e, esp:0x00000fff; INSTR: OpHigher(Branch(BranchOpHigher { opcode: Jz, arg_higher: 0 }))
  [DEBUG lab3_rust::machine::control_unit] TICK:  110; REGS: eax:0x74616857, ebx:0x00000003, ecx:0x00000011, edx:0x00000002, eip:0x00000060, esp:0x00000fff; INSTR: OpHigher(Math(MathOpHigher { opcode: Shr, args: RegImmed(Accumulator, 0) }))
  [DEBUG lab3_rust::machine::control_unit] TICK:  120; REGS: eax:0x00746168, ebx:0x00000003, ecx:0x00000011, edx:0x00000002, eip:0x00000062, esp:0x00000fff; INSTR: OpHigher(Branch(BranchOpHigher { opcode: Jmp, arg_higher: 0 }))
  [DEBUG lab3_rust::machine::control_unit] TICK:  124; REGS: eax:0x00746168, ebx:0x00000003, ecx:0x00000011, edx:0x00000002, eip:0x00000058, esp:0x00000fff; INSTR: OpHigher(Io(IoOpWord { opcode: Out, arg: 1 }))
  [DEBUG lab3_rust::machine::control_unit] TICK:  129; REGS: eax:0x00746168, ebx:0x00000003, ecx:0x00000011, edx:0x00000002, eip:0x00000059, esp:0x00000fff; INSTR: OpHigher(Alter(AlterOpWord { opcode: Dec, arg: Count }))
  [DEBUG lab3_rust::machine::control_unit] TICK:  139; REGS: eax:0x00746168, ebx:0x00000003, ecx:0x00000010, edx:0x00000002, eip:0x0000005b, esp:0x00000fff; INSTR: OpHigher(Branch(BranchOpHigher { opcode: Jz, arg_higher: 0 }))
  [DEBUG lab3_rust::machine::control_unit] TICK:  144; REGS: eax:0x00746168, ebx:0x00000003, ecx:0x00000010, edx:0x00000002, eip:0x0000005c, esp:0x00000fff; INSTR: OpHigher(Alter(AlterOpWord { opcode: Dec, arg: Base }))
  [DEBUG lab3_rust::machine::control_unit] TICK:  154; REGS: eax:0x00746168, ebx:0x00000002, ecx:0x00000010, edx:0x00000002, eip:0x0000005e, esp:0x00000fff; INSTR: OpHigher(Branch(BranchOpHigher { opcode: Jz, arg_higher: 0 }))
  [DEBUG lab3_rust::machine::control_unit] TICK:  164; REGS: eax:0x00746168, ebx:0x00000002, ecx:0x00000010, edx:0x00000002, eip:0x00000060, esp:0x00000fff; INSTR: OpHigher(Math(MathOpHigher { opcode: Shr, args: RegImmed(Accumulator, 0) }))
  [DEBUG lab3_rust::machine::control_unit] TICK:  174; REGS: eax:0x00007461, ebx:0x00000002, ecx:0x00000010, edx:0x00000002, eip:0x00000062, esp:0x00000fff; INSTR: OpHigher(Branch(BranchOpHigher { opcode: Jmp, arg_higher: 0 }))
  [DEBUG lab3_rust::machine::control_unit] TICK:  178; REGS: eax:0x00007461, ebx:0x00000002, ecx:0x00000010, edx:0x00000002, eip:0x00000058, esp:0x00000fff; INSTR: OpHigher(Io(IoOpWord { opcode: Out, arg: 1 }))
  [DEBUG lab3_rust::machine::control_unit] TICK:  183; REGS: eax:0x00007461, ebx:0x00000002, ecx:0x00000010, edx:0x00000002, eip:0x00000059, esp:0x00000fff; INSTR: OpHigher(Alter(AlterOpWord { opcode: Dec, arg: Count }))
  [DEBUG lab3_rust::machine::control_unit] TICK:  193; REGS: eax:0x00007461, ebx:0x00000002, ecx:0x0000000f, edx:0x00000002, eip:0x0000005b, esp:0x00000fff; INSTR: OpHigher(Branch(BranchOpHigher { opcode: Jz, arg_higher: 0 }))
  [DEBUG lab3_rust::machine::control_unit] TICK:  198; REGS: eax:0x00007461, ebx:0x00000002, ecx:0x0000000f, edx:0x00000002, eip:0x0000005c, esp:0x00000fff; INSTR: OpHigher(Alter(AlterOpWord { opcode: Dec, arg: Base }))
  [DEBUG lab3_rust::machine::control_unit] TICK:  208; REGS: eax:0x00007461, ebx:0x00000001, ecx:0x0000000f, edx:0x00000002, eip:0x0000005e, esp:0x00000fff; INSTR: OpHigher(Branch(BranchOpHigher { opcode: Jz, arg_higher: 0 }))
  [DEBUG lab3_rust::machine::control_unit] TICK:  218; REGS: eax:0x00007461, ebx:0x00000001, ecx:0x0000000f, edx:0x00000002, eip:0x00000060, esp:0x00000fff; INSTR: OpHigher(Math(MathOpHigher { opcode: Shr, args: RegImmed(Accumulator, 0) }))
  [DEBUG lab3_rust::machine::control_unit] TICK:  228; REGS: eax:0x00000074, ebx:0x00000001, ecx:0x0000000f, edx:0x00000002, eip:0x00000062, esp:0x00000fff; INSTR: OpHigher(Branch(BranchOpHigher { opcode: Jmp, arg_higher: 0 }))
  [DEBUG lab3_rust::machine::control_unit] TICK:  232; REGS: eax:0x00000074, ebx:0x00000001, ecx:0x0000000f, edx:0x00000002, eip:0x00000058, esp:0x00000fff; INSTR: OpHigher(Io(IoOpWord { opcode: Out, arg: 1 }))
  [DEBUG lab3_rust::machine::control_unit] TICK:  237; REGS: eax:0x00000074, ebx:0x00000001, ecx:0x0000000f, edx:0x00000002, eip:0x00000059, esp:0x00000fff; INSTR: OpHigher(Alter(AlterOpWord { opcode: Dec, arg: Count }))
  [DEBUG lab3_rust::machine::control_unit] TICK:  247; REGS: eax:0x00000074, ebx:0x00000001, ecx:0x0000000e, edx:0x00000002, eip:0x0000005b, esp:0x00000fff; INSTR: OpHigher(Branch(BranchOpHigher { opcode: Jz, arg_higher: 0 }))
  [DEBUG lab3_rust::machine::control_unit] TICK:  252; REGS: eax:0x00000074, ebx:0x00000001, ecx:0x0000000e, edx:0x00000002, eip:0x0000005c, esp:0x00000fff; INSTR: OpHigher(Alter(AlterOpWord { opcode: Dec, arg: Base }))
  [DEBUG lab3_rust::machine::control_unit] TICK:  262; REGS: eax:0x00000074, ebx:0x00000000, ecx:0x0000000e, edx:0x00000002, eip:0x0000005e, esp:0x00000fff; INSTR: OpHigher(Branch(BranchOpHigher { opcode: Jz, arg_higher: 0 }))
  [DEBUG lab3_rust::machine::control_unit] TICK:  266; REGS: eax:0x00000074, ebx:0x00000000, ecx:0x0000000e, edx:0x00000002, eip:0x00000054, esp:0x00000fff; INSTR: OpHigher(Alter(AlterOpWord { opcode: Inc, arg: Data }))
  [DEBUG lab3_rust::machine::control_unit] TICK:  271; REGS: eax:0x00000074, ebx:0x00000000, ecx:0x0000000e, edx:0x00000003, eip:0x00000055, esp:0x00000fff; INSTR: OpHigher(Math(MathOpHigher { opcode: Mov, args: RegMemToReg(Accumulator, Data) }))
  [DEBUG lab3_rust::machine::control_unit] TICK:  283; REGS: eax:0x5f73695f, ebx:0x00000000, ecx:0x0000000e, edx:0x00000003, eip:0x00000057, esp:0x00000fff; INSTR: OpHigher(Math(MathOpHigher { opcode: Mov, args: RegImmed(Base, 0) }))
  [DEBUG lab3_rust::machine::control_unit] TICK:  288; REGS: eax:0x5f73695f, ebx:0x00000004, ecx:0x0000000e, edx:0x00000003, eip:0x00000058, esp:0x00000fff; INSTR: OpHigher(Io(IoOpWord { opcode: Out, arg: 1 }))
  [DEBUG lab3_rust::machine::control_unit] TICK:  293; REGS: eax:0x5f73695f, ebx:0x00000004, ecx:0x0000000e, edx:0x00000003, eip:0x00000059, esp:0x00000fff; INSTR: OpHigher(Alter(AlterOpWord { opcode: Dec, arg: Count }))
  [DEBUG lab3_rust::machine::control_unit] TICK:  303; REGS: eax:0x5f73695f, ebx:0x00000004, ecx:0x0000000d, edx:0x00000003, eip:0x0000005b, esp:0x00000fff; INSTR: OpHigher(Branch(BranchOpHigher { opcode: Jz, arg_higher: 0 }))
  [DEBUG lab3_rust::machine::control_unit] TICK:  308; REGS: eax:0x5f73695f, ebx:0x00000004, ecx:0x0000000d, edx:0x00000003, eip:0x0000005c, esp:0x00000fff; INSTR: OpHigher(Alter(AlterOpWord { opcode: Dec, arg: Base }))
  [DEBUG lab3_rust::machine::control_unit] TICK:  318; REGS: eax:0x5f73695f, ebx:0x00000003, ecx:0x0000000d, edx:0x00000003, eip:0x0000005e, esp:0x00000fff; INSTR: OpHigher(Branch(BranchOpHigher { opcode: Jz, arg_higher: 0 }))
  [DEBUG lab3_rust::machine::control_unit] TICK:  328; REGS: eax:0x5f73695f, ebx:0x00000003, ecx:0x0000000d, edx:0x00000003, eip:0x00000060, esp:0x00000fff; INSTR: OpHigher(Math(MathOpHigher { opcode: Shr, args: RegImmed(Accumulator, 0) }))
  [DEBUG lab3_rust::machine::control_unit] TICK:  338; REGS: eax:0x005f7369, ebx:0x00000003, ecx:0x0000000d, edx:0x00000003, eip:0x00000062, esp:0x00000fff; INSTR: OpHigher(Branch(BranchOpHigher { opcode: Jmp, arg_higher: 0 }))
  [DEBUG lab3_rust::machine::control_unit] TICK:  342; REGS: eax:0x005f7369, ebx:0x00000003, ecx:0x0000000d, edx:0x00000003, eip:0x00000058, esp:0x00000fff; INSTR: OpHigher(Io(IoOpWord { opcode: Out, arg: 1 }))
  [DEBUG lab3_rust::machine::control_unit] TICK:  347; REGS: eax:0x005f7369, ebx:0x00000003, ecx:0x0000000d, edx:0x00000003, eip:0x00000059, esp:0x00000fff; INSTR: OpHigher(Alter(AlterOpWord { opcode: Dec, arg: Count }))
  [DEBUG lab3_rust::machine::control_unit] TICK:  357; REGS: eax:0x005f7369, ebx:0x00000003, ecx:0x0000000c, edx:0x00000003, eip:0x0000005b, esp:0x00000fff; INSTR: OpHigher(Branch(BranchOpHigher { opcode: Jz, arg_higher: 0 }))
  [DEBUG lab3_rust::machine::control_unit] TICK:  362; REGS: eax:0x005f7369, ebx:0x00000003, ecx:0x0000000c, edx:0x00000003, eip:0x0000005c, esp:0x00000fff; INSTR: OpHigher(Alter(AlterOpWord { opcode: Dec, arg: Base }))
  [DEBUG lab3_rust::machine::control_unit] TICK:  372; REGS: eax:0x005f7369, ebx:0x00000002, ecx:0x0000000c, edx:0x00000003, eip:0x0000005e, esp:0x00000fff; INSTR: OpHigher(Branch(BranchOpHigher { opcode: Jz, arg_higher: 0 }))
  [DEBUG lab3_rust::machine::control_unit] TICK:  382; REGS: eax:0x005f7369, ebx:0x00000002, ecx:0x0000000c, edx:0x00000003, eip:0x00000060, esp:0x00000fff; INSTR: OpHigher(Math(MathOpHigher { opcode: Shr, args: RegImmed(Accumulator, 0) }))
  [DEBUG lab3_rust::machine::control_unit] TICK:  392; REGS: eax:0x00005f73, ebx:0x00000002, ecx:0x0000000c, edx:0x00000003, eip:0x00000062, esp:0x00000fff; INSTR: OpHigher(Branch(BranchOpHigher { opcode: Jmp, arg_higher: 0 }))
  [DEBUG lab3_rust::machine::control_unit] TICK:  396; REGS: eax:0x00005f73, ebx:0x00000002, ecx:0x0000000c, edx:0x00000003, eip:0x00000058, esp:0x00000fff; INSTR: OpHigher(Io(IoOpWord { opcode: Out, arg: 1 }))
  [DEBUG lab3_rust::machine::control_unit] TICK:  401; REGS: eax:0x00005f73, ebx:0x00000002, ecx:0x0000000c, edx:0x00000003, eip:0x00000059, esp:0x00000fff; INSTR: OpHigher(Alter(AlterOpWord { opcode: Dec, arg: Count }))
  [DEBUG lab3_rust::machine::control_unit] TICK:  411; REGS: eax:0x00005f73, ebx:0x00000002, ecx:0x0000000b, edx:0x00000003, eip:0x0000005b, esp:0x00000fff; INSTR: OpHigher(Branch(BranchOpHigher { opcode: Jz, arg_higher: 0 }))
  [DEBUG lab3_rust::machine::control_unit] TICK:  416; REGS: eax:0x00005f73, ebx:0x00000002, ecx:0x0000000b, edx:0x00000003, eip:0x0000005c, esp:0x00000fff; INSTR: OpHigher(Alter(AlterOpWord { opcode: Dec, arg: Base }))
  [DEBUG lab3_rust::machine::control_unit] TICK:  426; REGS: eax:0x00005f73, ebx:0x00000001, ecx:0x0000000b, edx:0x00000003, eip:0x0000005e, esp:0x00000fff; INSTR: OpHigher(Branch(BranchOpHigher { opcode: Jz, arg_higher: 0 }))
  [DEBUG lab3_rust::machine::control_unit] TICK:  436; REGS: eax:0x00005f73, ebx:0x00000001, ecx:0x0000000b, edx:0x00000003, eip:0x00000060, esp:0x00000fff; INSTR: OpHigher(Math(MathOpHigher { opcode: Shr, args: RegImmed(Accumulator, 0) }))
  [DEBUG lab3_rust::machine::control_unit] TICK:  446; REGS: eax:0x0000005f, ebx:0x00000001, ecx:0x0000000b, edx:0x00000003, eip:0x00000062, esp:0x00000fff; INSTR: OpHigher(Branch(BranchOpHigher { opcode: Jmp, arg_higher: 0 }))
  [DEBUG lab3_rust::machine::control_unit] TICK:  450; REGS: eax:0x0000005f, ebx:0x00000001, ecx:0x0000000b, edx:0x00000003, eip:0x00000058, esp:0x00000fff; INSTR: OpHigher(Io(IoOpWord { opcode: Out, arg: 1 }))
  [DEBUG lab3_rust::machine::control_unit] TICK:  455; REGS: eax:0x0000005f, ebx:0x00000001, ecx:0x0000000b, edx:0x00000003, eip:0x00000059, esp:0x00000fff; INSTR: OpHigher(Alter(AlterOpWord { opcode: Dec, arg: Count }))
  [DEBUG lab3_rust::machine::control_unit] TICK:  465; REGS: eax:0x0000005f, ebx:0x00000001, ecx:0x0000000a, edx:0x00000003, eip:0x0000005b, esp:0x00000fff; INSTR: OpHigher(Branch(BranchOpHigher { opcode: Jz, arg_higher: 0 }))
  [DEBUG lab3_rust::machine::control_unit] TICK:  470; REGS: eax:0x0000005f, ebx:0x00000001, ecx:0x0000000a, edx:0x00000003, eip:0x0000005c, esp:0x00000fff; INSTR: OpHigher(Alter(AlterOpWord { opcode: Dec, arg: Base }))
  [DEBUG lab3_rust::machine::control_unit] TICK:  480; REGS: eax:0x0000005f, ebx:0x00000000, ecx:0x0000000a, edx:0x00000003, eip:0x0000005e, esp:0x00000fff; INSTR: OpHigher(Branch(BranchOpHigher { opcode: Jz, arg_higher: 0 }))
  [DEBUG lab3_rust::machine::control_unit] TICK:  484; REGS: eax:0x0000005f, ebx:0x00000000, ecx:0x0000000a, edx:0x00000003, eip:0x00000054, esp:0x00000fff; INSTR: OpHigher(Alter(AlterOpWord { opcode: Inc, arg: Data }))
  [DEBUG lab3_rust::machine::control_unit] TICK:  489; REGS: eax:0x0000005f, ebx:0x00000000, ecx:0x0000000a, edx:0x00000004, eip:0x00000055, esp:0x00000fff; INSTR: OpHigher(Math(MathOpHigher { opcode: Mov, args: RegMemToReg(Accumulator, Data) }))
  [DEBUG lab3_rust::machine::control_unit] TICK:  501; REGS: eax:0x72756f79, ebx:0x00000000, ecx:0x0000000a, edx:0x00000004, eip:0x00000057, esp:0x00000fff; INSTR: OpHigher(Math(MathOpHigher { opcode: Mov, args: RegImmed(Base, 0) }))
  [DEBUG lab3_rust::machine::control_unit] TICK:  506; REGS: eax:0x72756f79, ebx:0x00000004, ecx:0x0000000a, edx:0x00000004, eip:0x00000058, esp:0x00000fff; INSTR: OpHigher(Io(IoOpWord { opcode: Out, arg: 1 }))
  [DEBUG lab3_rust::machine::control_unit] TICK:  511; REGS: eax:0x72756f79, ebx:0x00000004, ecx:0x0000000a, edx:0x00000004, eip:0x00000059, esp:0x00000fff; INSTR: OpHigher(Alter(AlterOpWord { opcode: Dec, arg: Count }))
  [DEBUG lab3_rust::machine::control_unit] TICK:  521; REGS: eax:0x72756f79, ebx:0x00000004, ecx:0x00000009, edx:0x00000004, eip:0x0000005b, esp:0x00000fff; INSTR: OpHigher(Branch(BranchOpHigher { opcode: Jz, arg_higher: 0 }))
  [DEBUG lab3_rust::machine::control_unit] TICK:  526; REGS: eax:0x72756f79, ebx:0x00000004, ecx:0x00000009, edx:0x00000004, eip:0x0000005c, esp:0x00000fff; INSTR: OpHigher(Alter(AlterOpWord { opcode: Dec, arg: Base }))
  [DEBUG lab3_rust::machine::control_unit] TICK:  536; REGS: eax:0x72756f79, ebx:0x00000003, ecx:0x00000009, edx:0x00000004, eip:0x0000005e, esp:0x00000fff; INSTR: OpHigher(Branch(BranchOpHigher { opcode: Jz, arg_higher: 0 }))
  [DEBUG lab3_rust::machine::control_unit] TICK:  546; REGS: eax:0x72756f79, ebx:0x00000003, ecx:0x00000009, edx:0x00000004, eip:0x00000060, esp:0x00000fff; INSTR: OpHigher(Math(MathOpHigher { opcode: Shr, args: RegImmed(Accumulator, 0) }))
  [DEBUG lab3_rust::machine::control_unit] TICK:  556; REGS: eax:0x0072756f, ebx:0x00000003, ecx:0x00000009, edx:0x00000004, eip:0x00000062, esp:0x00000fff; INSTR: OpHigher(Branch(BranchOpHigher { opcode: Jmp, arg_higher: 0 }))
  [DEBUG lab3_rust::machine::control_unit] TICK:  560; REGS: eax:0x0072756f, ebx:0x00000003, ecx:0x00000009, edx:0x00000004, eip:0x00000058, esp:0x00000fff; INSTR: OpHigher(Io(IoOpWord { opcode: Out, arg: 1 }))
  [DEBUG lab3_rust::machine::control_unit] TICK:  565; REGS: eax:0x0072756f, ebx:0x00000003, ecx:0x00000009, edx:0x00000004, eip:0x00000059, esp:0x00000fff; INSTR: OpHigher(Alter(AlterOpWord { opcode: Dec, arg: Count }))
  [DEBUG lab3_rust::machine::control_unit] TICK:  575; REGS: eax:0x0072756f, ebx:0x00000003, ecx:0x00000008, edx:0x00000004, eip:0x0000005b, esp:0x00000fff; INSTR: OpHigher(Branch(BranchOpHigher { opcode: Jz, arg_higher: 0 }))
  [DEBUG lab3_rust::machine::control_unit] TICK:  580; REGS: eax:0x0072756f, ebx:0x00000003, ecx:0x00000008, edx:0x00000004, eip:0x0000005c, esp:0x00000fff; INSTR: OpHigher(Alter(AlterOpWord { opcode: Dec, arg: Base }))
  [DEBUG lab3_rust::machine::control_unit] TICK:  590; REGS: eax:0x0072756f, ebx:0x00000002, ecx:0x00000008, edx:0x00000004, eip:0x0000005e, esp:0x00000fff; INSTR: OpHigher(Branch(BranchOpHigher { opcode: Jz, arg_higher: 0 }))
  [DEBUG lab3_rust::machine::control_unit] TICK:  600; REGS: eax:0x0072756f, ebx:0x00000002, ecx:0x00000008, edx:0x00000004, eip:0x00000060, esp:0x00000fff; INSTR: OpHigher(Math(MathOpHigher { opcode: Shr, args: RegImmed(Accumulator, 0) }))
  [DEBUG lab3_rust::machine::control_unit] TICK:  610; REGS: eax:0x00007275, ebx:0x00000002, ecx:0x00000008, edx:0x00000004, eip:0x00000062, esp:0x00000fff; INSTR: OpHigher(Branch(BranchOpHigher { opcode: Jmp, arg_higher: 0 }))
  [DEBUG lab3_rust::machine::control_unit] TICK:  614; REGS: eax:0x00007275, ebx:0x00000002, ecx:0x00000008, edx:0x00000004, eip:0x00000058, esp:0x00000fff; INSTR: OpHigher(Io(IoOpWord { opcode: Out, arg: 1 }))
  [DEBUG lab3_rust::machine::control_unit] TICK:  619; REGS: eax:0x00007275, ebx:0x00000002, ecx:0x00000008, edx:0x00000004, eip:0x00000059, esp:0x00000fff; INSTR: OpHigher(Alter(AlterOpWord { opcode: Dec, arg: Count }))
  [DEBUG lab3_rust::machine::control_unit] TICK:  629; REGS: eax:0x00007275, ebx:0x00000002, ecx:0x00000007, edx:0x00000004, eip:0x0000005b, esp:0x00000fff; INSTR: OpHigher(Branch(BranchOpHigher { opcode: Jz, arg_higher: 0 }))
  [DEBUG lab3_rust::machine::control_unit] TICK:  634; REGS: eax:0x00007275, ebx:0x00000002, ecx:0x00000007, edx:0x00000004, eip:0x0000005c, esp:0x00000fff; INSTR: OpHigher(Alter(AlterOpWord { opcode: Dec, arg: Base }))
  [DEBUG lab3_rust::machine::control_unit] TICK:  644; REGS: eax:0x00007275, ebx:0x00000001, ecx:0x00000007, edx:0x00000004, eip:0x0000005e, esp:0x00000fff; INSTR: OpHigher(Branch(BranchOpHigher { opcode: Jz, arg_higher: 0 }))
  [DEBUG lab3_rust::machine::control_unit] TICK:  654; REGS: eax:0x00007275, ebx:0x00000001, ecx:0x00000007, edx:0x00000004, eip:0x00000060, esp:0x00000fff; INSTR: OpHigher(Math(MathOpHigher { opcode: Shr, args: RegImmed(Accumulator, 0) }))
  [DEBUG lab3_rust::machine::control_unit] TICK:  664; REGS: eax:0x00000072, ebx:0x00000001, ecx:0x00000007, edx:0x00000004, eip:0x00000062, esp:0x00000fff; INSTR: OpHigher(Branch(BranchOpHigher { opcode: Jmp, arg_higher: 0 }))
  [DEBUG lab3_rust::machine::control_unit] TICK:  668; REGS: eax:0x00000072, ebx:0x00000001, ecx:0x00000007, edx:0x00000004, eip:0x00000058, esp:0x00000fff; INSTR: OpHigher(Io(IoOpWord { opcode: Out, arg: 1 }))
  [DEBUG lab3_rust::machine::control_unit] TICK:  673; REGS: eax:0x00000072, ebx:0x00000001, ecx:0x00000007, edx:0x00000004, eip:0x00000059, esp:0x00000fff; INSTR: OpHigher(Alter(AlterOpWord { opcode: Dec, arg: Count }))
  [DEBUG lab3_rust::machine::control_unit] TICK:  683; REGS: eax:0x00000072, ebx:0x00000001, ecx:0x00000006, edx:0x00000004, eip:0x0000005b, esp:0x00000fff; INSTR: OpHigher(Branch(BranchOpHigher { opcode: Jz, arg_higher: 0 }))
  [DEBUG lab3_rust::machine::control_unit] TICK:  688; REGS: eax:0x00000072, ebx:0x00000001, ecx:0x00000006, edx:0x00000004, eip:0x0000005c, esp:0x00000fff; INSTR: OpHigher(Alter(AlterOpWord { opcode: Dec, arg: Base }))
  [DEBUG lab3_rust::machine::control_unit] TICK:  698; REGS: eax:0x00000072, ebx:0x00000000, ecx:0x00000006, edx:0x00000004, eip:0x0000005e, esp:0x00000fff; INSTR: OpHigher(Branch(BranchOpHigher { opcode: Jz, arg_higher: 0 }))
  [DEBUG lab3_rust::machine::control_unit] TICK:  702; REGS: eax:0x00000072, ebx:0x00000000, ecx:0x00000006, edx:0x00000004, eip:0x00000054, esp:0x00000fff; INSTR: OpHigher(Alter(AlterOpWord { opcode: Inc, arg: Data }))
  [DEBUG lab3_rust::machine::control_unit] TICK:  707; REGS: eax:0x00000072, ebx:0x00000000, ecx:0x00000006, edx:0x00000005, eip:0x00000055, esp:0x00000fff; INSTR: OpHigher(Math(MathOpHigher { opcode: Mov, args: RegMemToReg(Accumulator, Data) }))
  [DEBUG lab3_rust::machine::control_unit] TICK:  719; REGS: eax:0x6d616e5f, ebx:0x00000000, ecx:0x00000006, edx:0x00000005, eip:0x00000057, esp:0x00000fff; INSTR: OpHigher(Math(MathOpHigher { opcode: Mov, args: RegImmed(Base, 0) }))
  [DEBUG lab3_rust::machine::control_unit] TICK:  724; REGS: eax:0x6d616e5f, ebx:0x00000004, ecx:0x00000006, edx:0x00000005, eip:0x00000058, esp:0x00000fff; INSTR: OpHigher(Io(IoOpWord { opcode: Out, arg: 1 }))
  [DEBUG lab3_rust::machine::control_unit] TICK:  729; REGS: eax:0x6d616e5f, ebx:0x00000004, ecx:0x00000006, edx:0x00000005, eip:0x00000059, esp:0x00000fff; INSTR: OpHigher(Alter(AlterOpWord { opcode: Dec, arg: Count }))
  [DEBUG lab3_rust::machine::control_unit] TICK:  739; REGS: eax:0x6d616e5f, ebx:0x00000004, ecx:0x00000005, edx:0x00000005, eip:0x0000005b, esp:0x00000fff; INSTR: OpHigher(Branch(BranchOpHigher { opcode: Jz, arg_higher: 0 }))
  [DEBUG lab3_rust::machine::control_unit] TICK:  744; REGS: eax:0x6d616e5f, ebx:0x00000004, ecx:0x00000005, edx:0x00000005, eip:0x0000005c, esp:0x00000fff; INSTR: OpHigher(Alter(AlterOpWord { opcode: Dec, arg: Base }))
  [DEBUG lab3_rust::machine::control_unit] TICK:  754; REGS: eax:0x6d616e5f, ebx:0x00000003, ecx:0x00000005, edx:0x00000005, eip:0x0000005e, esp:0x00000fff; INSTR: OpHigher(Branch(BranchOpHigher { opcode: Jz, arg_higher: 0 }))
  [DEBUG lab3_rust::machine::control_unit] TICK:  764; REGS: eax:0x6d616e5f, ebx:0x00000003, ecx:0x00000005, edx:0x00000005, eip:0x00000060, esp:0x00000fff; INSTR: OpHigher(Math(MathOpHigher { opcode: Shr, args: RegImmed(Accumulator, 0) }))
  [DEBUG lab3_rust::machine::control_unit] TICK:  774; REGS: eax:0x006d616e, ebx:0x00000003, ecx:0x00000005, edx:0x00000005, eip:0x00000062, esp:0x00000fff; INSTR: OpHigher(Branch(BranchOpHigher { opcode: Jmp, arg_higher: 0 }))
  [DEBUG lab3_rust::machine::control_unit] TICK:  778; REGS: eax:0x006d616e, ebx:0x00000003, ecx:0x00000005, edx:0x00000005, eip:0x00000058, esp:0x00000fff; INSTR: OpHigher(Io(IoOpWord { opcode: Out, arg: 1 }))
  [DEBUG lab3_rust::machine::control_unit] TICK:  783; REGS: eax:0x006d616e, ebx:0x00000003, ecx:0x00000005, edx:0x00000005, eip:0x00000059, esp:0x00000fff; INSTR: OpHigher(Alter(AlterOpWord { opcode: Dec, arg: Count }))
  [DEBUG lab3_rust::machine::control_unit] TICK:  793; REGS: eax:0x006d616e, ebx:0x00000003, ecx:0x00000004, edx:0x00000005, eip:0x0000005b, esp:0x00000fff; INSTR: OpHigher(Branch(BranchOpHigher { opcode: Jz, arg_higher: 0 }))
  [DEBUG lab3_rust::machine::control_unit] TICK:  798; REGS: eax:0x006d616e, ebx:0x00000003, ecx:0x00000004, edx:0x00000005, eip:0x0000005c, esp:0x00000fff; INSTR: OpHigher(Alter(AlterOpWord { opcode: Dec, arg: Base }))
  [DEBUG lab3_rust::machine::control_unit] TICK:  808; REGS: eax:0x006d616e, ebx:0x00000002, ecx:0x00000004, edx:0x00000005, eip:0x0000005e, esp:0x00000fff; INSTR: OpHigher(Branch(BranchOpHigher { opcode: Jz, arg_higher: 0 }))
  [DEBUG lab3_rust::machine::control_unit] TICK:  818; REGS: eax:0x006d616e, ebx:0x00000002, ecx:0x00000004, edx:0x00000005, eip:0x00000060, esp:0x00000fff; INSTR: OpHigher(Math(MathOpHigher { opcode: Shr, args: RegImmed(Accumulator, 0) }))
  [DEBUG lab3_rust::machine::control_unit] TICK:  828; REGS: eax:0x00006d61, ebx:0x00000002, ecx:0x00000004, edx:0x00000005, eip:0x00000062, esp:0x00000fff; INSTR: OpHigher(Branch(BranchOpHigher { opcode: Jmp, arg_higher: 0 }))
  [DEBUG lab3_rust::machine::control_unit] TICK:  832; REGS: eax:0x00006d61, ebx:0x00000002, ecx:0x00000004, edx:0x00000005, eip:0x00000058, esp:0x00000fff; INSTR: OpHigher(Io(IoOpWord { opcode: Out, arg: 1 }))
  [DEBUG lab3_rust::machine::control_unit] TICK:  837; REGS: eax:0x00006d61, ebx:0x00000002, ecx:0x00000004, edx:0x00000005, eip:0x00000059, esp:0x00000fff; INSTR: OpHigher(Alter(AlterOpWord { opcode: Dec, arg: Count }))
  [DEBUG lab3_rust::machine::control_unit] TICK:  847; REGS: eax:0x00006d61, ebx:0x00000002, ecx:0x00000003, edx:0x00000005, eip:0x0000005b, esp:0x00000fff; INSTR: OpHigher(Branch(BranchOpHigher { opcode: Jz, arg_higher: 0 }))
  [DEBUG lab3_rust::machine::control_unit] TICK:  852; REGS: eax:0x00006d61, ebx:0x00000002, ecx:0x00000003, edx:0x00000005, eip:0x0000005c, esp:0x00000fff; INSTR: OpHigher(Alter(AlterOpWord { opcode: Dec, arg: Base }))
  [DEBUG lab3_rust::machine::control_unit] TICK:  862; REGS: eax:0x00006d61, ebx:0x00000001, ecx:0x00000003, edx:0x00000005, eip:0x0000005e, esp:0x00000fff; INSTR: OpHigher(Branch(BranchOpHigher { opcode: Jz, arg_higher: 0 }))
  [DEBUG lab3_rust::machine::control_unit] TICK:  872; REGS: eax:0x00006d61, ebx:0x00000001, ecx:0x00000003, edx:0x00000005, eip:0x00000060, esp:0x00000fff; INSTR: OpHigher(Math(MathOpHigher { opcode: Shr, args: RegImmed(Accumulator, 0) }))
  [DEBUG lab3_rust::machine::control_unit] TICK:  882; REGS: eax:0x0000006d, ebx:0x00000001, ecx:0x00000003, edx:0x00000005, eip:0x00000062, esp:0x00000fff; INSTR: OpHigher(Branch(BranchOpHigher { opcode: Jmp, arg_higher: 0 }))
  [DEBUG lab3_rust::machine::control_unit] TICK:  886; REGS: eax:0x0000006d, ebx:0x00000001, ecx:0x00000003, edx:0x00000005, eip:0x00000058, esp:0x00000fff; INSTR: OpHigher(Io(IoOpWord { opcode: Out, arg: 1 }))
  [DEBUG lab3_rust::machine::control_unit] TICK:  891; REGS: eax:0x0000006d, ebx:0x00000001, ecx:0x00000003, edx:0x00000005, eip:0x00000059, esp:0x00000fff; INSTR: OpHigher(Alter(AlterOpWord { opcode: Dec, arg: Count }))
  [DEBUG lab3_rust::machine::control_unit] TICK:  901; REGS: eax:0x0000006d, ebx:0x00000001, ecx:0x00000002, edx:0x00000005, eip:0x0000005b, esp:0x00000fff; INSTR: OpHigher(Branch(BranchOpHigher { opcode: Jz, arg_higher: 0 }))
  [DEBUG lab3_rust::machine::control_unit] TICK:  906; REGS: eax:0x0000006d, ebx:0x00000001, ecx:0x00000002, edx:0x00000005, eip:0x0000005c, esp:0x00000fff; INSTR: OpHigher(Alter(AlterOpWord { opcode: Dec, arg: Base }))
  [DEBUG lab3_rust::machine::control_unit] TICK:  916; REGS: eax:0x0000006d, ebx:0x00000000, ecx:0x00000002, edx:0x00000005, eip:0x0000005e, esp:0x00000fff; INSTR: OpHigher(Branch(BranchOpHigher { opcode: Jz, arg_higher: 0 }))
  [DEBUG lab3_rust::machine::control_unit] TICK:  920; REGS: eax:0x0000006d, ebx:0x00000000, ecx:0x00000002, edx:0x00000005, eip:0x00000054, esp:0x00000fff; INSTR: OpHigher(Alter(AlterOpWord { opcode: Inc, arg: Data }))
  [DEBUG lab3_rust::machine::control_unit] TICK:  925; REGS: eax:0x0000006d, ebx:0x00000000, ecx:0x00000002, edx:0x00000006, eip:0x00000055, esp:0x00000fff; INSTR: OpHigher(Math(MathOpHigher { opcode: Mov, args: RegMemToReg(Accumulator, Data) }))
  [DEBUG lab3_rust::machine::control_unit] TICK:  937; REGS: eax:0x00003f65, ebx:0x00000000, ecx:0x00000002, edx:0x00000006, eip:0x00000057, esp:0x00000fff; INSTR: OpHigher(Math(MathOpHigher { opcode: Mov, args: RegImmed(Base, 0) }))
  [DEBUG lab3_rust::machine::control_unit] TICK:  942; REGS: eax:0x00003f65, ebx:0x00000004, ecx:0x00000002, edx:0x00000006, eip:0x00000058, esp:0x00000fff; INSTR: OpHigher(Io(IoOpWord { opcode: Out, arg: 1 }))
  [DEBUG lab3_rust::machine::control_unit] TICK:  947; REGS: eax:0x00003f65, ebx:0x00000004, ecx:0x00000002, edx:0x00000006, eip:0x00000059, esp:0x00000fff; INSTR: OpHigher(Alter(AlterOpWord { opcode: Dec, arg: Count }))
  [DEBUG lab3_rust::machine::control_unit] TICK:  957; REGS: eax:0x00003f65, ebx:0x00000004, ecx:0x00000001, edx:0x00000006, eip:0x0000005b, esp:0x00000fff; INSTR: OpHigher(Branch(BranchOpHigher { opcode: Jz, arg_higher: 0 }))
  [DEBUG lab3_rust::machine::control_unit] TICK:  962; REGS: eax:0x00003f65, ebx:0x00000004, ecx:0x00000001, edx:0x00000006, eip:0x0000005c, esp:0x00000fff; INSTR: OpHigher(Alter(AlterOpWord { opcode: Dec, arg: Base }))
  [DEBUG lab3_rust::machine::control_unit] TICK:  972; REGS: eax:0x00003f65, ebx:0x00000003, ecx:0x00000001, edx:0x00000006, eip:0x0000005e, esp:0x00000fff; INSTR: OpHigher(Branch(BranchOpHigher { opcode: Jz, arg_higher: 0 }))
  [DEBUG lab3_rust::machine::control_unit] TICK:  982; REGS: eax:0x00003f65, ebx:0x00000003, ecx:0x00000001, edx:0x00000006, eip:0x00000060, esp:0x00000fff; INSTR: OpHigher(Math(MathOpHigher { opcode: Shr, args: RegImmed(Accumulator, 0) }))
  [DEBUG lab3_rust::machine::control_unit] TICK:  992; REGS: eax:0x0000003f, ebx:0x00000003, ecx:0x00000001, edx:0x00000006, eip:0x00000062, esp:0x00000fff; INSTR: OpHigher(Branch(BranchOpHigher { opcode: Jmp, arg_higher: 0 }))
  [DEBUG lab3_rust::machine::control_unit] TICK:  996; REGS: eax:0x0000003f, ebx:0x00000003, ecx:0x00000001, edx:0x00000006, eip:0x00000058, esp:0x00000fff; INSTR: OpHigher(Io(IoOpWord { opcode: Out, arg: 1 }))
  [DEBUG lab3_rust::machine::control_unit] TICK: 1001; REGS: eax:0x0000003f, ebx:0x00000003, ecx:0x00000001, edx:0x00000006, eip:0x00000059, esp:0x00000fff; INSTR: OpHigher(Alter(AlterOpWord { opcode: Dec, arg: Count }))
  [DEBUG lab3_rust::machine::control_unit] TICK: 1011; REGS: eax:0x0000003f, ebx:0x00000003, ecx:0x00000000, edx:0x00000006, eip:0x0000005b, esp:0x00000fff; INSTR: OpHigher(Branch(BranchOpHigher { opcode: Jz, arg_higher: 0 }))
  [DEBUG lab3_rust::machine::control_unit] TICK: 1015; REGS: eax:0x0000003f, ebx:0x00000003, ecx:0x00000000, edx:0x00000006, eip:0x00000063, esp:0x00000fff; INSTR: OpHigher(Stack(StackOpHigher { opcode: Ret, args: None }))
  [DEBUG lab3_rust::machine::control_unit] TICK: 1026; REGS: eax:0x0000003f, ebx:0x00000003, ecx:0x00000000, edx:0x00000006, eip:0x00000015, esp:0x00001000; INSTR: OpHigher(Stack(StackOpHigher { opcode: Call, args: Immed(0) }))
  [DEBUG lab3_rust::machine::control_unit] TICK: 1038; REGS: eax:0x0000003f, ebx:0x00000003, ecx:0x00000000, edx:0x00000006, eip:0x0000004d, esp:0x00000fff; INSTR: OpHigher(Math(MathOpHigher { opcode: Mov, args: RegImmed(Accumulator, 0) }))
  [DEBUG lab3_rust::machine::control_unit] TICK: 1043; REGS: eax:0x0000000a, ebx:0x00000003, ecx:0x00000000, edx:0x00000006, eip:0x0000004e, esp:0x00000fff; INSTR: OpHigher(Io(IoOpWord { opcode: Out, arg: 1 }))
  [DEBUG lab3_rust::machine::control_unit] TICK: 1048; REGS: eax:0x0000000a, ebx:0x00000003, ecx:0x00000000, edx:0x00000006, eip:0x0000004f, esp:0x00000fff; INSTR: OpHigher(Stack(StackOpHigher { opcode: Ret, args: None }))
  [DEBUG lab3_rust::machine::control_unit] TICK: 1059; REGS: eax:0x0000000a, ebx:0x00000003, ecx:0x00000000, edx:0x00000006, eip:0x00000017, esp:0x00001000; INSTR: OpHigher(Math(MathOpHigher { opcode: Mov, args: RegImmed(Accumulator, 0) }))
  [DEBUG lab3_rust::machine::control_unit] TICK: 1069; REGS: eax:0x0000000c, ebx:0x00000003, ecx:0x00000000, edx:0x00000006, eip:0x00000019, esp:0x00001000; INSTR: OpHigher(Stack(StackOpHigher { opcode: Call, args: Immed(0) }))
  [DEBUG lab3_rust::machine::control_unit] TICK: 1076; REGS: eax:0x0000000c, ebx:0x00000003, ecx:0x00000000, edx:0x00000006, eip:0x00000027, esp:0x00000fff; INSTR: OpHigher(Stack(StackOpHigher { opcode: Push, args: Register(Accumulator) }))
  [DEBUG lab3_rust::machine::control_unit] TICK: 1084; REGS: eax:0x0000000c, ebx:0x00000003, ecx:0x00000000, edx:0x00000006, eip:0x00000028, esp:0x00000ffe; INSTR: OpHigher(Math(MathOpHigher { opcode: Mov, args: RegToReg(Data, Accumulator) }))
  [DEBUG lab3_rust::machine::control_unit] TICK: 1094; REGS: eax:0x0000000c, ebx:0x00000003, ecx:0x00000000, edx:0x0000000c, eip:0x0000002a, esp:0x00000ffe; INSTR: OpHigher(Math(MathOpHigher { opcode: Mov, args: RegImmed(Count, 0) }))
  [DEBUG lab3_rust::machine::control_unit] TICK: 1099; REGS: eax:0x0000000c, ebx:0x00000003, ecx:0x00000000, edx:0x0000000c, eip:0x0000002b, esp:0x00000ffe; INSTR: OpHigher(Alter(AlterOpWord { opcode: Inc, arg: Data }))
  [DEBUG lab3_rust::machine::control_unit] TICK: 1109; REGS: eax:0x0000000c, ebx:0x00000003, ecx:0x00000000, edx:0x0000000d, eip:0x0000002d, esp:0x00000ffe; INSTR: OpHigher(Math(MathOpHigher { opcode: Mov, args: RegImmed(Base, 0) }))
  [DEBUG lab3_rust::machine::control_unit] TICK: 1119; REGS: eax:0x0000000c, ebx:0x00000000, ecx:0x00000000, edx:0x0000000d, eip:0x0000002f, esp:0x00000ffe; INSTR: OpHigher(Math(MathOpHigher { opcode: Mov, args: RegImmed(Accumulator, 0) }))
  [DEBUG lab3_rust::machine::control_unit] TICK: 1124; REGS: eax:0x00000000, ebx:0x00000000, ecx:0x00000000, edx:0x0000000d, eip:0x00000030, esp:0x00000ffe; INSTR: OpHigher(Io(IoOpWord { opcode: In, arg: 0 }))
  [DEBUG lab3_rust::machine::control_unit] TICK: 1134; REGS: eax:0x0000004f, ebx:0x00000000, ecx:0x00000000, edx:0x0000000d, eip:0x00000032, esp:0x00000ffe; INSTR: OpHigher(Math(MathOpHigher { opcode: Cmp, args: RegImmed(Accumulator, 0) }))
  [DEBUG lab3_rust::machine::control_unit] TICK: 1144; REGS: eax:0x0000004f, ebx:0x00000000, ecx:0x00000000, edx:0x0000000d, eip:0x00000034, esp:0x00000ffe; INSTR: OpHigher(Branch(BranchOpHigher { opcode: Jz, arg_higher: 0 }))
  [DEBUG lab3_rust::machine::control_unit] TICK: 1149; REGS: eax:0x0000004f, ebx:0x00000000, ecx:0x00000000, edx:0x0000000d, eip:0x00000035, esp:0x00000ffe; INSTR: OpHigher(Alter(AlterOpWord { opcode: Inc, arg: Count }))
  [DEBUG lab3_rust::machine::control_unit] TICK: 1154; REGS: eax:0x0000004f, ebx:0x00000000, ecx:0x00000001, edx:0x0000000d, eip:0x00000036, esp:0x00000ffe; INSTR: OpHigher(Stack(StackOpHigher { opcode: Push, args: Register(Base) }))
  [DEBUG lab3_rust::machine::control_unit] TICK: 1167; REGS: eax:0x0000004f, ebx:0x00000000, ecx:0x00000001, edx:0x0000000d, eip:0x00000038, esp:0x00000ffd; INSTR: OpHigher(Math(MathOpHigher { opcode: Cmp, args: RegImmed(Base, 0) }))
  [DEBUG lab3_rust::machine::control_unit] TICK: 1177; REGS: eax:0x0000004f, ebx:0x00000000, ecx:0x00000001, edx:0x0000000d, eip:0x0000003a, esp:0x00000ffd; INSTR: OpHigher(Branch(BranchOpHigher { opcode: Jz, arg_higher: 0 }))
  [DEBUG lab3_rust::machine::control_unit] TICK: 1181; REGS: eax:0x0000004f, ebx:0x00000000, ecx:0x00000001, edx:0x0000000d, eip:0x00000040, esp:0x00000ffd; INSTR: OpHigher(Math(MathOpHigher { opcode: Add, args: RegToRegMem(Data, Accumulator) }))
  [DEBUG lab3_rust::machine::control_unit] TICK: 1189; REGS: eax:0x0000004f, ebx:0x00000000, ecx:0x00000001, edx:0x0000000d, eip:0x00000041, esp:0x00000ffd; INSTR: OpHigher(Stack(StackOpHigher { opcode: Pop, args: Register(Base) }))
  [DEBUG lab3_rust::machine::control_unit] TICK: 1195; REGS: eax:0x0000004f, ebx:0x00000000, ecx:0x00000001, edx:0x0000000d, eip:0x00000042, esp:0x00000ffe; INSTR: OpHigher(Alter(AlterOpWord { opcode: Inc, arg: Base }))
  [DEBUG lab3_rust::machine::control_unit] TICK: 1205; REGS: eax:0x0000004f, ebx:0x00000001, ecx:0x00000001, edx:0x0000000d, eip:0x00000044, esp:0x00000ffe; INSTR: OpHigher(Math(MathOpHigher { opcode: Cmp, args: RegImmed(Base, 0) }))
  [DEBUG lab3_rust::machine::control_unit] TICK: 1215; REGS: eax:0x0000004f, ebx:0x00000001, ecx:0x00000001, edx:0x0000000d, eip:0x00000046, esp:0x00000ffe; INSTR: OpHigher(Branch(BranchOpHigher { opcode: Jz, arg_higher: 0 }))
  [DEBUG lab3_rust::machine::control_unit] TICK: 1225; REGS: eax:0x0000004f, ebx:0x00000001, ecx:0x00000001, edx:0x0000000d, eip:0x00000048, esp:0x00000ffe; INSTR: OpHigher(Branch(BranchOpHigher { opcode: Jmp, arg_higher: 0 }))
  [DEBUG lab3_rust::machine::control_unit] TICK: 1234; REGS: eax:0x0000004f, ebx:0x00000001, ecx:0x00000001, edx:0x0000000d, eip:0x0000002f, esp:0x00000ffe; INSTR: OpHigher(Math(MathOpHigher { opcode: Mov, args: RegImmed(Accumulator, 0) }))
  [DEBUG lab3_rust::machine::control_unit] TICK: 1239; REGS: eax:0x00000000, ebx:0x00000001, ecx:0x00000001, edx:0x0000000d, eip:0x00000030, esp:0x00000ffe; INSTR: OpHigher(Io(IoOpWord { opcode: In, arg: 0 }))
  [DEBUG lab3_rust::machine::control_unit] TICK: 1249; REGS: eax:0x0000006c, ebx:0x00000001, ecx:0x00000001, edx:0x0000000d, eip:0x00000032, esp:0x00000ffe; INSTR: OpHigher(Math(MathOpHigher { opcode: Cmp, args: RegImmed(Accumulator, 0) }))
  [DEBUG lab3_rust::machine::control_unit] TICK: 1259; REGS: eax:0x0000006c, ebx:0x00000001, ecx:0x00000001, edx:0x0000000d, eip:0x00000034, esp:0x00000ffe; INSTR: OpHigher(Branch(BranchOpHigher { opcode: Jz, arg_higher: 0 }))
  [DEBUG lab3_rust::machine::control_unit] TICK: 1264; REGS: eax:0x0000006c, ebx:0x00000001, ecx:0x00000001, edx:0x0000000d, eip:0x00000035, esp:0x00000ffe; INSTR: OpHigher(Alter(AlterOpWord { opcode: Inc, arg: Count }))
  [DEBUG lab3_rust::machine::control_unit] TICK: 1269; REGS: eax:0x0000006c, ebx:0x00000001, ecx:0x00000002, edx:0x0000000d, eip:0x00000036, esp:0x00000ffe; INSTR: OpHigher(Stack(StackOpHigher { opcode: Push, args: Register(Base) }))
  [DEBUG lab3_rust::machine::control_unit] TICK: 1282; REGS: eax:0x0000006c, ebx:0x00000001, ecx:0x00000002, edx:0x0000000d, eip:0x00000038, esp:0x00000ffd; INSTR: OpHigher(Math(MathOpHigher { opcode: Cmp, args: RegImmed(Base, 0) }))
  [DEBUG lab3_rust::machine::control_unit] TICK: 1292; REGS: eax:0x0000006c, ebx:0x00000001, ecx:0x00000002, edx:0x0000000d, eip:0x0000003a, esp:0x00000ffd; INSTR: OpHigher(Branch(BranchOpHigher { opcode: Jz, arg_higher: 0 }))
  [DEBUG lab3_rust::machine::control_unit] TICK: 1302; REGS: eax:0x0000006c, ebx:0x00000001, ecx:0x00000002, edx:0x0000000d, eip:0x0000003c, esp:0x00000ffd; INSTR: OpHigher(Math(MathOpHigher { opcode: Shl, args: RegImmed(Accumulator, 0) }))
  [DEBUG lab3_rust::machine::control_unit] TICK: 1307; REGS: eax:0x00006c00, ebx:0x00000001, ecx:0x00000002, edx:0x0000000d, eip:0x0000003d, esp:0x00000ffd; INSTR: OpHigher(Alter(AlterOpWord { opcode: Dec, arg: Base }))
  [DEBUG lab3_rust::machine::control_unit] TICK: 1317; REGS: eax:0x00006c00, ebx:0x00000000, ecx:0x00000002, edx:0x0000000d, eip:0x0000003f, esp:0x00000ffd; INSTR: OpHigher(Branch(BranchOpHigher { opcode: Jmp, arg_higher: 0 }))
  [DEBUG lab3_rust::machine::control_unit] TICK: 1326; REGS: eax:0x00006c00, ebx:0x00000000, ecx:0x00000002, edx:0x0000000d, eip:0x00000038, esp:0x00000ffd; INSTR: OpHigher(Math(MathOpHigher { opcode: Cmp, args: RegImmed(Base, 0) }))
  [DEBUG lab3_rust::machine::control_unit] TICK: 1336; REGS: eax:0x00006c00, ebx:0x00000000, ecx:0x00000002, edx:0x0000000d, eip:0x0000003a, esp:0x00000ffd; INSTR: OpHigher(Branch(BranchOpHigher { opcode: Jz, arg_higher: 0 }))
  [DEBUG lab3_rust::machine::control_unit] TICK: 1340; REGS: eax:0x00006c00, ebx:0x00000000, ecx:0x00000002, edx:0x0000000d, eip:0x00000040, esp:0x00000ffd; INSTR: OpHigher(Math(MathOpHigher { opcode: Add, args: RegToRegMem(Data, Accumulator) }))
  [DEBUG lab3_rust::machine::control_unit] TICK: 1348; REGS: eax:0x00006c00, ebx:0x00000000, ecx:0x00000002, edx:0x0000000d, eip:0x00000041, esp:0x00000ffd; INSTR: OpHigher(Stack(StackOpHigher { opcode: Pop, args: Register(Base) }))
  [DEBUG lab3_rust::machine::control_unit] TICK: 1354; REGS: eax:0x00006c00, ebx:0x00000001, ecx:0x00000002, edx:0x0000000d, eip:0x00000042, esp:0x00000ffe; INSTR: OpHigher(Alter(AlterOpWord { opcode: Inc, arg: Base }))
  [DEBUG lab3_rust::machine::control_unit] TICK: 1364; REGS: eax:0x00006c00, ebx:0x00000002, ecx:0x00000002, edx:0x0000000d, eip:0x00000044, esp:0x00000ffe; INSTR: OpHigher(Math(MathOpHigher { opcode: Cmp, args: RegImmed(Base, 0) }))
  [DEBUG lab3_rust::machine::control_unit] TICK: 1374; REGS: eax:0x00006c00, ebx:0x00000002, ecx:0x00000002, edx:0x0000000d, eip:0x00000046, esp:0x00000ffe; INSTR: OpHigher(Branch(BranchOpHigher { opcode: Jz, arg_higher: 0 }))
  [DEBUG lab3_rust::machine::control_unit] TICK: 1384; REGS: eax:0x00006c00, ebx:0x00000002, ecx:0x00000002, edx:0x0000000d, eip:0x00000048, esp:0x00000ffe; INSTR: OpHigher(Branch(BranchOpHigher { opcode: Jmp, arg_higher: 0 }))
  [DEBUG lab3_rust::machine::control_unit] TICK: 1393; REGS: eax:0x00006c00, ebx:0x00000002, ecx:0x00000002, edx:0x0000000d, eip:0x0000002f, esp:0x00000ffe; INSTR: OpHigher(Math(MathOpHigher { opcode: Mov, args: RegImmed(Accumulator, 0) }))
  [DEBUG lab3_rust::machine::control_unit] TICK: 1398; REGS: eax:0x00000000, ebx:0x00000002, ecx:0x00000002, edx:0x0000000d, eip:0x00000030, esp:0x00000ffe; INSTR: OpHigher(Io(IoOpWord { opcode: In, arg: 0 }))
  [DEBUG lab3_rust::machine::control_unit] TICK: 1408; REGS: eax:0x00000065, ebx:0x00000002, ecx:0x00000002, edx:0x0000000d, eip:0x00000032, esp:0x00000ffe; INSTR: OpHigher(Math(MathOpHigher { opcode: Cmp, args: RegImmed(Accumulator, 0) }))
  [DEBUG lab3_rust::machine::control_unit] TICK: 1418; REGS: eax:0x00000065, ebx:0x00000002, ecx:0x00000002, edx:0x0000000d, eip:0x00000034, esp:0x00000ffe; INSTR: OpHigher(Branch(BranchOpHigher { opcode: Jz, arg_higher: 0 }))
  [DEBUG lab3_rust::machine::control_unit] TICK: 1423; REGS: eax:0x00000065, ebx:0x00000002, ecx:0x00000002, edx:0x0000000d, eip:0x00000035, esp:0x00000ffe; INSTR: OpHigher(Alter(AlterOpWord { opcode: Inc, arg: Count }))
  [DEBUG lab3_rust::machine::control_unit] TICK: 1428; REGS: eax:0x00000065, ebx:0x00000002, ecx:0x00000003, edx:0x0000000d, eip:0x00000036, esp:0x00000ffe; INSTR: OpHigher(Stack(StackOpHigher { opcode: Push, args: Register(Base) }))
  [DEBUG lab3_rust::machine::control_unit] TICK: 1441; REGS: eax:0x00000065, ebx:0x00000002, ecx:0x00000003, edx:0x0000000d, eip:0x00000038, esp:0x00000ffd; INSTR: OpHigher(Math(MathOpHigher { opcode: Cmp, args: RegImmed(Base, 0) }))
  [DEBUG lab3_rust::machine::control_unit] TICK: 1451; REGS: eax:0x00000065, ebx:0x00000002, ecx:0x00000003, edx:0x0000000d, eip:0x0000003a, esp:0x00000ffd; INSTR: OpHigher(Branch(BranchOpHigher { opcode: Jz, arg_higher: 0 }))
  [DEBUG lab3_rust::machine::control_unit] TICK: 1461; REGS: eax:0x00000065, ebx:0x00000002, ecx:0x00000003, edx:0x0000000d, eip:0x0000003c, esp:0x00000ffd; INSTR: OpHigher(Math(MathOpHigher { opcode: Shl, args: RegImmed(Accumulator, 0) }))
  [DEBUG lab3_rust::machine::control_unit] TICK: 1466; REGS: eax:0x00006500, ebx:0x00000002, ecx:0x00000003, edx:0x0000000d, eip:0x0000003d, esp:0x00000ffd; INSTR: OpHigher(Alter(AlterOpWord { opcode: Dec, arg: Base }))
  [DEBUG lab3_rust::machine::control_unit] TICK: 1476; REGS: eax:0x00006500, ebx:0x00000001, ecx:0x00000003, edx:0x0000000d, eip:0x0000003f, esp:0x00000ffd; INSTR: OpHigher(Branch(BranchOpHigher { opcode: Jmp, arg_higher: 0 }))
  [DEBUG lab3_rust::machine::control_unit] TICK: 1485; REGS: eax:0x00006500, ebx:0x00000001, ecx:0x00000003, edx:0x0000000d, eip:0x00000038, esp:0x00000ffd; INSTR: OpHigher(Math(MathOpHigher { opcode: Cmp, args: RegImmed(Base, 0) }))
  [DEBUG lab3_rust::machine::control_unit] TICK: 1495; REGS: eax:0x00006500, ebx:0x00000001, ecx:0x00000003, edx:0x0000000d, eip:0x0000003a, esp:0x00000ffd; INSTR: OpHigher(Branch(BranchOpHigher { opcode: Jz, arg_higher: 0 }))
  [DEBUG lab3_rust::machine::control_unit] TICK: 1505; REGS: eax:0x00006500, ebx:0x00000001, ecx:0x00000003, edx:0x0000000d, eip:0x0000003c, esp:0x00000ffd; INSTR: OpHigher(Math(MathOpHigher { opcode: Shl, args: RegImmed(Accumulator, 0) }))
  [DEBUG lab3_rust::machine::control_unit] TICK: 1510; REGS: eax:0x00650000, ebx:0x00000001, ecx:0x00000003, edx:0x0000000d, eip:0x0000003d, esp:0x00000ffd; INSTR: OpHigher(Alter(AlterOpWord { opcode: Dec, arg: Base }))
  [DEBUG lab3_rust::machine::control_unit] TICK: 1520; REGS: eax:0x00650000, ebx:0x00000000, ecx:0x00000003, edx:0x0000000d, eip:0x0000003f, esp:0x00000ffd; INSTR: OpHigher(Branch(BranchOpHigher { opcode: Jmp, arg_higher: 0 }))
  [DEBUG lab3_rust::machine::control_unit] TICK: 1529; REGS: eax:0x00650000, ebx:0x00000000, ecx:0x00000003, edx:0x0000000d, eip:0x00000038, esp:0x00000ffd; INSTR: OpHigher(Math(MathOpHigher { opcode: Cmp, args: RegImmed(Base, 0) }))
  [DEBUG lab3_rust::machine::control_unit] TICK: 1539; REGS: eax:0x00650000, ebx:0x00000000, ecx:0x00000003, edx:0x0000000d, eip:0x0000003a, esp:0x00000ffd; INSTR: OpHigher(Branch(BranchOpHigher { opcode: Jz, arg_higher: 0 }))
  [DEBUG lab3_rust::machine::control_unit] TICK: 1543; REGS: eax:0x00650000, ebx:0x00000000, ecx:0x00000003, edx:0x0000000d, eip:0x00000040, esp:0x00000ffd; INSTR: OpHigher(Math(MathOpHigher { opcode: Add, args: RegToRegMem(Data, Accumulator) }))
  [DEBUG lab3_rust::machine::control_unit] TICK: 1551; REGS: eax:0x00650000, ebx:0x00000000, ecx:0x00000003, edx:0x0000000d, eip:0x00000041, esp:0x00000ffd; INSTR: OpHigher(Stack(StackOpHigher { opcode: Pop, args: Register(Base) }))
  [DEBUG lab3_rust::machine::control_unit] TICK: 1557; REGS: eax:0x00650000, ebx:0x00000002, ecx:0x00000003, edx:0x0000000d, eip:0x00000042, esp:0x00000ffe; INSTR: OpHigher(Alter(AlterOpWord { opcode: Inc, arg: Base }))
  [DEBUG lab3_rust::machine::control_unit] TICK: 1567; REGS: eax:0x00650000, ebx:0x00000003, ecx:0x00000003, edx:0x0000000d, eip:0x00000044, esp:0x00000ffe; INSTR: OpHigher(Math(MathOpHigher { opcode: Cmp, args: RegImmed(Base, 0) }))
  [DEBUG lab3_rust::machine::control_unit] TICK: 1577; REGS: eax:0x00650000, ebx:0x00000003, ecx:0x00000003, edx:0x0000000d, eip:0x00000046, esp:0x00000ffe; INSTR: OpHigher(Branch(BranchOpHigher { opcode: Jz, arg_higher: 0 }))
  [DEBUG lab3_rust::machine::control_unit] TICK: 1587; REGS: eax:0x00650000, ebx:0x00000003, ecx:0x00000003, edx:0x0000000d, eip:0x00000048, esp:0x00000ffe; INSTR: OpHigher(Branch(BranchOpHigher { opcode: Jmp, arg_higher: 0 }))
  [DEBUG lab3_rust::machine::control_unit] TICK: 1596; REGS: eax:0x00650000, ebx:0x00000003, ecx:0x00000003, edx:0x0000000d, eip:0x0000002f, esp:0x00000ffe; INSTR: OpHigher(Math(MathOpHigher { opcode: Mov, args: RegImmed(Accumulator, 0) }))
  [DEBUG lab3_rust::machine::control_unit] TICK: 1601; REGS: eax:0x00000000, ebx:0x00000003, ecx:0x00000003, edx:0x0000000d, eip:0x00000030, esp:0x00000ffe; INSTR: OpHigher(Io(IoOpWord { opcode: In, arg: 0 }))
  [DEBUG lab3_rust::machine::control_unit] TICK: 1611; REGS: eax:0x00000067, ebx:0x00000003, ecx:0x00000003, edx:0x0000000d, eip:0x00000032, esp:0x00000ffe; INSTR: OpHigher(Math(MathOpHigher { opcode: Cmp, args: RegImmed(Accumulator, 0) }))
  [DEBUG lab3_rust::machine::control_unit] TICK: 1621; REGS: eax:0x00000067, ebx:0x00000003, ecx:0x00000003, edx:0x0000000d, eip:0x00000034, esp:0x00000ffe; INSTR: OpHigher(Branch(BranchOpHigher { opcode: Jz, arg_higher: 0 }))
  [DEBUG lab3_rust::machine::control_unit] TICK: 1626; REGS: eax:0x00000067, ebx:0x00000003, ecx:0x00000003, edx:0x0000000d, eip:0x00000035, esp:0x00000ffe; INSTR: OpHigher(Alter(AlterOpWord { opcode: Inc, arg: Count }))
  [DEBUG lab3_rust::machine::control_unit] TICK: 1631; REGS: eax:0x00000067, ebx:0x00000003, ecx:0x00000004, edx:0x0000000d, eip:0x00000036, esp:0x00000ffe; INSTR: OpHigher(Stack(StackOpHigher { opcode: Push, args: Register(Base) }))
  [DEBUG lab3_rust::machine::control_unit] TICK: 1644; REGS: eax:0x00000067, ebx:0x00000003, ecx:0x00000004, edx:0x0000000d, eip:0x00000038, esp:0x00000ffd; INSTR: OpHigher(Math(MathOpHigher { opcode: Cmp, args: RegImmed(Base, 0) }))
  [DEBUG lab3_rust::machine::control_unit] TICK: 1654; REGS: eax:0x00000067, ebx:0x00000003, ecx:0x00000004, edx:0x0000000d, eip:0x0000003a, esp:0x00000ffd; INSTR: OpHigher(Branch(BranchOpHigher { opcode: Jz, arg_higher: 0 }))
  [DEBUG lab3_rust::machine::control_unit] TICK: 1664; REGS: eax:0x00000067, ebx:0x00000003, ecx:0x00000004, edx:0x0000000d, eip:0x0000003c, esp:0x00000ffd; INSTR: OpHigher(Math(MathOpHigher { opcode: Shl, args: RegImmed(Accumulator, 0) }))
  [DEBUG lab3_rust::machine::control_unit] TICK: 1669; REGS: eax:0x00006700, ebx:0x00000003, ecx:0x00000004, edx:0x0000000d, eip:0x0000003d, esp:0x00000ffd; INSTR: OpHigher(Alter(AlterOpWord { opcode: Dec, arg: Base }))
  [DEBUG lab3_rust::machine::control_unit] TICK: 1679; REGS: eax:0x00006700, ebx:0x00000002, ecx:0x00000004, edx:0x0000000d, eip:0x0000003f, esp:0x00000ffd; INSTR: OpHigher(Branch(BranchOpHigher { opcode: Jmp, arg_higher: 0 }))
  [DEBUG lab3_rust::machine::control_unit] TICK: 1688; REGS: eax:0x00006700, ebx:0x00000002, ecx:0x00000004, edx:0x0000000d, eip:0x00000038, esp:0x00000ffd; INSTR: OpHigher(Math(MathOpHigher { opcode: Cmp, args: RegImmed(Base, 0) }))
  [DEBUG lab3_rust::machine::control_unit] TICK: 1698; REGS: eax:0x00006700, ebx:0x00000002, ecx:0x00000004, edx:0x0000000d, eip:0x0000003a, esp:0x00000ffd; INSTR: OpHigher(Branch(BranchOpHigher { opcode: Jz, arg_higher: 0 }))
  [DEBUG lab3_rust::machine::control_unit] TICK: 1708; REGS: eax:0x00006700, ebx:0x00000002, ecx:0x00000004, edx:0x0000000d, eip:0x0000003c, esp:0x00000ffd; INSTR: OpHigher(Math(MathOpHigher { opcode: Shl, args: RegImmed(Accumulator, 0) }))
  [DEBUG lab3_rust::machine::control_unit] TICK: 1713; REGS: eax:0x00670000, ebx:0x00000002, ecx:0x00000004, edx:0x0000000d, eip:0x0000003d, esp:0x00000ffd; INSTR: OpHigher(Alter(AlterOpWord { opcode: Dec, arg: Base }))
  [DEBUG lab3_rust::machine::control_unit] TICK: 1723; REGS: eax:0x00670000, ebx:0x00000001, ecx:0x00000004, edx:0x0000000d, eip:0x0000003f, esp:0x00000ffd; INSTR: OpHigher(Branch(BranchOpHigher { opcode: Jmp, arg_higher: 0 }))
  [DEBUG lab3_rust::machine::control_unit] TICK: 1732; REGS: eax:0x00670000, ebx:0x00000001, ecx:0x00000004, edx:0x0000000d, eip:0x00000038, esp:0x00000ffd; INSTR: OpHigher(Math(MathOpHigher { opcode: Cmp, args: RegImmed(Base, 0) }))
  [DEBUG lab3_rust::machine::control_unit] TICK: 1742; REGS: eax:0x00670000, ebx:0x00000001, ecx:0x00000004, edx:0x0000000d, eip:0x0000003a, esp:0x00000ffd; INSTR: OpHigher(Branch(BranchOpHigher { opcode: Jz, arg_higher: 0 }))
  [DEBUG lab3_rust::machine::control_unit] TICK: 1752; REGS: eax:0x00670000, ebx:0x00000001, ecx:0x00000004, edx:0x0000000d, eip:0x0000003c, esp:0x00000ffd; INSTR: OpHigher(Math(MathOpHigher { opcode: Shl, args: RegImmed(Accumulator, 0) }))
  [DEBUG lab3_rust::machine::control_unit] TICK: 1757; REGS: eax:0x67000000, ebx:0x00000001, ecx:0x00000004, edx:0x0000000d, eip:0x0000003d, esp:0x00000ffd; INSTR: OpHigher(Alter(AlterOpWord { opcode: Dec, arg: Base }))
  [DEBUG lab3_rust::machine::control_unit] TICK: 1767; REGS: eax:0x67000000, ebx:0x00000000, ecx:0x00000004, edx:0x0000000d, eip:0x0000003f, esp:0x00000ffd; INSTR: OpHigher(Branch(BranchOpHigher { opcode: Jmp, arg_higher: 0 }))
  [DEBUG lab3_rust::machine::control_unit] TICK: 1776; REGS: eax:0x67000000, ebx:0x00000000, ecx:0x00000004, edx:0x0000000d, eip:0x00000038, esp:0x00000ffd; INSTR: OpHigher(Math(MathOpHigher { opcode: Cmp, args: RegImmed(Base, 0) }))
  [DEBUG lab3_rust::machine::control_unit] TICK: 1786; REGS: eax:0x67000000, ebx:0x00000000, ecx:0x00000004, edx:0x0000000d, eip:0x0000003a, esp:0x00000ffd; INSTR: OpHigher(Branch(BranchOpHigher { opcode: Jz, arg_higher: 0 }))
  [DEBUG lab3_rust::machine::control_unit] TICK: 1790; REGS: eax:0x67000000, ebx:0x00000000, ecx:0x00000004, edx:0x0000000d, eip:0x00000040, esp:0x00000ffd; INSTR: OpHigher(Math(MathOpHigher { opcode: Add, args: RegToRegMem(Data, Accumulator) }))
  [DEBUG lab3_rust::machine::control_unit] TICK: 1798; REGS: eax:0x67000000, ebx:0x00000000, ecx:0x00000004, edx:0x0000000d, eip:0x00000041, esp:0x00000ffd; INSTR: OpHigher(Stack(StackOpHigher { opcode: Pop, args: Register(Base) }))
  [DEBUG lab3_rust::machine::control_unit] TICK: 1804; REGS: eax:0x67000000, ebx:0x00000003, ecx:0x00000004, edx:0x0000000d, eip:0x00000042, esp:0x00000ffe; INSTR: OpHigher(Alter(AlterOpWord { opcode: Inc, arg: Base }))
  [DEBUG lab3_rust::machine::control_unit] TICK: 1814; REGS: eax:0x67000000, ebx:0x00000004, ecx:0x00000004, edx:0x0000000d, eip:0x00000044, esp:0x00000ffe; INSTR: OpHigher(Math(MathOpHigher { opcode: Cmp, args: RegImmed(Base, 0) }))
  [DEBUG lab3_rust::machine::control_unit] TICK: 1824; REGS: eax:0x67000000, ebx:0x00000004, ecx:0x00000004, edx:0x0000000d, eip:0x00000046, esp:0x00000ffe; INSTR: OpHigher(Branch(BranchOpHigher { opcode: Jz, arg_higher: 0 }))
  [DEBUG lab3_rust::machine::control_unit] TICK: 1828; REGS: eax:0x67000000, ebx:0x00000004, ecx:0x00000004, edx:0x0000000d, eip:0x0000002b, esp:0x00000ffe; INSTR: OpHigher(Alter(AlterOpWord { opcode: Inc, arg: Data }))
  [DEBUG lab3_rust::machine::control_unit] TICK: 1838; REGS: eax:0x67000000, ebx:0x00000004, ecx:0x00000004, edx:0x0000000e, eip:0x0000002d, esp:0x00000ffe; INSTR: OpHigher(Math(MathOpHigher { opcode: Mov, args: RegImmed(Base, 0) }))
  [DEBUG lab3_rust::machine::control_unit] TICK: 1848; REGS: eax:0x67000000, ebx:0x00000000, ecx:0x00000004, edx:0x0000000e, eip:0x0000002f, esp:0x00000ffe; INSTR: OpHigher(Math(MathOpHigher { opcode: Mov, args: RegImmed(Accumulator, 0) }))
  [DEBUG lab3_rust::machine::control_unit] TICK: 1853; REGS: eax:0x00000000, ebx:0x00000000, ecx:0x00000004, edx:0x0000000e, eip:0x00000030, esp:0x00000ffe; INSTR: OpHigher(Io(IoOpWord { opcode: In, arg: 0 }))
  [DEBUG lab3_rust::machine::control_unit] TICK: 1863; REGS: eax:0x00000000, ebx:0x00000000, ecx:0x00000004, edx:0x0000000e, eip:0x00000032, esp:0x00000ffe; INSTR: OpHigher(Math(MathOpHigher { opcode: Cmp, args: RegImmed(Accumulator, 0) }))
  [DEBUG lab3_rust::machine::control_unit] TICK: 1873; REGS: eax:0x00000000, ebx:0x00000000, ecx:0x00000004, edx:0x0000000e, eip:0x00000034, esp:0x00000ffe; INSTR: OpHigher(Branch(BranchOpHigher { opcode: Jz, arg_higher: 0 }))
  [DEBUG lab3_rust::machine::control_unit] TICK: 1877; REGS: eax:0x00000000, ebx:0x00000000, ecx:0x00000004, edx:0x0000000e, eip:0x00000049, esp:0x00000ffe; INSTR: OpHigher(Stack(StackOpHigher { opcode: Pop, args: Register(Accumulator) }))
  [DEBUG lab3_rust::machine::control_unit] TICK: 1883; REGS: eax:0x0000000c, ebx:0x00000000, ecx:0x00000004, edx:0x0000000e, eip:0x0000004a, esp:0x00000fff; INSTR: OpHigher(Math(MathOpHigher { opcode: Mov, args: RegToRegMem(Accumulator, Count) }))
  [DEBUG lab3_rust::machine::control_unit] TICK: 1891; REGS: eax:0x0000000c, ebx:0x00000000, ecx:0x00000004, edx:0x0000000e, eip:0x0000004b, esp:0x00000fff; INSTR: OpHigher(Stack(StackOpHigher { opcode: Ret, args: None }))
  [DEBUG lab3_rust::machine::control_unit] TICK: 1902; REGS: eax:0x0000000c, ebx:0x00000000, ecx:0x00000004, edx:0x0000000e, eip:0x0000001b, esp:0x00001000; INSTR: OpHigher(Math(MathOpHigher { opcode: Mov, args: RegImmed(Accumulator, 0) }))
  [DEBUG lab3_rust::machine::control_unit] TICK: 1912; REGS: eax:0x00000007, ebx:0x00000000, ecx:0x00000004, edx:0x0000000e, eip:0x0000001d, esp:0x00001000; INSTR: OpHigher(Stack(StackOpHigher { opcode: Call, args: Immed(0) }))
  [DEBUG lab3_rust::machine::control_unit] TICK: 1919; REGS: eax:0x00000007, ebx:0x00000000, ecx:0x00000004, edx:0x0000000e, eip:0x00000050, esp:0x00000fff; INSTR: OpHigher(Math(MathOpHigher { opcode: Mov, args: RegToReg(Data, Accumulator) }))
  [DEBUG lab3_rust::machine::control_unit] TICK: 1924; REGS: eax:0x00000007, ebx:0x00000000, ecx:0x00000004, edx:0x00000007, eip:0x00000051, esp:0x00000fff; INSTR: OpHigher(Math(MathOpHigher { opcode: Mov, args: RegMemToReg(Count, Accumulator) }))
  [DEBUG lab3_rust::machine::control_unit] TICK: 1936; REGS: eax:0x00000007, ebx:0x00000000, ecx:0x00000007, edx:0x00000007, eip:0x00000053, esp:0x00000fff; INSTR: OpHigher(Branch(BranchOpHigher { opcode: Jz, arg_higher: 0 }))
  [DEBUG lab3_rust::machine::control_unit] TICK: 1941; REGS: eax:0x00000007, ebx:0x00000000, ecx:0x00000007, edx:0x00000007, eip:0x00000054, esp:0x00000fff; INSTR: OpHigher(Alter(AlterOpWord { opcode: Inc, arg: Data }))
  [DEBUG lab3_rust::machine::control_unit] TICK: 1946; REGS: eax:0x00000007, ebx:0x00000000, ecx:0x00000007, edx:0x00000008, eip:0x00000055, esp:0x00000fff; INSTR: OpHigher(Math(MathOpHigher { opcode: Mov, args: RegMemToReg(Accumulator, Data) }))
  [DEBUG lab3_rust::machine::control_unit] TICK: 1958; REGS: eax:0x6c6c6548, ebx:0x00000000, ecx:0x00000007, edx:0x00000008, eip:0x00000057, esp:0x00000fff; INSTR: OpHigher(Math(MathOpHigher { opcode: Mov, args: RegImmed(Base, 0) }))
  [DEBUG lab3_rust::machine::control_unit] TICK: 1963; REGS: eax:0x6c6c6548, ebx:0x00000004, ecx:0x00000007, edx:0x00000008, eip:0x00000058, esp:0x00000fff; INSTR: OpHigher(Io(IoOpWord { opcode: Out, arg: 1 }))
  [DEBUG lab3_rust::machine::control_unit] TICK: 1968; REGS: eax:0x6c6c6548, ebx:0x00000004, ecx:0x00000007, edx:0x00000008, eip:0x00000059, esp:0x00000fff; INSTR: OpHigher(Alter(AlterOpWord { opcode: Dec, arg: Count }))
  [DEBUG lab3_rust::machine::control_unit] TICK: 1978; REGS: eax:0x6c6c6548, ebx:0x00000004, ecx:0x00000006, edx:0x00000008, eip:0x0000005b, esp:0x00000fff; INSTR: OpHigher(Branch(BranchOpHigher { opcode: Jz, arg_higher: 0 }))
  [DEBUG lab3_rust::machine::control_unit] TICK: 1983; REGS: eax:0x6c6c6548, ebx:0x00000004, ecx:0x00000006, edx:0x00000008, eip:0x0000005c, esp:0x00000fff; INSTR: OpHigher(Alter(AlterOpWord { opcode: Dec, arg: Base }))
  [DEBUG lab3_rust::machine::control_unit] TICK: 1993; REGS: eax:0x6c6c6548, ebx:0x00000003, ecx:0x00000006, edx:0x00000008, eip:0x0000005e, esp:0x00000fff; INSTR: OpHigher(Branch(BranchOpHigher { opcode: Jz, arg_higher: 0 }))
  [DEBUG lab3_rust::machine::control_unit] TICK: 2003; REGS: eax:0x6c6c6548, ebx:0x00000003, ecx:0x00000006, edx:0x00000008, eip:0x00000060, esp:0x00000fff; INSTR: OpHigher(Math(MathOpHigher { opcode: Shr, args: RegImmed(Accumulator, 0) }))
  [DEBUG lab3_rust::machine::control_unit] TICK: 2013; REGS: eax:0x006c6c65, ebx:0x00000003, ecx:0x00000006, edx:0x00000008, eip:0x00000062, esp:0x00000fff; INSTR: OpHigher(Branch(BranchOpHigher { opcode: Jmp, arg_higher: 0 }))
  [DEBUG lab3_rust::machine::control_unit] TICK: 2017; REGS: eax:0x006c6c65, ebx:0x00000003, ecx:0x00000006, edx:0x00000008, eip:0x00000058, esp:0x00000fff; INSTR: OpHigher(Io(IoOpWord { opcode: Out, arg: 1 }))
  [DEBUG lab3_rust::machine::control_unit] TICK: 2022; REGS: eax:0x006c6c65, ebx:0x00000003, ecx:0x00000006, edx:0x00000008, eip:0x00000059, esp:0x00000fff; INSTR: OpHigher(Alter(AlterOpWord { opcode: Dec, arg: Count }))
  [DEBUG lab3_rust::machine::control_unit] TICK: 2032; REGS: eax:0x006c6c65, ebx:0x00000003, ecx:0x00000005, edx:0x00000008, eip:0x0000005b, esp:0x00000fff; INSTR: OpHigher(Branch(BranchOpHigher { opcode: Jz, arg_higher: 0 }))
  [DEBUG lab3_rust::machine::control_unit] TICK: 2037; REGS: eax:0x006c6c65, ebx:0x00000003, ecx:0x00000005, edx:0x00000008, eip:0x0000005c, esp:0x00000fff; INSTR: OpHigher(Alter(AlterOpWord { opcode: Dec, arg: Base }))
  [DEBUG lab3_rust::machine::control_unit] TICK: 2047; REGS: eax:0x006c6c65, ebx:0x00000002, ecx:0x00000005, edx:0x00000008, eip:0x0000005e, esp:0x00000fff; INSTR: OpHigher(Branch(BranchOpHigher { opcode: Jz, arg_higher: 0 }))
  [DEBUG lab3_rust::machine::control_unit] TICK: 2057; REGS: eax:0x006c6c65, ebx:0x00000002, ecx:0x00000005, edx:0x00000008, eip:0x00000060, esp:0x00000fff; INSTR: OpHigher(Math(MathOpHigher { opcode: Shr, args: RegImmed(Accumulator, 0) }))
  [DEBUG lab3_rust::machine::control_unit] TICK: 2067; REGS: eax:0x00006c6c, ebx:0x00000002, ecx:0x00000005, edx:0x00000008, eip:0x00000062, esp:0x00000fff; INSTR: OpHigher(Branch(BranchOpHigher { opcode: Jmp, arg_higher: 0 }))
  [DEBUG lab3_rust::machine::control_unit] TICK: 2071; REGS: eax:0x00006c6c, ebx:0x00000002, ecx:0x00000005, edx:0x00000008, eip:0x00000058, esp:0x00000fff; INSTR: OpHigher(Io(IoOpWord { opcode: Out, arg: 1 }))
  [DEBUG lab3_rust::machine::control_unit] TICK: 2076; REGS: eax:0x00006c6c, ebx:0x00000002, ecx:0x00000005, edx:0x00000008, eip:0x00000059, esp:0x00000fff; INSTR: OpHigher(Alter(AlterOpWord { opcode: Dec, arg: Count }))
  [DEBUG lab3_rust::machine::control_unit] TICK: 2086; REGS: eax:0x00006c6c, ebx:0x00000002, ecx:0x00000004, edx:0x00000008, eip:0x0000005b, esp:0x00000fff; INSTR: OpHigher(Branch(BranchOpHigher { opcode: Jz, arg_higher: 0 }))
  [DEBUG lab3_rust::machine::control_unit] TICK: 2091; REGS: eax:0x00006c6c, ebx:0x00000002, ecx:0x00000004, edx:0x00000008, eip:0x0000005c, esp:0x00000fff; INSTR: OpHigher(Alter(AlterOpWord { opcode: Dec, arg: Base }))
  [DEBUG lab3_rust::machine::control_unit] TICK: 2101; REGS: eax:0x00006c6c, ebx:0x00000001, ecx:0x00000004, edx:0x00000008, eip:0x0000005e, esp:0x00000fff; INSTR: OpHigher(Branch(BranchOpHigher { opcode: Jz, arg_higher: 0 }))
  [DEBUG lab3_rust::machine::control_unit] TICK: 2111; REGS: eax:0x00006c6c, ebx:0x00000001, ecx:0x00000004, edx:0x00000008, eip:0x00000060, esp:0x00000fff; INSTR: OpHigher(Math(MathOpHigher { opcode: Shr, args: RegImmed(Accumulator, 0) }))
  [DEBUG lab3_rust::machine::control_unit] TICK: 2121; REGS: eax:0x0000006c, ebx:0x00000001, ecx:0x00000004, edx:0x00000008, eip:0x00000062, esp:0x00000fff; INSTR: OpHigher(Branch(BranchOpHigher { opcode: Jmp, arg_higher: 0 }))
  [DEBUG lab3_rust::machine::control_unit] TICK: 2125; REGS: eax:0x0000006c, ebx:0x00000001, ecx:0x00000004, edx:0x00000008, eip:0x00000058, esp:0x00000fff; INSTR: OpHigher(Io(IoOpWord { opcode: Out, arg: 1 }))
  [DEBUG lab3_rust::machine::control_unit] TICK: 2130; REGS: eax:0x0000006c, ebx:0x00000001, ecx:0x00000004, edx:0x00000008, eip:0x00000059, esp:0x00000fff; INSTR: OpHigher(Alter(AlterOpWord { opcode: Dec, arg: Count }))
  [DEBUG lab3_rust::machine::control_unit] TICK: 2140; REGS: eax:0x0000006c, ebx:0x00000001, ecx:0x00000003, edx:0x00000008, eip:0x0000005b, esp:0x00000fff; INSTR: OpHigher(Branch(BranchOpHigher { opcode: Jz, arg_higher: 0 }))
  [DEBUG lab3_rust::machine::control_unit] TICK: 2145; REGS: eax:0x0000006c, ebx:0x00000001, ecx:0x00000003, edx:0x00000008, eip:0x0000005c, esp:0x00000fff; INSTR: OpHigher(Alter(AlterOpWord { opcode: Dec, arg: Base }))
  [DEBUG lab3_rust::machine::control_unit] TICK: 2155; REGS: eax:0x0000006c, ebx:0x00000000, ecx:0x00000003, edx:0x00000008, eip:0x0000005e, esp:0x00000fff; INSTR: OpHigher(Branch(BranchOpHigher { opcode: Jz, arg_higher: 0 }))
  [DEBUG lab3_rust::machine::control_unit] TICK: 2159; REGS: eax:0x0000006c, ebx:0x00000000, ecx:0x00000003, edx:0x00000008, eip:0x00000054, esp:0x00000fff; INSTR: OpHigher(Alter(AlterOpWord { opcode: Inc, arg: Data }))
  [DEBUG lab3_rust::machine::control_unit] TICK: 2164; REGS: eax:0x0000006c, ebx:0x00000000, ecx:0x00000003, edx:0x00000009, eip:0x00000055, esp:0x00000fff; INSTR: OpHigher(Math(MathOpHigher { opcode: Mov, args: RegMemToReg(Accumulator, Data) }))
  [DEBUG lab3_rust::machine::control_unit] TICK: 2176; REGS: eax:0x005f2c6f, ebx:0x00000000, ecx:0x00000003, edx:0x00000009, eip:0x00000057, esp:0x00000fff; INSTR: OpHigher(Math(MathOpHigher { opcode: Mov, args: RegImmed(Base, 0) }))
  [DEBUG lab3_rust::machine::control_unit] TICK: 2181; REGS: eax:0x005f2c6f, ebx:0x00000004, ecx:0x00000003, edx:0x00000009, eip:0x00000058, esp:0x00000fff; INSTR: OpHigher(Io(IoOpWord { opcode: Out, arg: 1 }))
  [DEBUG lab3_rust::machine::control_unit] TICK: 2186; REGS: eax:0x005f2c6f, ebx:0x00000004, ecx:0x00000003, edx:0x00000009, eip:0x00000059, esp:0x00000fff; INSTR: OpHigher(Alter(AlterOpWord { opcode: Dec, arg: Count }))
  [DEBUG lab3_rust::machine::control_unit] TICK: 2196; REGS: eax:0x005f2c6f, ebx:0x00000004, ecx:0x00000002, edx:0x00000009, eip:0x0000005b, esp:0x00000fff; INSTR: OpHigher(Branch(BranchOpHigher { opcode: Jz, arg_higher: 0 }))
  [DEBUG lab3_rust::machine::control_unit] TICK: 2201; REGS: eax:0x005f2c6f, ebx:0x00000004, ecx:0x00000002, edx:0x00000009, eip:0x0000005c, esp:0x00000fff; INSTR: OpHigher(Alter(AlterOpWord { opcode: Dec, arg: Base }))
  [DEBUG lab3_rust::machine::control_unit] TICK: 2211; REGS: eax:0x005f2c6f, ebx:0x00000003, ecx:0x00000002, edx:0x00000009, eip:0x0000005e, esp:0x00000fff; INSTR: OpHigher(Branch(BranchOpHigher { opcode: Jz, arg_higher: 0 }))
  [DEBUG lab3_rust::machine::control_unit] TICK: 2221; REGS: eax:0x005f2c6f, ebx:0x00000003, ecx:0x00000002, edx:0x00000009, eip:0x00000060, esp:0x00000fff; INSTR: OpHigher(Math(MathOpHigher { opcode: Shr, args: RegImmed(Accumulator, 0) }))
  [DEBUG lab3_rust::machine::control_unit] TICK: 2231; REGS: eax:0x00005f2c, ebx:0x00000003, ecx:0x00000002, edx:0x00000009, eip:0x00000062, esp:0x00000fff; INSTR: OpHigher(Branch(BranchOpHigher { opcode: Jmp, arg_higher: 0 }))
  [DEBUG lab3_rust::machine::control_unit] TICK: 2235; REGS: eax:0x00005f2c, ebx:0x00000003, ecx:0x00000002, edx:0x00000009, eip:0x00000058, esp:0x00000fff; INSTR: OpHigher(Io(IoOpWord { opcode: Out, arg: 1 }))
  [DEBUG lab3_rust::machine::control_unit] TICK: 2240; REGS: eax:0x00005f2c, ebx:0x00000003, ecx:0x00000002, edx:0x00000009, eip:0x00000059, esp:0x00000fff; INSTR: OpHigher(Alter(AlterOpWord { opcode: Dec, arg: Count }))
  [DEBUG lab3_rust::machine::control_unit] TICK: 2250; REGS: eax:0x00005f2c, ebx:0x00000003, ecx:0x00000001, edx:0x00000009, eip:0x0000005b, esp:0x00000fff; INSTR: OpHigher(Branch(BranchOpHigher { opcode: Jz, arg_higher: 0 }))
  [DEBUG lab3_rust::machine::control_unit] TICK: 2255; REGS: eax:0x00005f2c, ebx:0x00000003, ecx:0x00000001, edx:0x00000009, eip:0x0000005c, esp:0x00000fff; INSTR: OpHigher(Alter(AlterOpWord { opcode: Dec, arg: Base }))
  [DEBUG lab3_rust::machine::control_unit] TICK: 2265; REGS: eax:0x00005f2c, ebx:0x00000002, ecx:0x00000001, edx:0x00000009, eip:0x0000005e, esp:0x00000fff; INSTR: OpHigher(Branch(BranchOpHigher { opcode: Jz, arg_higher: 0 }))
  [DEBUG lab3_rust::machine::control_unit] TICK: 2275; REGS: eax:0x00005f2c, ebx:0x00000002, ecx:0x00000001, edx:0x00000009, eip:0x00000060, esp:0x00000fff; INSTR: OpHigher(Math(MathOpHigher { opcode: Shr, args: RegImmed(Accumulator, 0) }))
  [DEBUG lab3_rust::machine::control_unit] TICK: 2285; REGS: eax:0x0000005f, ebx:0x00000002, ecx:0x00000001, edx:0x00000009, eip:0x00000062, esp:0x00000fff; INSTR: OpHigher(Branch(BranchOpHigher { opcode: Jmp, arg_higher: 0 }))
  [DEBUG lab3_rust::machine::control_unit] TICK: 2289; REGS: eax:0x0000005f, ebx:0x00000002, ecx:0x00000001, edx:0x00000009, eip:0x00000058, esp:0x00000fff; INSTR: OpHigher(Io(IoOpWord { opcode: Out, arg: 1 }))
  [DEBUG lab3_rust::machine::control_unit] TICK: 2294; REGS: eax:0x0000005f, ebx:0x00000002, ecx:0x00000001, edx:0x00000009, eip:0x00000059, esp:0x00000fff; INSTR: OpHigher(Alter(AlterOpWord { opcode: Dec, arg: Count }))
  [DEBUG lab3_rust::machine::control_unit] TICK: 2304; REGS: eax:0x0000005f, ebx:0x00000002, ecx:0x00000000, edx:0x00000009, eip:0x0000005b, esp:0x00000fff; INSTR: OpHigher(Branch(BranchOpHigher { opcode: Jz, arg_higher: 0 }))
  [DEBUG lab3_rust::machine::control_unit] TICK: 2308; REGS: eax:0x0000005f, ebx:0x00000002, ecx:0x00000000, edx:0x00000009, eip:0x00000063, esp:0x00000fff; INSTR: OpHigher(Stack(StackOpHigher { opcode: Ret, args: None }))
  [DEBUG lab3_rust::machine::control_unit] TICK: 2319; REGS: eax:0x0000005f, ebx:0x00000002, ecx:0x00000000, edx:0x00000009, eip:0x0000001f, esp:0x00001000; INSTR: OpHigher(Math(MathOpHigher { opcode: Mov, args: RegImmed(Accumulator, 0) }))
  [DEBUG lab3_rust::machine::control_unit] TICK: 2329; REGS: eax:0x0000000c, ebx:0x00000002, ecx:0x00000000, edx:0x00000009, eip:0x00000021, esp:0x00001000; INSTR: OpHigher(Stack(StackOpHigher { opcode: Call, args: Immed(0) }))
  [DEBUG lab3_rust::machine::control_unit] TICK: 2336; REGS: eax:0x0000000c, ebx:0x00000002, ecx:0x00000000, edx:0x00000009, eip:0x00000050, esp:0x00000fff; INSTR: OpHigher(Math(MathOpHigher { opcode: Mov, args: RegToReg(Data, Accumulator) }))
  [DEBUG lab3_rust::machine::control_unit] TICK: 2341; REGS: eax:0x0000000c, ebx:0x00000002, ecx:0x00000000, edx:0x0000000c, eip:0x00000051, esp:0x00000fff; INSTR: OpHigher(Math(MathOpHigher { opcode: Mov, args: RegMemToReg(Count, Accumulator) }))
  [DEBUG lab3_rust::machine::control_unit] TICK: 2353; REGS: eax:0x0000000c, ebx:0x00000002, ecx:0x00000004, edx:0x0000000c, eip:0x00000053, esp:0x00000fff; INSTR: OpHigher(Branch(BranchOpHigher { opcode: Jz, arg_higher: 0 }))
  [DEBUG lab3_rust::machine::control_unit] TICK: 2358; REGS: eax:0x0000000c, ebx:0x00000002, ecx:0x00000004, edx:0x0000000c, eip:0x00000054, esp:0x00000fff; INSTR: OpHigher(Alter(AlterOpWord { opcode: Inc, arg: Data }))
  [DEBUG lab3_rust::machine::control_unit] TICK: 2363; REGS: eax:0x0000000c, ebx:0x00000002, ecx:0x00000004, edx:0x0000000d, eip:0x00000055, esp:0x00000fff; INSTR: OpHigher(Math(MathOpHigher { opcode: Mov, args: RegMemToReg(Accumulator, Data) }))
  [DEBUG lab3_rust::machine::control_unit] TICK: 2375; REGS: eax:0x67656c4f, ebx:0x00000002, ecx:0x00000004, edx:0x0000000d, eip:0x00000057, esp:0x00000fff; INSTR: OpHigher(Math(MathOpHigher { opcode: Mov, args: RegImmed(Base, 0) }))
  [DEBUG lab3_rust::machine::control_unit] TICK: 2380; REGS: eax:0x67656c4f, ebx:0x00000004, ecx:0x00000004, edx:0x0000000d, eip:0x00000058, esp:0x00000fff; INSTR: OpHigher(Io(IoOpWord { opcode: Out, arg: 1 }))
  [DEBUG lab3_rust::machine::control_unit] TICK: 2385; REGS: eax:0x67656c4f, ebx:0x00000004, ecx:0x00000004, edx:0x0000000d, eip:0x00000059, esp:0x00000fff; INSTR: OpHigher(Alter(AlterOpWord { opcode: Dec, arg: Count }))
  [DEBUG lab3_rust::machine::control_unit] TICK: 2395; REGS: eax:0x67656c4f, ebx:0x00000004, ecx:0x00000003, edx:0x0000000d, eip:0x0000005b, esp:0x00000fff; INSTR: OpHigher(Branch(BranchOpHigher { opcode: Jz, arg_higher: 0 }))
  [DEBUG lab3_rust::machine::control_unit] TICK: 2400; REGS: eax:0x67656c4f, ebx:0x00000004, ecx:0x00000003, edx:0x0000000d, eip:0x0000005c, esp:0x00000fff; INSTR: OpHigher(Alter(AlterOpWord { opcode: Dec, arg: Base }))
  [DEBUG lab3_rust::machine::control_unit] TICK: 2410; REGS: eax:0x67656c4f, ebx:0x00000003, ecx:0x00000003, edx:0x0000000d, eip:0x0000005e, esp:0x00000fff; INSTR: OpHigher(Branch(BranchOpHigher { opcode: Jz, arg_higher: 0 }))
  [DEBUG lab3_rust::machine::control_unit] TICK: 2420; REGS: eax:0x67656c4f, ebx:0x00000003, ecx:0x00000003, edx:0x0000000d, eip:0x00000060, esp:0x00000fff; INSTR: OpHigher(Math(MathOpHigher { opcode: Shr, args: RegImmed(Accumulator, 0) }))
  [DEBUG lab3_rust::machine::control_unit] TICK: 2430; REGS: eax:0x0067656c, ebx:0x00000003, ecx:0x00000003, edx:0x0000000d, eip:0x00000062, esp:0x00000fff; INSTR: OpHigher(Branch(BranchOpHigher { opcode: Jmp, arg_higher: 0 }))
  [DEBUG lab3_rust::machine::control_unit] TICK: 2434; REGS: eax:0x0067656c, ebx:0x00000003, ecx:0x00000003, edx:0x0000000d, eip:0x00000058, esp:0x00000fff; INSTR: OpHigher(Io(IoOpWord { opcode: Out, arg: 1 }))
  [DEBUG lab3_rust::machine::control_unit] TICK: 2439; REGS: eax:0x0067656c, ebx:0x00000003, ecx:0x00000003, edx:0x0000000d, eip:0x00000059, esp:0x00000fff; INSTR: OpHigher(Alter(AlterOpWord { opcode: Dec, arg: Count }))
  [DEBUG lab3_rust::machine::control_unit] TICK: 2449; REGS: eax:0x0067656c, ebx:0x00000003, ecx:0x00000002, edx:0x0000000d, eip:0x0000005b, esp:0x00000fff; INSTR: OpHigher(Branch(BranchOpHigher { opcode: Jz, arg_higher: 0 }))
  [DEBUG lab3_rust::machine::control_unit] TICK: 2454; REGS: eax:0x0067656c, ebx:0x00000003, ecx:0x00000002, edx:0x0000000d, eip:0x0000005c, esp:0x00000fff; INSTR: OpHigher(Alter(AlterOpWord { opcode: Dec, arg: Base }))
  [DEBUG lab3_rust::machine::control_unit] TICK: 2464; REGS: eax:0x0067656c, ebx:0x00000002, ecx:0x00000002, edx:0x0000000d, eip:0x0000005e, esp:0x00000fff; INSTR: OpHigher(Branch(BranchOpHigher { opcode: Jz, arg_higher: 0 }))
  [DEBUG lab3_rust::machine::control_unit] TICK: 2474; REGS: eax:0x0067656c, ebx:0x00000002, ecx:0x00000002, edx:0x0000000d, eip:0x00000060, esp:0x00000fff; INSTR: OpHigher(Math(MathOpHigher { opcode: Shr, args: RegImmed(Accumulator, 0) }))
  [DEBUG lab3_rust::machine::control_unit] TICK: 2484; REGS: eax:0x00006765, ebx:0x00000002, ecx:0x00000002, edx:0x0000000d, eip:0x00000062, esp:0x00000fff; INSTR: OpHigher(Branch(BranchOpHigher { opcode: Jmp, arg_higher: 0 }))
  [DEBUG lab3_rust::machine::control_unit] TICK: 2488; REGS: eax:0x00006765, ebx:0x00000002, ecx:0x00000002, edx:0x0000000d, eip:0x00000058, esp:0x00000fff; INSTR: OpHigher(Io(IoOpWord { opcode: Out, arg: 1 }))
  [DEBUG lab3_rust::machine::control_unit] TICK: 2493; REGS: eax:0x00006765, ebx:0x00000002, ecx:0x00000002, edx:0x0000000d, eip:0x00000059, esp:0x00000fff; INSTR: OpHigher(Alter(AlterOpWord { opcode: Dec, arg: Count }))
  [DEBUG lab3_rust::machine::control_unit] TICK: 2503; REGS: eax:0x00006765, ebx:0x00000002, ecx:0x00000001, edx:0x0000000d, eip:0x0000005b, esp:0x00000fff; INSTR: OpHigher(Branch(BranchOpHigher { opcode: Jz, arg_higher: 0 }))
  [DEBUG lab3_rust::machine::control_unit] TICK: 2508; REGS: eax:0x00006765, ebx:0x00000002, ecx:0x00000001, edx:0x0000000d, eip:0x0000005c, esp:0x00000fff; INSTR: OpHigher(Alter(AlterOpWord { opcode: Dec, arg: Base }))
  [DEBUG lab3_rust::machine::control_unit] TICK: 2518; REGS: eax:0x00006765, ebx:0x00000001, ecx:0x00000001, edx:0x0000000d, eip:0x0000005e, esp:0x00000fff; INSTR: OpHigher(Branch(BranchOpHigher { opcode: Jz, arg_higher: 0 }))
  [DEBUG lab3_rust::machine::control_unit] TICK: 2528; REGS: eax:0x00006765, ebx:0x00000001, ecx:0x00000001, edx:0x0000000d, eip:0x00000060, esp:0x00000fff; INSTR: OpHigher(Math(MathOpHigher { opcode: Shr, args: RegImmed(Accumulator, 0) }))
  [DEBUG lab3_rust::machine::control_unit] TICK: 2538; REGS: eax:0x00000067, ebx:0x00000001, ecx:0x00000001, edx:0x0000000d, eip:0x00000062, esp:0x00000fff; INSTR: OpHigher(Branch(BranchOpHigher { opcode: Jmp, arg_higher: 0 }))
  [DEBUG lab3_rust::machine::control_unit] TICK: 2542; REGS: eax:0x00000067, ebx:0x00000001, ecx:0x00000001, edx:0x0000000d, eip:0x00000058, esp:0x00000fff; INSTR: OpHigher(Io(IoOpWord { opcode: Out, arg: 1 }))
  [DEBUG lab3_rust::machine::control_unit] TICK: 2547; REGS: eax:0x00000067, ebx:0x00000001, ecx:0x00000001, edx:0x0000000d, eip:0x00000059, esp:0x00000fff; INSTR: OpHigher(Alter(AlterOpWord { opcode: Dec, arg: Count }))
  [DEBUG lab3_rust::machine::control_unit] TICK: 2557; REGS: eax:0x00000067, ebx:0x00000001, ecx:0x00000000, edx:0x0000000d, eip:0x0000005b, esp:0x00000fff; INSTR: OpHigher(Branch(BranchOpHigher { opcode: Jz, arg_higher: 0 }))
  [DEBUG lab3_rust::machine::control_unit] TICK: 2561; REGS: eax:0x00000067, ebx:0x00000001, ecx:0x00000000, edx:0x0000000d, eip:0x00000063, esp:0x00000fff; INSTR: OpHigher(Stack(StackOpHigher { opcode: Ret, args: None }))
  [DEBUG lab3_rust::machine::control_unit] TICK: 2572; REGS: eax:0x00000067, ebx:0x00000001, ecx:0x00000000, edx:0x0000000d, eip:0x00000023, esp:0x00001000; INSTR: OpHigher(Math(MathOpHigher { opcode: Mov, args: RegImmed(Accumulator, 0) }))
  [DEBUG lab3_rust::machine::control_unit] TICK: 2582; REGS: eax:0x0000000a, ebx:0x00000001, ecx:0x00000000, edx:0x0000000d, eip:0x00000025, esp:0x00001000; INSTR: OpHigher(Stack(StackOpHigher { opcode: Call, args: Immed(0) }))
  [DEBUG lab3_rust::machine::control_unit] TICK: 2589; REGS: eax:0x0000000a, ebx:0x00000001, ecx:0x00000000, edx:0x0000000d, eip:0x00000050, esp:0x00000fff; INSTR: OpHigher(Math(MathOpHigher { opcode: Mov, args: RegToReg(Data, Accumulator) }))
  [DEBUG lab3_rust::machine::control_unit] TICK: 2594; REGS: eax:0x0000000a, ebx:0x00000001, ecx:0x00000000, edx:0x0000000a, eip:0x00000051, esp:0x00000fff; INSTR: OpHigher(Math(MathOpHigher { opcode: Mov, args: RegMemToReg(Count, Accumulator) }))
  [DEBUG lab3_rust::machine::control_unit] TICK: 2606; REGS: eax:0x0000000a, ebx:0x00000001, ecx:0x00000001, edx:0x0000000a, eip:0x00000053, esp:0x00000fff; INSTR: OpHigher(Branch(BranchOpHigher { opcode: Jz, arg_higher: 0 }))
  [DEBUG lab3_rust::machine::control_unit] TICK: 2611; REGS: eax:0x0000000a, ebx:0x00000001, ecx:0x00000001, edx:0x0000000a, eip:0x00000054, esp:0x00000fff; INSTR: OpHigher(Alter(AlterOpWord { opcode: Inc, arg: Data }))
  [DEBUG lab3_rust::machine::control_unit] TICK: 2616; REGS: eax:0x0000000a, ebx:0x00000001, ecx:0x00000001, edx:0x0000000b, eip:0x00000055, esp:0x00000fff; INSTR: OpHigher(Math(MathOpHigher { opcode: Mov, args: RegMemToReg(Accumulator, Data) }))
  [DEBUG lab3_rust::machine::control_unit] TICK: 2628; REGS: eax:0x00000021, ebx:0x00000001, ecx:0x00000001, edx:0x0000000b, eip:0x00000057, esp:0x00000fff; INSTR: OpHigher(Math(MathOpHigher { opcode: Mov, args: RegImmed(Base, 0) }))
  [DEBUG lab3_rust::machine::control_unit] TICK: 2633; REGS: eax:0x00000021, ebx:0x00000004, ecx:0x00000001, edx:0x0000000b, eip:0x00000058, esp:0x00000fff; INSTR: OpHigher(Io(IoOpWord { opcode: Out, arg: 1 }))
  [DEBUG lab3_rust::machine::control_unit] TICK: 2638; REGS: eax:0x00000021, ebx:0x00000004, ecx:0x00000001, edx:0x0000000b, eip:0x00000059, esp:0x00000fff; INSTR: OpHigher(Alter(AlterOpWord { opcode: Dec, arg: Count }))
  [DEBUG lab3_rust::machine::control_unit] TICK: 2648; REGS: eax:0x00000021, ebx:0x00000004, ecx:0x00000000, edx:0x0000000b, eip:0x0000005b, esp:0x00000fff; INSTR: OpHigher(Branch(BranchOpHigher { opcode: Jz, arg_higher: 0 }))
  [DEBUG lab3_rust::machine::control_unit] TICK: 2652; REGS: eax:0x00000021, ebx:0x00000004, ecx:0x00000000, edx:0x0000000b, eip:0x00000063, esp:0x00000fff; INSTR: OpHigher(Stack(StackOpHigher { opcode: Ret, args: None }))
  [DEBUG lab3_rust::machine::control_unit] TICK: 2658; REGS: eax:0x00000021, ebx:0x00000004, ecx:0x00000000, edx:0x0000000b, eip:0x00000026, esp:0x00001000; INSTR: OpHigher(Control(ControlOpWord(Exit)))

