---
source: tests/integration.rs
expression: result
input_file: tests/inputs/prob2.yml
---
translator_output: |-
  (
      code: [
          Data((1)),
          Data((2)),
          OpHigher(Math((
              opcode: Mov,
              args: RegImmed(Count, 0),
          ))),
          OpLower(MathOpLower(RegImmed(3))),
          OpHigher(Math((
              opcode: Mov,
              args: RegImmed(Accumulator, 0),
          ))),
          OpLower(MathOpLower(RegImmed(2))),
          OpHigher(Math((
              opcode: Mov,
              args: RegToReg(Data, Accumulator),
          ))),
          OpHigher(Math((
              opcode: Add,
              args: MemToReg(Accumulator, 0),
          ))),
          OpLower(MathOpLower(MemToReg(1))),
          OpHigher(Math((
              opcode: Mov,
              args: RegToMem(Data, 0),
          ))),
          OpLower(MathOpLower(RegToMem(1))),
          OpHigher(Alter((
              opcode: Dec,
              arg: Count,
          ))),
          OpHigher(Branch((
              opcode: Jnz,
              arg_higher: 0,
          ))),
          OpLower(BranchOpLower((
              arg_lower: 7,
          ))),
          OpHigher(Math((
              opcode: Mov,
              args: RegImmed(Count, 0),
          ))),
          OpLower(MathOpLower(RegImmed(3))),
          OpHigher(Math((
              opcode: Cmp,
              args: RegImmed(Accumulator, 61),
          ))),
          OpLower(MathOpLower(RegImmed(2304))),
          OpHigher(Branch((
              opcode: Jns,
              arg_higher: 0,
          ))),
          OpLower(BranchOpLower((
              arg_lower: 25,
          ))),
          OpHigher(Math((
              opcode: Add,
              args: RegToMem(Accumulator, 0),
          ))),
          OpLower(MathOpLower(RegToMem(2))),
          OpHigher(Branch((
              opcode: Jmp,
              arg_higher: 0,
          ))),
          OpLower(BranchOpLower((
              arg_lower: 7,
          ))),
          OpHigher(Math((
              opcode: Mov,
              args: MemToReg(Accumulator, 0),
          ))),
          OpLower(MathOpLower(MemToReg(2))),
          OpHigher(Control((Exit))),
      ],
      entrypoint: (3),
  )
translator_result: OK
stdout: ''
machine_result: OK
log: |
  [DEBUG lab3_rust::translator] Starting translation process
  [DEBUG lab3_rust::translator] Successfully finished translation process
  [DEBUG lab3_rust::machine] Starting virtual machine
  [DEBUG lab3_rust::machine::control_unit] TICK:    9; REGS: eax:   0, ecx:   0, edx:   0, eip:   4, esp:   0; INSTR: OpHigher(Math(MathOpHigher { opcode: Mov, args: RegImmed(Count, 0) }))
  [DEBUG lab3_rust::machine::control_unit] TICK:   19; REGS: eax:   0, ecx:   3, edx:   0, eip:   6, esp:   0; INSTR: OpHigher(Math(MathOpHigher { opcode: Mov, args: RegImmed(Accumulator, 0) }))
  [DEBUG lab3_rust::machine::control_unit] TICK:   24; REGS: eax:   2, ecx:   3, edx:   0, eip:   7, esp:   0; INSTR: OpHigher(Math(MathOpHigher { opcode: Mov, args: RegToReg(Data, Accumulator) }))
  [DEBUG lab3_rust::machine::control_unit] TICK:   34; REGS: eax:   2, ecx:   3, edx:   2, eip:   9, esp:   0; INSTR: OpHigher(Math(MathOpHigher { opcode: Add, args: MemToReg(Accumulator, 0) }))
  [DEBUG lab3_rust::machine::control_unit] TICK:   46; REGS: eax:   3, ecx:   3, edx:   2, eip:  11, esp:   0; INSTR: OpHigher(Math(MathOpHigher { opcode: Mov, args: RegToMem(Data, 0) }))
  [DEBUG lab3_rust::machine::control_unit] TICK:   54; REGS: eax:   3, ecx:   3, edx:   2, eip:  12, esp:   0; INSTR: OpHigher(Alter(AlterOpWord { opcode: Dec, arg: Count }))
  [DEBUG lab3_rust::machine::control_unit] TICK:   64; REGS: eax:   3, ecx:   2, edx:   2, eip:  14, esp:   0; INSTR: OpHigher(Branch(BranchOpHigher { opcode: Jnz, arg_higher: 0 }))
  [DEBUG lab3_rust::machine::control_unit] TICK:   68; REGS: eax:   3, ecx:   2, edx:   2, eip:   7, esp:   0; INSTR: OpHigher(Math(MathOpHigher { opcode: Mov, args: RegToReg(Data, Accumulator) }))
  [DEBUG lab3_rust::machine::control_unit] TICK:   78; REGS: eax:   3, ecx:   2, edx:   3, eip:   9, esp:   0; INSTR: OpHigher(Math(MathOpHigher { opcode: Add, args: MemToReg(Accumulator, 0) }))
  [DEBUG lab3_rust::machine::control_unit] TICK:   90; REGS: eax:   5, ecx:   2, edx:   3, eip:  11, esp:   0; INSTR: OpHigher(Math(MathOpHigher { opcode: Mov, args: RegToMem(Data, 0) }))
  [DEBUG lab3_rust::machine::control_unit] TICK:   98; REGS: eax:   5, ecx:   2, edx:   3, eip:  12, esp:   0; INSTR: OpHigher(Alter(AlterOpWord { opcode: Dec, arg: Count }))
  [DEBUG lab3_rust::machine::control_unit] TICK:  108; REGS: eax:   5, ecx:   1, edx:   3, eip:  14, esp:   0; INSTR: OpHigher(Branch(BranchOpHigher { opcode: Jnz, arg_higher: 0 }))
  [DEBUG lab3_rust::machine::control_unit] TICK:  112; REGS: eax:   5, ecx:   1, edx:   3, eip:   7, esp:   0; INSTR: OpHigher(Math(MathOpHigher { opcode: Mov, args: RegToReg(Data, Accumulator) }))
  [DEBUG lab3_rust::machine::control_unit] TICK:  122; REGS: eax:   5, ecx:   1, edx:   5, eip:   9, esp:   0; INSTR: OpHigher(Math(MathOpHigher { opcode: Add, args: MemToReg(Accumulator, 0) }))
  [DEBUG lab3_rust::machine::control_unit] TICK:  134; REGS: eax:   8, ecx:   1, edx:   5, eip:  11, esp:   0; INSTR: OpHigher(Math(MathOpHigher { opcode: Mov, args: RegToMem(Data, 0) }))
  [DEBUG lab3_rust::machine::control_unit] TICK:  142; REGS: eax:   8, ecx:   1, edx:   5, eip:  12, esp:   0; INSTR: OpHigher(Alter(AlterOpWord { opcode: Dec, arg: Count }))
  [DEBUG lab3_rust::machine::control_unit] TICK:  152; REGS: eax:   8, ecx:   0, edx:   5, eip:  14, esp:   0; INSTR: OpHigher(Branch(BranchOpHigher { opcode: Jnz, arg_higher: 0 }))
  [DEBUG lab3_rust::machine::control_unit] TICK:  162; REGS: eax:   8, ecx:   0, edx:   5, eip:  16, esp:   0; INSTR: OpHigher(Math(MathOpHigher { opcode: Mov, args: RegImmed(Count, 0) }))
  [DEBUG lab3_rust::machine::control_unit] TICK:  172; REGS: eax:   8, ecx:   3, edx:   5, eip:  18, esp:   0; INSTR: OpHigher(Math(MathOpHigher { opcode: Cmp, args: RegImmed(Accumulator, 61) }))
  [DEBUG lab3_rust::machine::control_unit] TICK:  182; REGS: eax:   8, ecx:   3, edx:   5, eip:  20, esp:   0; INSTR: OpHigher(Branch(BranchOpHigher { opcode: Jns, arg_higher: 0 }))
  [DEBUG lab3_rust::machine::control_unit] TICK:  192; REGS: eax:   8, ecx:   3, edx:   5, eip:  22, esp:   0; INSTR: OpHigher(Math(MathOpHigher { opcode: Add, args: RegToMem(Accumulator, 0) }))
  [DEBUG lab3_rust::machine::control_unit] TICK:  205; REGS: eax:   8, ecx:   3, edx:   5, eip:  24, esp:   0; INSTR: OpHigher(Branch(BranchOpHigher { opcode: Jmp, arg_higher: 0 }))
  [DEBUG lab3_rust::machine::control_unit] TICK:  209; REGS: eax:   8, ecx:   3, edx:   5, eip:   7, esp:   0; INSTR: OpHigher(Math(MathOpHigher { opcode: Mov, args: RegToReg(Data, Accumulator) }))
  [DEBUG lab3_rust::machine::control_unit] TICK:  219; REGS: eax:   8, ecx:   3, edx:   8, eip:   9, esp:   0; INSTR: OpHigher(Math(MathOpHigher { opcode: Add, args: MemToReg(Accumulator, 0) }))
  [DEBUG lab3_rust::machine::control_unit] TICK:  231; REGS: eax:  13, ecx:   3, edx:   8, eip:  11, esp:   0; INSTR: OpHigher(Math(MathOpHigher { opcode: Mov, args: RegToMem(Data, 0) }))
  [DEBUG lab3_rust::machine::control_unit] TICK:  239; REGS: eax:  13, ecx:   3, edx:   8, eip:  12, esp:   0; INSTR: OpHigher(Alter(AlterOpWord { opcode: Dec, arg: Count }))
  [DEBUG lab3_rust::machine::control_unit] TICK:  249; REGS: eax:  13, ecx:   2, edx:   8, eip:  14, esp:   0; INSTR: OpHigher(Branch(BranchOpHigher { opcode: Jnz, arg_higher: 0 }))
  [DEBUG lab3_rust::machine::control_unit] TICK:  253; REGS: eax:  13, ecx:   2, edx:   8, eip:   7, esp:   0; INSTR: OpHigher(Math(MathOpHigher { opcode: Mov, args: RegToReg(Data, Accumulator) }))
  [DEBUG lab3_rust::machine::control_unit] TICK:  263; REGS: eax:  13, ecx:   2, edx:  13, eip:   9, esp:   0; INSTR: OpHigher(Math(MathOpHigher { opcode: Add, args: MemToReg(Accumulator, 0) }))
  [DEBUG lab3_rust::machine::control_unit] TICK:  275; REGS: eax:  21, ecx:   2, edx:  13, eip:  11, esp:   0; INSTR: OpHigher(Math(MathOpHigher { opcode: Mov, args: RegToMem(Data, 0) }))
  [DEBUG lab3_rust::machine::control_unit] TICK:  283; REGS: eax:  21, ecx:   2, edx:  13, eip:  12, esp:   0; INSTR: OpHigher(Alter(AlterOpWord { opcode: Dec, arg: Count }))
  [DEBUG lab3_rust::machine::control_unit] TICK:  293; REGS: eax:  21, ecx:   1, edx:  13, eip:  14, esp:   0; INSTR: OpHigher(Branch(BranchOpHigher { opcode: Jnz, arg_higher: 0 }))
  [DEBUG lab3_rust::machine::control_unit] TICK:  297; REGS: eax:  21, ecx:   1, edx:  13, eip:   7, esp:   0; INSTR: OpHigher(Math(MathOpHigher { opcode: Mov, args: RegToReg(Data, Accumulator) }))
  [DEBUG lab3_rust::machine::control_unit] TICK:  307; REGS: eax:  21, ecx:   1, edx:  21, eip:   9, esp:   0; INSTR: OpHigher(Math(MathOpHigher { opcode: Add, args: MemToReg(Accumulator, 0) }))
  [DEBUG lab3_rust::machine::control_unit] TICK:  319; REGS: eax:  34, ecx:   1, edx:  21, eip:  11, esp:   0; INSTR: OpHigher(Math(MathOpHigher { opcode: Mov, args: RegToMem(Data, 0) }))
  [DEBUG lab3_rust::machine::control_unit] TICK:  327; REGS: eax:  34, ecx:   1, edx:  21, eip:  12, esp:   0; INSTR: OpHigher(Alter(AlterOpWord { opcode: Dec, arg: Count }))
  [DEBUG lab3_rust::machine::control_unit] TICK:  337; REGS: eax:  34, ecx:   0, edx:  21, eip:  14, esp:   0; INSTR: OpHigher(Branch(BranchOpHigher { opcode: Jnz, arg_higher: 0 }))
  [DEBUG lab3_rust::machine::control_unit] TICK:  347; REGS: eax:  34, ecx:   0, edx:  21, eip:  16, esp:   0; INSTR: OpHigher(Math(MathOpHigher { opcode: Mov, args: RegImmed(Count, 0) }))
  [DEBUG lab3_rust::machine::control_unit] TICK:  357; REGS: eax:  34, ecx:   3, edx:  21, eip:  18, esp:   0; INSTR: OpHigher(Math(MathOpHigher { opcode: Cmp, args: RegImmed(Accumulator, 61) }))
  [DEBUG lab3_rust::machine::control_unit] TICK:  367; REGS: eax:  34, ecx:   3, edx:  21, eip:  20, esp:   0; INSTR: OpHigher(Branch(BranchOpHigher { opcode: Jns, arg_higher: 0 }))
  [DEBUG lab3_rust::machine::control_unit] TICK:  377; REGS: eax:  34, ecx:   3, edx:  21, eip:  22, esp:   0; INSTR: OpHigher(Math(MathOpHigher { opcode: Add, args: RegToMem(Accumulator, 0) }))
  [DEBUG lab3_rust::machine::control_unit] TICK:  390; REGS: eax:  34, ecx:   3, edx:  21, eip:  24, esp:   0; INSTR: OpHigher(Branch(BranchOpHigher { opcode: Jmp, arg_higher: 0 }))
  [DEBUG lab3_rust::machine::control_unit] TICK:  394; REGS: eax:  34, ecx:   3, edx:  21, eip:   7, esp:   0; INSTR: OpHigher(Math(MathOpHigher { opcode: Mov, args: RegToReg(Data, Accumulator) }))
  [DEBUG lab3_rust::machine::control_unit] TICK:  404; REGS: eax:  34, ecx:   3, edx:  34, eip:   9, esp:   0; INSTR: OpHigher(Math(MathOpHigher { opcode: Add, args: MemToReg(Accumulator, 0) }))
  [DEBUG lab3_rust::machine::control_unit] TICK:  416; REGS: eax:  55, ecx:   3, edx:  34, eip:  11, esp:   0; INSTR: OpHigher(Math(MathOpHigher { opcode: Mov, args: RegToMem(Data, 0) }))
  [DEBUG lab3_rust::machine::control_unit] TICK:  424; REGS: eax:  55, ecx:   3, edx:  34, eip:  12, esp:   0; INSTR: OpHigher(Alter(AlterOpWord { opcode: Dec, arg: Count }))
  [DEBUG lab3_rust::machine::control_unit] TICK:  434; REGS: eax:  55, ecx:   2, edx:  34, eip:  14, esp:   0; INSTR: OpHigher(Branch(BranchOpHigher { opcode: Jnz, arg_higher: 0 }))
  [DEBUG lab3_rust::machine::control_unit] TICK:  438; REGS: eax:  55, ecx:   2, edx:  34, eip:   7, esp:   0; INSTR: OpHigher(Math(MathOpHigher { opcode: Mov, args: RegToReg(Data, Accumulator) }))
  [DEBUG lab3_rust::machine::control_unit] TICK:  448; REGS: eax:  55, ecx:   2, edx:  55, eip:   9, esp:   0; INSTR: OpHigher(Math(MathOpHigher { opcode: Add, args: MemToReg(Accumulator, 0) }))
  [DEBUG lab3_rust::machine::control_unit] TICK:  460; REGS: eax:  89, ecx:   2, edx:  55, eip:  11, esp:   0; INSTR: OpHigher(Math(MathOpHigher { opcode: Mov, args: RegToMem(Data, 0) }))
  [DEBUG lab3_rust::machine::control_unit] TICK:  468; REGS: eax:  89, ecx:   2, edx:  55, eip:  12, esp:   0; INSTR: OpHigher(Alter(AlterOpWord { opcode: Dec, arg: Count }))
  [DEBUG lab3_rust::machine::control_unit] TICK:  478; REGS: eax:  89, ecx:   1, edx:  55, eip:  14, esp:   0; INSTR: OpHigher(Branch(BranchOpHigher { opcode: Jnz, arg_higher: 0 }))
  [DEBUG lab3_rust::machine::control_unit] TICK:  482; REGS: eax:  89, ecx:   1, edx:  55, eip:   7, esp:   0; INSTR: OpHigher(Math(MathOpHigher { opcode: Mov, args: RegToReg(Data, Accumulator) }))
  [DEBUG lab3_rust::machine::control_unit] TICK:  492; REGS: eax:  89, ecx:   1, edx:  89, eip:   9, esp:   0; INSTR: OpHigher(Math(MathOpHigher { opcode: Add, args: MemToReg(Accumulator, 0) }))
  [DEBUG lab3_rust::machine::control_unit] TICK:  504; REGS: eax: 144, ecx:   1, edx:  89, eip:  11, esp:   0; INSTR: OpHigher(Math(MathOpHigher { opcode: Mov, args: RegToMem(Data, 0) }))
  [DEBUG lab3_rust::machine::control_unit] TICK:  512; REGS: eax: 144, ecx:   1, edx:  89, eip:  12, esp:   0; INSTR: OpHigher(Alter(AlterOpWord { opcode: Dec, arg: Count }))
  [DEBUG lab3_rust::machine::control_unit] TICK:  522; REGS: eax: 144, ecx:   0, edx:  89, eip:  14, esp:   0; INSTR: OpHigher(Branch(BranchOpHigher { opcode: Jnz, arg_higher: 0 }))
  [DEBUG lab3_rust::machine::control_unit] TICK:  532; REGS: eax: 144, ecx:   0, edx:  89, eip:  16, esp:   0; INSTR: OpHigher(Math(MathOpHigher { opcode: Mov, args: RegImmed(Count, 0) }))
  [DEBUG lab3_rust::machine::control_unit] TICK:  542; REGS: eax: 144, ecx:   3, edx:  89, eip:  18, esp:   0; INSTR: OpHigher(Math(MathOpHigher { opcode: Cmp, args: RegImmed(Accumulator, 61) }))
  [DEBUG lab3_rust::machine::control_unit] TICK:  552; REGS: eax: 144, ecx:   3, edx:  89, eip:  20, esp:   0; INSTR: OpHigher(Branch(BranchOpHigher { opcode: Jns, arg_higher: 0 }))
  [DEBUG lab3_rust::machine::control_unit] TICK:  562; REGS: eax: 144, ecx:   3, edx:  89, eip:  22, esp:   0; INSTR: OpHigher(Math(MathOpHigher { opcode: Add, args: RegToMem(Accumulator, 0) }))
  [DEBUG lab3_rust::machine::control_unit] TICK:  575; REGS: eax: 144, ecx:   3, edx:  89, eip:  24, esp:   0; INSTR: OpHigher(Branch(BranchOpHigher { opcode: Jmp, arg_higher: 0 }))
  [DEBUG lab3_rust::machine::control_unit] TICK:  579; REGS: eax: 144, ecx:   3, edx:  89, eip:   7, esp:   0; INSTR: OpHigher(Math(MathOpHigher { opcode: Mov, args: RegToReg(Data, Accumulator) }))
  [DEBUG lab3_rust::machine::control_unit] TICK:  589; REGS: eax: 144, ecx:   3, edx: 144, eip:   9, esp:   0; INSTR: OpHigher(Math(MathOpHigher { opcode: Add, args: MemToReg(Accumulator, 0) }))
  [DEBUG lab3_rust::machine::control_unit] TICK:  601; REGS: eax: 233, ecx:   3, edx: 144, eip:  11, esp:   0; INSTR: OpHigher(Math(MathOpHigher { opcode: Mov, args: RegToMem(Data, 0) }))
  [DEBUG lab3_rust::machine::control_unit] TICK:  609; REGS: eax: 233, ecx:   3, edx: 144, eip:  12, esp:   0; INSTR: OpHigher(Alter(AlterOpWord { opcode: Dec, arg: Count }))
  [DEBUG lab3_rust::machine::control_unit] TICK:  619; REGS: eax: 233, ecx:   2, edx: 144, eip:  14, esp:   0; INSTR: OpHigher(Branch(BranchOpHigher { opcode: Jnz, arg_higher: 0 }))
  [DEBUG lab3_rust::machine::control_unit] TICK:  623; REGS: eax: 233, ecx:   2, edx: 144, eip:   7, esp:   0; INSTR: OpHigher(Math(MathOpHigher { opcode: Mov, args: RegToReg(Data, Accumulator) }))
  [DEBUG lab3_rust::machine::control_unit] TICK:  633; REGS: eax: 233, ecx:   2, edx: 233, eip:   9, esp:   0; INSTR: OpHigher(Math(MathOpHigher { opcode: Add, args: MemToReg(Accumulator, 0) }))
  [DEBUG lab3_rust::machine::control_unit] TICK:  645; REGS: eax: 377, ecx:   2, edx: 233, eip:  11, esp:   0; INSTR: OpHigher(Math(MathOpHigher { opcode: Mov, args: RegToMem(Data, 0) }))
  [DEBUG lab3_rust::machine::control_unit] TICK:  653; REGS: eax: 377, ecx:   2, edx: 233, eip:  12, esp:   0; INSTR: OpHigher(Alter(AlterOpWord { opcode: Dec, arg: Count }))
  [DEBUG lab3_rust::machine::control_unit] TICK:  663; REGS: eax: 377, ecx:   1, edx: 233, eip:  14, esp:   0; INSTR: OpHigher(Branch(BranchOpHigher { opcode: Jnz, arg_higher: 0 }))
  [DEBUG lab3_rust::machine::control_unit] TICK:  667; REGS: eax: 377, ecx:   1, edx: 233, eip:   7, esp:   0; INSTR: OpHigher(Math(MathOpHigher { opcode: Mov, args: RegToReg(Data, Accumulator) }))
  [DEBUG lab3_rust::machine::control_unit] TICK:  677; REGS: eax: 377, ecx:   1, edx: 377, eip:   9, esp:   0; INSTR: OpHigher(Math(MathOpHigher { opcode: Add, args: MemToReg(Accumulator, 0) }))
  [DEBUG lab3_rust::machine::control_unit] TICK:  689; REGS: eax: 610, ecx:   1, edx: 377, eip:  11, esp:   0; INSTR: OpHigher(Math(MathOpHigher { opcode: Mov, args: RegToMem(Data, 0) }))
  [DEBUG lab3_rust::machine::control_unit] TICK:  697; REGS: eax: 610, ecx:   1, edx: 377, eip:  12, esp:   0; INSTR: OpHigher(Alter(AlterOpWord { opcode: Dec, arg: Count }))
  [DEBUG lab3_rust::machine::control_unit] TICK:  707; REGS: eax: 610, ecx:   0, edx: 377, eip:  14, esp:   0; INSTR: OpHigher(Branch(BranchOpHigher { opcode: Jnz, arg_higher: 0 }))
  [DEBUG lab3_rust::machine::control_unit] TICK:  717; REGS: eax: 610, ecx:   0, edx: 377, eip:  16, esp:   0; INSTR: OpHigher(Math(MathOpHigher { opcode: Mov, args: RegImmed(Count, 0) }))
  [DEBUG lab3_rust::machine::control_unit] TICK:  727; REGS: eax: 610, ecx:   3, edx: 377, eip:  18, esp:   0; INSTR: OpHigher(Math(MathOpHigher { opcode: Cmp, args: RegImmed(Accumulator, 61) }))
  [DEBUG lab3_rust::machine::control_unit] TICK:  737; REGS: eax: 610, ecx:   3, edx: 377, eip:  20, esp:   0; INSTR: OpHigher(Branch(BranchOpHigher { opcode: Jns, arg_higher: 0 }))
  [DEBUG lab3_rust::machine::control_unit] TICK:  747; REGS: eax: 610, ecx:   3, edx: 377, eip:  22, esp:   0; INSTR: OpHigher(Math(MathOpHigher { opcode: Add, args: RegToMem(Accumulator, 0) }))
  [DEBUG lab3_rust::machine::control_unit] TICK:  760; REGS: eax: 610, ecx:   3, edx: 377, eip:  24, esp:   0; INSTR: OpHigher(Branch(BranchOpHigher { opcode: Jmp, arg_higher: 0 }))
  [DEBUG lab3_rust::machine::control_unit] TICK:  764; REGS: eax: 610, ecx:   3, edx: 377, eip:   7, esp:   0; INSTR: OpHigher(Math(MathOpHigher { opcode: Mov, args: RegToReg(Data, Accumulator) }))
  [DEBUG lab3_rust::machine::control_unit] TICK:  774; REGS: eax: 610, ecx:   3, edx: 610, eip:   9, esp:   0; INSTR: OpHigher(Math(MathOpHigher { opcode: Add, args: MemToReg(Accumulator, 0) }))
  [DEBUG lab3_rust::machine::control_unit] TICK:  786; REGS: eax: 987, ecx:   3, edx: 610, eip:  11, esp:   0; INSTR: OpHigher(Math(MathOpHigher { opcode: Mov, args: RegToMem(Data, 0) }))
  [DEBUG lab3_rust::machine::control_unit] TICK:  794; REGS: eax: 987, ecx:   3, edx: 610, eip:  12, esp:   0; INSTR: OpHigher(Alter(AlterOpWord { opcode: Dec, arg: Count }))
  [DEBUG lab3_rust::machine::control_unit] TICK:  804; REGS: eax: 987, ecx:   2, edx: 610, eip:  14, esp:   0; INSTR: OpHigher(Branch(BranchOpHigher { opcode: Jnz, arg_higher: 0 }))
  [DEBUG lab3_rust::machine::control_unit] TICK:  808; REGS: eax: 987, ecx:   2, edx: 610, eip:   7, esp:   0; INSTR: OpHigher(Math(MathOpHigher { opcode: Mov, args: RegToReg(Data, Accumulator) }))
  [DEBUG lab3_rust::machine::control_unit] TICK:  818; REGS: eax: 987, ecx:   2, edx: 987, eip:   9, esp:   0; INSTR: OpHigher(Math(MathOpHigher { opcode: Add, args: MemToReg(Accumulator, 0) }))
  [DEBUG lab3_rust::machine::control_unit] TICK:  830; REGS: eax:1597, ecx:   2, edx: 987, eip:  11, esp:   0; INSTR: OpHigher(Math(MathOpHigher { opcode: Mov, args: RegToMem(Data, 0) }))
  [DEBUG lab3_rust::machine::control_unit] TICK:  838; REGS: eax:1597, ecx:   2, edx: 987, eip:  12, esp:   0; INSTR: OpHigher(Alter(AlterOpWord { opcode: Dec, arg: Count }))
  [DEBUG lab3_rust::machine::control_unit] TICK:  848; REGS: eax:1597, ecx:   1, edx: 987, eip:  14, esp:   0; INSTR: OpHigher(Branch(BranchOpHigher { opcode: Jnz, arg_higher: 0 }))
  [DEBUG lab3_rust::machine::control_unit] TICK:  852; REGS: eax:1597, ecx:   1, edx: 987, eip:   7, esp:   0; INSTR: OpHigher(Math(MathOpHigher { opcode: Mov, args: RegToReg(Data, Accumulator) }))
  [DEBUG lab3_rust::machine::control_unit] TICK:  862; REGS: eax:1597, ecx:   1, edx:1597, eip:   9, esp:   0; INSTR: OpHigher(Math(MathOpHigher { opcode: Add, args: MemToReg(Accumulator, 0) }))
  [DEBUG lab3_rust::machine::control_unit] TICK:  874; REGS: eax:2584, ecx:   1, edx:1597, eip:  11, esp:   0; INSTR: OpHigher(Math(MathOpHigher { opcode: Mov, args: RegToMem(Data, 0) }))
  [DEBUG lab3_rust::machine::control_unit] TICK:  882; REGS: eax:2584, ecx:   1, edx:1597, eip:  12, esp:   0; INSTR: OpHigher(Alter(AlterOpWord { opcode: Dec, arg: Count }))
  [DEBUG lab3_rust::machine::control_unit] TICK:  892; REGS: eax:2584, ecx:   0, edx:1597, eip:  14, esp:   0; INSTR: OpHigher(Branch(BranchOpHigher { opcode: Jnz, arg_higher: 0 }))
  [DEBUG lab3_rust::machine::control_unit] TICK:  902; REGS: eax:2584, ecx:   0, edx:1597, eip:  16, esp:   0; INSTR: OpHigher(Math(MathOpHigher { opcode: Mov, args: RegImmed(Count, 0) }))
  [DEBUG lab3_rust::machine::control_unit] TICK:  912; REGS: eax:2584, ecx:   3, edx:1597, eip:  18, esp:   0; INSTR: OpHigher(Math(MathOpHigher { opcode: Cmp, args: RegImmed(Accumulator, 61) }))
  [DEBUG lab3_rust::machine::control_unit] TICK:  922; REGS: eax:2584, ecx:   3, edx:1597, eip:  20, esp:   0; INSTR: OpHigher(Branch(BranchOpHigher { opcode: Jns, arg_higher: 0 }))
  [DEBUG lab3_rust::machine::control_unit] TICK:  932; REGS: eax:2584, ecx:   3, edx:1597, eip:  22, esp:   0; INSTR: OpHigher(Math(MathOpHigher { opcode: Add, args: RegToMem(Accumulator, 0) }))
  [DEBUG lab3_rust::machine::control_unit] TICK:  945; REGS: eax:2584, ecx:   3, edx:1597, eip:  24, esp:   0; INSTR: OpHigher(Branch(BranchOpHigher { opcode: Jmp, arg_higher: 0 }))
  [DEBUG lab3_rust::machine::control_unit] TICK:  949; REGS: eax:2584, ecx:   3, edx:1597, eip:   7, esp:   0; INSTR: OpHigher(Math(MathOpHigher { opcode: Mov, args: RegToReg(Data, Accumulator) }))
  [DEBUG lab3_rust::machine::control_unit] TICK:  959; REGS: eax:2584, ecx:   3, edx:2584, eip:   9, esp:   0; INSTR: OpHigher(Math(MathOpHigher { opcode: Add, args: MemToReg(Accumulator, 0) }))
  [DEBUG lab3_rust::machine::control_unit] TICK:  971; REGS: eax:4181, ecx:   3, edx:2584, eip:  11, esp:   0; INSTR: OpHigher(Math(MathOpHigher { opcode: Mov, args: RegToMem(Data, 0) }))
  [DEBUG lab3_rust::machine::control_unit] TICK:  979; REGS: eax:4181, ecx:   3, edx:2584, eip:  12, esp:   0; INSTR: OpHigher(Alter(AlterOpWord { opcode: Dec, arg: Count }))
  [DEBUG lab3_rust::machine::control_unit] TICK:  989; REGS: eax:4181, ecx:   2, edx:2584, eip:  14, esp:   0; INSTR: OpHigher(Branch(BranchOpHigher { opcode: Jnz, arg_higher: 0 }))
  [DEBUG lab3_rust::machine::control_unit] TICK:  993; REGS: eax:4181, ecx:   2, edx:2584, eip:   7, esp:   0; INSTR: OpHigher(Math(MathOpHigher { opcode: Mov, args: RegToReg(Data, Accumulator) }))
  [DEBUG lab3_rust::machine::control_unit] TICK: 1003; REGS: eax:4181, ecx:   2, edx:4181, eip:   9, esp:   0; INSTR: OpHigher(Math(MathOpHigher { opcode: Add, args: MemToReg(Accumulator, 0) }))
  [DEBUG lab3_rust::machine::control_unit] TICK: 1015; REGS: eax:6765, ecx:   2, edx:4181, eip:  11, esp:   0; INSTR: OpHigher(Math(MathOpHigher { opcode: Mov, args: RegToMem(Data, 0) }))
  [DEBUG lab3_rust::machine::control_unit] TICK: 1023; REGS: eax:6765, ecx:   2, edx:4181, eip:  12, esp:   0; INSTR: OpHigher(Alter(AlterOpWord { opcode: Dec, arg: Count }))
  [DEBUG lab3_rust::machine::control_unit] TICK: 1033; REGS: eax:6765, ecx:   1, edx:4181, eip:  14, esp:   0; INSTR: OpHigher(Branch(BranchOpHigher { opcode: Jnz, arg_higher: 0 }))
  [DEBUG lab3_rust::machine::control_unit] TICK: 1037; REGS: eax:6765, ecx:   1, edx:4181, eip:   7, esp:   0; INSTR: OpHigher(Math(MathOpHigher { opcode: Mov, args: RegToReg(Data, Accumulator) }))
  [DEBUG lab3_rust::machine::control_unit] TICK: 1047; REGS: eax:6765, ecx:   1, edx:6765, eip:   9, esp:   0; INSTR: OpHigher(Math(MathOpHigher { opcode: Add, args: MemToReg(Accumulator, 0) }))
  [DEBUG lab3_rust::machine::control_unit] TICK: 1059; REGS: eax:10946, ecx:   1, edx:6765, eip:  11, esp:   0; INSTR: OpHigher(Math(MathOpHigher { opcode: Mov, args: RegToMem(Data, 0) }))
  [DEBUG lab3_rust::machine::control_unit] TICK: 1067; REGS: eax:10946, ecx:   1, edx:6765, eip:  12, esp:   0; INSTR: OpHigher(Alter(AlterOpWord { opcode: Dec, arg: Count }))
  [DEBUG lab3_rust::machine::control_unit] TICK: 1077; REGS: eax:10946, ecx:   0, edx:6765, eip:  14, esp:   0; INSTR: OpHigher(Branch(BranchOpHigher { opcode: Jnz, arg_higher: 0 }))
  [DEBUG lab3_rust::machine::control_unit] TICK: 1087; REGS: eax:10946, ecx:   0, edx:6765, eip:  16, esp:   0; INSTR: OpHigher(Math(MathOpHigher { opcode: Mov, args: RegImmed(Count, 0) }))
  [DEBUG lab3_rust::machine::control_unit] TICK: 1097; REGS: eax:10946, ecx:   3, edx:6765, eip:  18, esp:   0; INSTR: OpHigher(Math(MathOpHigher { opcode: Cmp, args: RegImmed(Accumulator, 61) }))
  [DEBUG lab3_rust::machine::control_unit] TICK: 1107; REGS: eax:10946, ecx:   3, edx:6765, eip:  20, esp:   0; INSTR: OpHigher(Branch(BranchOpHigher { opcode: Jns, arg_higher: 0 }))
  [DEBUG lab3_rust::machine::control_unit] TICK: 1117; REGS: eax:10946, ecx:   3, edx:6765, eip:  22, esp:   0; INSTR: OpHigher(Math(MathOpHigher { opcode: Add, args: RegToMem(Accumulator, 0) }))
  [DEBUG lab3_rust::machine::control_unit] TICK: 1130; REGS: eax:10946, ecx:   3, edx:6765, eip:  24, esp:   0; INSTR: OpHigher(Branch(BranchOpHigher { opcode: Jmp, arg_higher: 0 }))
  [DEBUG lab3_rust::machine::control_unit] TICK: 1134; REGS: eax:10946, ecx:   3, edx:6765, eip:   7, esp:   0; INSTR: OpHigher(Math(MathOpHigher { opcode: Mov, args: RegToReg(Data, Accumulator) }))
  [DEBUG lab3_rust::machine::control_unit] TICK: 1144; REGS: eax:10946, ecx:   3, edx:10946, eip:   9, esp:   0; INSTR: OpHigher(Math(MathOpHigher { opcode: Add, args: MemToReg(Accumulator, 0) }))
  [DEBUG lab3_rust::machine::control_unit] TICK: 1156; REGS: eax:17711, ecx:   3, edx:10946, eip:  11, esp:   0; INSTR: OpHigher(Math(MathOpHigher { opcode: Mov, args: RegToMem(Data, 0) }))
  [DEBUG lab3_rust::machine::control_unit] TICK: 1164; REGS: eax:17711, ecx:   3, edx:10946, eip:  12, esp:   0; INSTR: OpHigher(Alter(AlterOpWord { opcode: Dec, arg: Count }))
  [DEBUG lab3_rust::machine::control_unit] TICK: 1174; REGS: eax:17711, ecx:   2, edx:10946, eip:  14, esp:   0; INSTR: OpHigher(Branch(BranchOpHigher { opcode: Jnz, arg_higher: 0 }))
  [DEBUG lab3_rust::machine::control_unit] TICK: 1178; REGS: eax:17711, ecx:   2, edx:10946, eip:   7, esp:   0; INSTR: OpHigher(Math(MathOpHigher { opcode: Mov, args: RegToReg(Data, Accumulator) }))
  [DEBUG lab3_rust::machine::control_unit] TICK: 1188; REGS: eax:17711, ecx:   2, edx:17711, eip:   9, esp:   0; INSTR: OpHigher(Math(MathOpHigher { opcode: Add, args: MemToReg(Accumulator, 0) }))
  [DEBUG lab3_rust::machine::control_unit] TICK: 1200; REGS: eax:28657, ecx:   2, edx:17711, eip:  11, esp:   0; INSTR: OpHigher(Math(MathOpHigher { opcode: Mov, args: RegToMem(Data, 0) }))
  [DEBUG lab3_rust::machine::control_unit] TICK: 1208; REGS: eax:28657, ecx:   2, edx:17711, eip:  12, esp:   0; INSTR: OpHigher(Alter(AlterOpWord { opcode: Dec, arg: Count }))
  [DEBUG lab3_rust::machine::control_unit] TICK: 1218; REGS: eax:28657, ecx:   1, edx:17711, eip:  14, esp:   0; INSTR: OpHigher(Branch(BranchOpHigher { opcode: Jnz, arg_higher: 0 }))
  [DEBUG lab3_rust::machine::control_unit] TICK: 1222; REGS: eax:28657, ecx:   1, edx:17711, eip:   7, esp:   0; INSTR: OpHigher(Math(MathOpHigher { opcode: Mov, args: RegToReg(Data, Accumulator) }))
  [DEBUG lab3_rust::machine::control_unit] TICK: 1232; REGS: eax:28657, ecx:   1, edx:28657, eip:   9, esp:   0; INSTR: OpHigher(Math(MathOpHigher { opcode: Add, args: MemToReg(Accumulator, 0) }))
  [DEBUG lab3_rust::machine::control_unit] TICK: 1244; REGS: eax:46368, ecx:   1, edx:28657, eip:  11, esp:   0; INSTR: OpHigher(Math(MathOpHigher { opcode: Mov, args: RegToMem(Data, 0) }))
  [DEBUG lab3_rust::machine::control_unit] TICK: 1252; REGS: eax:46368, ecx:   1, edx:28657, eip:  12, esp:   0; INSTR: OpHigher(Alter(AlterOpWord { opcode: Dec, arg: Count }))
  [DEBUG lab3_rust::machine::control_unit] TICK: 1262; REGS: eax:46368, ecx:   0, edx:28657, eip:  14, esp:   0; INSTR: OpHigher(Branch(BranchOpHigher { opcode: Jnz, arg_higher: 0 }))
  [DEBUG lab3_rust::machine::control_unit] TICK: 1272; REGS: eax:46368, ecx:   0, edx:28657, eip:  16, esp:   0; INSTR: OpHigher(Math(MathOpHigher { opcode: Mov, args: RegImmed(Count, 0) }))
  [DEBUG lab3_rust::machine::control_unit] TICK: 1282; REGS: eax:46368, ecx:   3, edx:28657, eip:  18, esp:   0; INSTR: OpHigher(Math(MathOpHigher { opcode: Cmp, args: RegImmed(Accumulator, 61) }))
  [DEBUG lab3_rust::machine::control_unit] TICK: 1292; REGS: eax:46368, ecx:   3, edx:28657, eip:  20, esp:   0; INSTR: OpHigher(Branch(BranchOpHigher { opcode: Jns, arg_higher: 0 }))
  [DEBUG lab3_rust::machine::control_unit] TICK: 1302; REGS: eax:46368, ecx:   3, edx:28657, eip:  22, esp:   0; INSTR: OpHigher(Math(MathOpHigher { opcode: Add, args: RegToMem(Accumulator, 0) }))
  [DEBUG lab3_rust::machine::control_unit] TICK: 1315; REGS: eax:46368, ecx:   3, edx:28657, eip:  24, esp:   0; INSTR: OpHigher(Branch(BranchOpHigher { opcode: Jmp, arg_higher: 0 }))
  [DEBUG lab3_rust::machine::control_unit] TICK: 1319; REGS: eax:46368, ecx:   3, edx:28657, eip:   7, esp:   0; INSTR: OpHigher(Math(MathOpHigher { opcode: Mov, args: RegToReg(Data, Accumulator) }))
  [DEBUG lab3_rust::machine::control_unit] TICK: 1329; REGS: eax:46368, ecx:   3, edx:46368, eip:   9, esp:   0; INSTR: OpHigher(Math(MathOpHigher { opcode: Add, args: MemToReg(Accumulator, 0) }))
  [DEBUG lab3_rust::machine::control_unit] TICK: 1341; REGS: eax:75025, ecx:   3, edx:46368, eip:  11, esp:   0; INSTR: OpHigher(Math(MathOpHigher { opcode: Mov, args: RegToMem(Data, 0) }))
  [DEBUG lab3_rust::machine::control_unit] TICK: 1349; REGS: eax:75025, ecx:   3, edx:46368, eip:  12, esp:   0; INSTR: OpHigher(Alter(AlterOpWord { opcode: Dec, arg: Count }))
  [DEBUG lab3_rust::machine::control_unit] TICK: 1359; REGS: eax:75025, ecx:   2, edx:46368, eip:  14, esp:   0; INSTR: OpHigher(Branch(BranchOpHigher { opcode: Jnz, arg_higher: 0 }))
  [DEBUG lab3_rust::machine::control_unit] TICK: 1363; REGS: eax:75025, ecx:   2, edx:46368, eip:   7, esp:   0; INSTR: OpHigher(Math(MathOpHigher { opcode: Mov, args: RegToReg(Data, Accumulator) }))
  [DEBUG lab3_rust::machine::control_unit] TICK: 1373; REGS: eax:75025, ecx:   2, edx:75025, eip:   9, esp:   0; INSTR: OpHigher(Math(MathOpHigher { opcode: Add, args: MemToReg(Accumulator, 0) }))
  [DEBUG lab3_rust::machine::control_unit] TICK: 1385; REGS: eax:121393, ecx:   2, edx:75025, eip:  11, esp:   0; INSTR: OpHigher(Math(MathOpHigher { opcode: Mov, args: RegToMem(Data, 0) }))
  [DEBUG lab3_rust::machine::control_unit] TICK: 1393; REGS: eax:121393, ecx:   2, edx:75025, eip:  12, esp:   0; INSTR: OpHigher(Alter(AlterOpWord { opcode: Dec, arg: Count }))
  [DEBUG lab3_rust::machine::control_unit] TICK: 1403; REGS: eax:121393, ecx:   1, edx:75025, eip:  14, esp:   0; INSTR: OpHigher(Branch(BranchOpHigher { opcode: Jnz, arg_higher: 0 }))
  [DEBUG lab3_rust::machine::control_unit] TICK: 1407; REGS: eax:121393, ecx:   1, edx:75025, eip:   7, esp:   0; INSTR: OpHigher(Math(MathOpHigher { opcode: Mov, args: RegToReg(Data, Accumulator) }))
  [DEBUG lab3_rust::machine::control_unit] TICK: 1417; REGS: eax:121393, ecx:   1, edx:121393, eip:   9, esp:   0; INSTR: OpHigher(Math(MathOpHigher { opcode: Add, args: MemToReg(Accumulator, 0) }))
  [DEBUG lab3_rust::machine::control_unit] TICK: 1429; REGS: eax:196418, ecx:   1, edx:121393, eip:  11, esp:   0; INSTR: OpHigher(Math(MathOpHigher { opcode: Mov, args: RegToMem(Data, 0) }))
  [DEBUG lab3_rust::machine::control_unit] TICK: 1437; REGS: eax:196418, ecx:   1, edx:121393, eip:  12, esp:   0; INSTR: OpHigher(Alter(AlterOpWord { opcode: Dec, arg: Count }))
  [DEBUG lab3_rust::machine::control_unit] TICK: 1447; REGS: eax:196418, ecx:   0, edx:121393, eip:  14, esp:   0; INSTR: OpHigher(Branch(BranchOpHigher { opcode: Jnz, arg_higher: 0 }))
  [DEBUG lab3_rust::machine::control_unit] TICK: 1457; REGS: eax:196418, ecx:   0, edx:121393, eip:  16, esp:   0; INSTR: OpHigher(Math(MathOpHigher { opcode: Mov, args: RegImmed(Count, 0) }))
  [DEBUG lab3_rust::machine::control_unit] TICK: 1467; REGS: eax:196418, ecx:   3, edx:121393, eip:  18, esp:   0; INSTR: OpHigher(Math(MathOpHigher { opcode: Cmp, args: RegImmed(Accumulator, 61) }))
  [DEBUG lab3_rust::machine::control_unit] TICK: 1477; REGS: eax:196418, ecx:   3, edx:121393, eip:  20, esp:   0; INSTR: OpHigher(Branch(BranchOpHigher { opcode: Jns, arg_higher: 0 }))
  [DEBUG lab3_rust::machine::control_unit] TICK: 1487; REGS: eax:196418, ecx:   3, edx:121393, eip:  22, esp:   0; INSTR: OpHigher(Math(MathOpHigher { opcode: Add, args: RegToMem(Accumulator, 0) }))
  [DEBUG lab3_rust::machine::control_unit] TICK: 1500; REGS: eax:196418, ecx:   3, edx:121393, eip:  24, esp:   0; INSTR: OpHigher(Branch(BranchOpHigher { opcode: Jmp, arg_higher: 0 }))
  [DEBUG lab3_rust::machine::control_unit] TICK: 1504; REGS: eax:196418, ecx:   3, edx:121393, eip:   7, esp:   0; INSTR: OpHigher(Math(MathOpHigher { opcode: Mov, args: RegToReg(Data, Accumulator) }))
  [DEBUG lab3_rust::machine::control_unit] TICK: 1514; REGS: eax:196418, ecx:   3, edx:196418, eip:   9, esp:   0; INSTR: OpHigher(Math(MathOpHigher { opcode: Add, args: MemToReg(Accumulator, 0) }))
  [DEBUG lab3_rust::machine::control_unit] TICK: 1526; REGS: eax:317811, ecx:   3, edx:196418, eip:  11, esp:   0; INSTR: OpHigher(Math(MathOpHigher { opcode: Mov, args: RegToMem(Data, 0) }))
  [DEBUG lab3_rust::machine::control_unit] TICK: 1534; REGS: eax:317811, ecx:   3, edx:196418, eip:  12, esp:   0; INSTR: OpHigher(Alter(AlterOpWord { opcode: Dec, arg: Count }))
  [DEBUG lab3_rust::machine::control_unit] TICK: 1544; REGS: eax:317811, ecx:   2, edx:196418, eip:  14, esp:   0; INSTR: OpHigher(Branch(BranchOpHigher { opcode: Jnz, arg_higher: 0 }))
  [DEBUG lab3_rust::machine::control_unit] TICK: 1548; REGS: eax:317811, ecx:   2, edx:196418, eip:   7, esp:   0; INSTR: OpHigher(Math(MathOpHigher { opcode: Mov, args: RegToReg(Data, Accumulator) }))
  [DEBUG lab3_rust::machine::control_unit] TICK: 1558; REGS: eax:317811, ecx:   2, edx:317811, eip:   9, esp:   0; INSTR: OpHigher(Math(MathOpHigher { opcode: Add, args: MemToReg(Accumulator, 0) }))
  [DEBUG lab3_rust::machine::control_unit] TICK: 1570; REGS: eax:514229, ecx:   2, edx:317811, eip:  11, esp:   0; INSTR: OpHigher(Math(MathOpHigher { opcode: Mov, args: RegToMem(Data, 0) }))
  [DEBUG lab3_rust::machine::control_unit] TICK: 1578; REGS: eax:514229, ecx:   2, edx:317811, eip:  12, esp:   0; INSTR: OpHigher(Alter(AlterOpWord { opcode: Dec, arg: Count }))
  [DEBUG lab3_rust::machine::control_unit] TICK: 1588; REGS: eax:514229, ecx:   1, edx:317811, eip:  14, esp:   0; INSTR: OpHigher(Branch(BranchOpHigher { opcode: Jnz, arg_higher: 0 }))
  [DEBUG lab3_rust::machine::control_unit] TICK: 1592; REGS: eax:514229, ecx:   1, edx:317811, eip:   7, esp:   0; INSTR: OpHigher(Math(MathOpHigher { opcode: Mov, args: RegToReg(Data, Accumulator) }))
  [DEBUG lab3_rust::machine::control_unit] TICK: 1602; REGS: eax:514229, ecx:   1, edx:514229, eip:   9, esp:   0; INSTR: OpHigher(Math(MathOpHigher { opcode: Add, args: MemToReg(Accumulator, 0) }))
  [DEBUG lab3_rust::machine::control_unit] TICK: 1614; REGS: eax:832040, ecx:   1, edx:514229, eip:  11, esp:   0; INSTR: OpHigher(Math(MathOpHigher { opcode: Mov, args: RegToMem(Data, 0) }))
  [DEBUG lab3_rust::machine::control_unit] TICK: 1622; REGS: eax:832040, ecx:   1, edx:514229, eip:  12, esp:   0; INSTR: OpHigher(Alter(AlterOpWord { opcode: Dec, arg: Count }))
  [DEBUG lab3_rust::machine::control_unit] TICK: 1632; REGS: eax:832040, ecx:   0, edx:514229, eip:  14, esp:   0; INSTR: OpHigher(Branch(BranchOpHigher { opcode: Jnz, arg_higher: 0 }))
  [DEBUG lab3_rust::machine::control_unit] TICK: 1642; REGS: eax:832040, ecx:   0, edx:514229, eip:  16, esp:   0; INSTR: OpHigher(Math(MathOpHigher { opcode: Mov, args: RegImmed(Count, 0) }))
  [DEBUG lab3_rust::machine::control_unit] TICK: 1652; REGS: eax:832040, ecx:   3, edx:514229, eip:  18, esp:   0; INSTR: OpHigher(Math(MathOpHigher { opcode: Cmp, args: RegImmed(Accumulator, 61) }))
  [DEBUG lab3_rust::machine::control_unit] TICK: 1662; REGS: eax:832040, ecx:   3, edx:514229, eip:  20, esp:   0; INSTR: OpHigher(Branch(BranchOpHigher { opcode: Jns, arg_higher: 0 }))
  [DEBUG lab3_rust::machine::control_unit] TICK: 1672; REGS: eax:832040, ecx:   3, edx:514229, eip:  22, esp:   0; INSTR: OpHigher(Math(MathOpHigher { opcode: Add, args: RegToMem(Accumulator, 0) }))
  [DEBUG lab3_rust::machine::control_unit] TICK: 1685; REGS: eax:832040, ecx:   3, edx:514229, eip:  24, esp:   0; INSTR: OpHigher(Branch(BranchOpHigher { opcode: Jmp, arg_higher: 0 }))
  [DEBUG lab3_rust::machine::control_unit] TICK: 1689; REGS: eax:832040, ecx:   3, edx:514229, eip:   7, esp:   0; INSTR: OpHigher(Math(MathOpHigher { opcode: Mov, args: RegToReg(Data, Accumulator) }))
  [DEBUG lab3_rust::machine::control_unit] TICK: 1699; REGS: eax:832040, ecx:   3, edx:832040, eip:   9, esp:   0; INSTR: OpHigher(Math(MathOpHigher { opcode: Add, args: MemToReg(Accumulator, 0) }))
  [DEBUG lab3_rust::machine::control_unit] TICK: 1711; REGS: eax:1346269, ecx:   3, edx:832040, eip:  11, esp:   0; INSTR: OpHigher(Math(MathOpHigher { opcode: Mov, args: RegToMem(Data, 0) }))
  [DEBUG lab3_rust::machine::control_unit] TICK: 1719; REGS: eax:1346269, ecx:   3, edx:832040, eip:  12, esp:   0; INSTR: OpHigher(Alter(AlterOpWord { opcode: Dec, arg: Count }))
  [DEBUG lab3_rust::machine::control_unit] TICK: 1729; REGS: eax:1346269, ecx:   2, edx:832040, eip:  14, esp:   0; INSTR: OpHigher(Branch(BranchOpHigher { opcode: Jnz, arg_higher: 0 }))
  [DEBUG lab3_rust::machine::control_unit] TICK: 1733; REGS: eax:1346269, ecx:   2, edx:832040, eip:   7, esp:   0; INSTR: OpHigher(Math(MathOpHigher { opcode: Mov, args: RegToReg(Data, Accumulator) }))
  [DEBUG lab3_rust::machine::control_unit] TICK: 1743; REGS: eax:1346269, ecx:   2, edx:1346269, eip:   9, esp:   0; INSTR: OpHigher(Math(MathOpHigher { opcode: Add, args: MemToReg(Accumulator, 0) }))
  [DEBUG lab3_rust::machine::control_unit] TICK: 1755; REGS: eax:2178309, ecx:   2, edx:1346269, eip:  11, esp:   0; INSTR: OpHigher(Math(MathOpHigher { opcode: Mov, args: RegToMem(Data, 0) }))
  [DEBUG lab3_rust::machine::control_unit] TICK: 1763; REGS: eax:2178309, ecx:   2, edx:1346269, eip:  12, esp:   0; INSTR: OpHigher(Alter(AlterOpWord { opcode: Dec, arg: Count }))
  [DEBUG lab3_rust::machine::control_unit] TICK: 1773; REGS: eax:2178309, ecx:   1, edx:1346269, eip:  14, esp:   0; INSTR: OpHigher(Branch(BranchOpHigher { opcode: Jnz, arg_higher: 0 }))
  [DEBUG lab3_rust::machine::control_unit] TICK: 1777; REGS: eax:2178309, ecx:   1, edx:1346269, eip:   7, esp:   0; INSTR: OpHigher(Math(MathOpHigher { opcode: Mov, args: RegToReg(Data, Accumulator) }))
  [DEBUG lab3_rust::machine::control_unit] TICK: 1787; REGS: eax:2178309, ecx:   1, edx:2178309, eip:   9, esp:   0; INSTR: OpHigher(Math(MathOpHigher { opcode: Add, args: MemToReg(Accumulator, 0) }))
  [DEBUG lab3_rust::machine::control_unit] TICK: 1799; REGS: eax:3524578, ecx:   1, edx:2178309, eip:  11, esp:   0; INSTR: OpHigher(Math(MathOpHigher { opcode: Mov, args: RegToMem(Data, 0) }))
  [DEBUG lab3_rust::machine::control_unit] TICK: 1807; REGS: eax:3524578, ecx:   1, edx:2178309, eip:  12, esp:   0; INSTR: OpHigher(Alter(AlterOpWord { opcode: Dec, arg: Count }))
  [DEBUG lab3_rust::machine::control_unit] TICK: 1817; REGS: eax:3524578, ecx:   0, edx:2178309, eip:  14, esp:   0; INSTR: OpHigher(Branch(BranchOpHigher { opcode: Jnz, arg_higher: 0 }))
  [DEBUG lab3_rust::machine::control_unit] TICK: 1827; REGS: eax:3524578, ecx:   0, edx:2178309, eip:  16, esp:   0; INSTR: OpHigher(Math(MathOpHigher { opcode: Mov, args: RegImmed(Count, 0) }))
  [DEBUG lab3_rust::machine::control_unit] TICK: 1837; REGS: eax:3524578, ecx:   3, edx:2178309, eip:  18, esp:   0; INSTR: OpHigher(Math(MathOpHigher { opcode: Cmp, args: RegImmed(Accumulator, 61) }))
  [DEBUG lab3_rust::machine::control_unit] TICK: 1847; REGS: eax:3524578, ecx:   3, edx:2178309, eip:  20, esp:   0; INSTR: OpHigher(Branch(BranchOpHigher { opcode: Jns, arg_higher: 0 }))
  [DEBUG lab3_rust::machine::control_unit] TICK: 1857; REGS: eax:3524578, ecx:   3, edx:2178309, eip:  22, esp:   0; INSTR: OpHigher(Math(MathOpHigher { opcode: Add, args: RegToMem(Accumulator, 0) }))
  [DEBUG lab3_rust::machine::control_unit] TICK: 1870; REGS: eax:3524578, ecx:   3, edx:2178309, eip:  24, esp:   0; INSTR: OpHigher(Branch(BranchOpHigher { opcode: Jmp, arg_higher: 0 }))
  [DEBUG lab3_rust::machine::control_unit] TICK: 1874; REGS: eax:3524578, ecx:   3, edx:2178309, eip:   7, esp:   0; INSTR: OpHigher(Math(MathOpHigher { opcode: Mov, args: RegToReg(Data, Accumulator) }))
  [DEBUG lab3_rust::machine::control_unit] TICK: 1884; REGS: eax:3524578, ecx:   3, edx:3524578, eip:   9, esp:   0; INSTR: OpHigher(Math(MathOpHigher { opcode: Add, args: MemToReg(Accumulator, 0) }))
  [DEBUG lab3_rust::machine::control_unit] TICK: 1896; REGS: eax:5702887, ecx:   3, edx:3524578, eip:  11, esp:   0; INSTR: OpHigher(Math(MathOpHigher { opcode: Mov, args: RegToMem(Data, 0) }))
  [DEBUG lab3_rust::machine::control_unit] TICK: 1904; REGS: eax:5702887, ecx:   3, edx:3524578, eip:  12, esp:   0; INSTR: OpHigher(Alter(AlterOpWord { opcode: Dec, arg: Count }))
  [DEBUG lab3_rust::machine::control_unit] TICK: 1914; REGS: eax:5702887, ecx:   2, edx:3524578, eip:  14, esp:   0; INSTR: OpHigher(Branch(BranchOpHigher { opcode: Jnz, arg_higher: 0 }))
  [DEBUG lab3_rust::machine::control_unit] TICK: 1918; REGS: eax:5702887, ecx:   2, edx:3524578, eip:   7, esp:   0; INSTR: OpHigher(Math(MathOpHigher { opcode: Mov, args: RegToReg(Data, Accumulator) }))
  [DEBUG lab3_rust::machine::control_unit] TICK: 1928; REGS: eax:5702887, ecx:   2, edx:5702887, eip:   9, esp:   0; INSTR: OpHigher(Math(MathOpHigher { opcode: Add, args: MemToReg(Accumulator, 0) }))
  [DEBUG lab3_rust::machine::control_unit] TICK: 1940; REGS: eax:9227465, ecx:   2, edx:5702887, eip:  11, esp:   0; INSTR: OpHigher(Math(MathOpHigher { opcode: Mov, args: RegToMem(Data, 0) }))
  [DEBUG lab3_rust::machine::control_unit] TICK: 1948; REGS: eax:9227465, ecx:   2, edx:5702887, eip:  12, esp:   0; INSTR: OpHigher(Alter(AlterOpWord { opcode: Dec, arg: Count }))
  [DEBUG lab3_rust::machine::control_unit] TICK: 1958; REGS: eax:9227465, ecx:   1, edx:5702887, eip:  14, esp:   0; INSTR: OpHigher(Branch(BranchOpHigher { opcode: Jnz, arg_higher: 0 }))
  [DEBUG lab3_rust::machine::control_unit] TICK: 1962; REGS: eax:9227465, ecx:   1, edx:5702887, eip:   7, esp:   0; INSTR: OpHigher(Math(MathOpHigher { opcode: Mov, args: RegToReg(Data, Accumulator) }))
  [DEBUG lab3_rust::machine::control_unit] TICK: 1972; REGS: eax:9227465, ecx:   1, edx:9227465, eip:   9, esp:   0; INSTR: OpHigher(Math(MathOpHigher { opcode: Add, args: MemToReg(Accumulator, 0) }))
  [DEBUG lab3_rust::machine::control_unit] TICK: 1984; REGS: eax:14930352, ecx:   1, edx:9227465, eip:  11, esp:   0; INSTR: OpHigher(Math(MathOpHigher { opcode: Mov, args: RegToMem(Data, 0) }))
  [DEBUG lab3_rust::machine::control_unit] TICK: 1992; REGS: eax:14930352, ecx:   1, edx:9227465, eip:  12, esp:   0; INSTR: OpHigher(Alter(AlterOpWord { opcode: Dec, arg: Count }))
  [DEBUG lab3_rust::machine::control_unit] TICK: 2002; REGS: eax:14930352, ecx:   0, edx:9227465, eip:  14, esp:   0; INSTR: OpHigher(Branch(BranchOpHigher { opcode: Jnz, arg_higher: 0 }))
  [DEBUG lab3_rust::machine::control_unit] TICK: 2012; REGS: eax:14930352, ecx:   0, edx:9227465, eip:  16, esp:   0; INSTR: OpHigher(Math(MathOpHigher { opcode: Mov, args: RegImmed(Count, 0) }))
  [DEBUG lab3_rust::machine::control_unit] TICK: 2022; REGS: eax:14930352, ecx:   3, edx:9227465, eip:  18, esp:   0; INSTR: OpHigher(Math(MathOpHigher { opcode: Cmp, args: RegImmed(Accumulator, 61) }))
  [DEBUG lab3_rust::machine::control_unit] TICK: 2032; REGS: eax:14930352, ecx:   3, edx:9227465, eip:  20, esp:   0; INSTR: OpHigher(Branch(BranchOpHigher { opcode: Jns, arg_higher: 0 }))
  [DEBUG lab3_rust::machine::control_unit] TICK: 2041; REGS: eax:14930352, ecx:   3, edx:9227465, eip:  26, esp:   0; INSTR: OpHigher(Math(MathOpHigher { opcode: Mov, args: MemToReg(Accumulator, 0) }))
  [DEBUG lab3_rust::machine::control_unit] TICK: 2048; REGS: eax:4613732, ecx:   3, edx:9227465, eip:  27, esp:   0; INSTR: OpHigher(Control(ControlOpWord(Exit)))

