---
source: tests/integration.rs
expression: result
input_file: tests/inputs/cat.yml
---
translator_output: |-
  (
      code: [
          OpHigher(Io((
              opcode: In,
              arg: 0,
          ))),
          OpHigher(Math((
              opcode: Cmp,
              args: RegImmed(Accumulator, 0),
          ))),
          OpLower(MathOpLower(RegImmed(0))),
          OpHigher(Branch((
              opcode: Jz,
              arg_higher: 0,
          ))),
          OpLower(BranchOpLower((
              arg_lower: 9,
          ))),
          OpHigher(Io((
              opcode: Out,
              arg: 1,
          ))),
          OpHigher(Branch((
              opcode: Jmp,
              arg_higher: 0,
          ))),
          OpLower(BranchOpLower((
              arg_lower: 1,
          ))),
          OpHigher(Control((Exit))),
      ],
      entrypoint: (1),
  )
translator_result: OK
stdout: foo
machine_result: OK
log: |
  [DEBUG lab3_rust::translator] Starting translation process
  [DEBUG lab3_rust::translator] Successfully finished translation process
  [DEBUG lab3_rust::machine] Starting virtual machine
  [DEBUG lab3_rust::machine] TICK:    0; REGS: eax:   0, ecx:   0, edx:   0, eip:   1, esp:   0; STATE: InF; INSTR: Empty
  [DEBUG lab3_rust::machine] TICK:    1; REGS: eax:   0, ecx:   0, edx:   0, eip:   1, esp:   0; STATE: InD; INSTR: OpHigher(Io(IoOpWord { opcode: In, arg: 0 }))
  [DEBUG lab3_rust::machine] TICK:    2; REGS: eax:   0, ecx:   0, edx:   0, eip:   1, esp:   0; STATE: InE; INSTR: OpHigher(Io(IoOpWord { opcode: In, arg: 0 }))
  [DEBUG lab3_rust::machine] TICK:    3; REGS: eax: 102, ecx:   0, edx:   0, eip:   1, esp:   0; STATE: IPF; INSTR: OpHigher(Io(IoOpWord { opcode: In, arg: 0 }))
  [DEBUG lab3_rust::machine] TICK:    4; REGS: eax: 102, ecx:   0, edx:   0, eip:   2, esp:   0; STATE: InF; INSTR: OpHigher(Io(IoOpWord { opcode: In, arg: 0 }))
  [DEBUG lab3_rust::machine] TICK:    5; REGS: eax: 102, ecx:   0, edx:   0, eip:   2, esp:   0; STATE: InD; INSTR: OpHigher(Math(MathOpHigher { opcode: Cmp, args: RegImmed(Accumulator, 0) }))
  [DEBUG lab3_rust::machine] TICK:    6; REGS: eax: 102, ecx:   0, edx:   0, eip:   2, esp:   0; STATE: OPF; INSTR: OpHigher(Math(MathOpHigher { opcode: Cmp, args: RegImmed(Accumulator, 0) }))
  [DEBUG lab3_rust::machine] TICK:    7; REGS: eax: 102, ecx:   0, edx:   0, eip:   3, esp:   0; STATE: OnF; INSTR: OpHigher(Math(MathOpHigher { opcode: Cmp, args: RegImmed(Accumulator, 0) }))
  [DEBUG lab3_rust::machine] TICK:    8; REGS: eax: 102, ecx:   0, edx:   0, eip:   3, esp:   0; STATE: InE; INSTR: OpHigher(Math(MathOpHigher { opcode: Cmp, args: RegImmed(Accumulator, 0) }))
  [DEBUG lab3_rust::machine] TICK:    9; REGS: eax: 102, ecx:   0, edx:   0, eip:   3, esp:   0; STATE: IPF; INSTR: OpHigher(Math(MathOpHigher { opcode: Cmp, args: RegImmed(Accumulator, 0) }))
  [DEBUG lab3_rust::machine] TICK:   10; REGS: eax: 102, ecx:   0, edx:   0, eip:   4, esp:   0; STATE: InF; INSTR: OpHigher(Math(MathOpHigher { opcode: Cmp, args: RegImmed(Accumulator, 0) }))
  [DEBUG lab3_rust::machine] TICK:   11; REGS: eax: 102, ecx:   0, edx:   0, eip:   4, esp:   0; STATE: InD; INSTR: OpHigher(Branch(BranchOpHigher { opcode: Jz, arg_higher: 0 }))
  [DEBUG lab3_rust::machine] TICK:   12; REGS: eax: 102, ecx:   0, edx:   0, eip:   4, esp:   0; STATE: OPF; INSTR: OpHigher(Branch(BranchOpHigher { opcode: Jz, arg_higher: 0 }))
  [DEBUG lab3_rust::machine] TICK:   13; REGS: eax: 102, ecx:   0, edx:   0, eip:   5, esp:   0; STATE: OnF; INSTR: OpHigher(Branch(BranchOpHigher { opcode: Jz, arg_higher: 0 }))
  [DEBUG lab3_rust::machine] TICK:   14; REGS: eax: 102, ecx:   0, edx:   0, eip:   5, esp:   0; STATE: InE; INSTR: OpHigher(Branch(BranchOpHigher { opcode: Jz, arg_higher: 0 }))
  [DEBUG lab3_rust::machine] TICK:   15; REGS: eax: 102, ecx:   0, edx:   0, eip:   5, esp:   0; STATE: IPF; INSTR: OpHigher(Branch(BranchOpHigher { opcode: Jz, arg_higher: 0 }))
  [DEBUG lab3_rust::machine] TICK:   16; REGS: eax: 102, ecx:   0, edx:   0, eip:   6, esp:   0; STATE: InF; INSTR: OpHigher(Branch(BranchOpHigher { opcode: Jz, arg_higher: 0 }))
  [DEBUG lab3_rust::machine] TICK:   17; REGS: eax: 102, ecx:   0, edx:   0, eip:   6, esp:   0; STATE: InD; INSTR: OpHigher(Io(IoOpWord { opcode: Out, arg: 1 }))
  [DEBUG lab3_rust::machine] TICK:   18; REGS: eax: 102, ecx:   0, edx:   0, eip:   6, esp:   0; STATE: InE; INSTR: OpHigher(Io(IoOpWord { opcode: Out, arg: 1 }))
  [DEBUG lab3_rust::machine] TICK:   19; REGS: eax: 102, ecx:   0, edx:   0, eip:   6, esp:   0; STATE: IPF; INSTR: OpHigher(Io(IoOpWord { opcode: Out, arg: 1 }))
  [DEBUG lab3_rust::machine] TICK:   20; REGS: eax: 102, ecx:   0, edx:   0, eip:   7, esp:   0; STATE: InF; INSTR: OpHigher(Io(IoOpWord { opcode: Out, arg: 1 }))
  [DEBUG lab3_rust::machine] TICK:   21; REGS: eax: 102, ecx:   0, edx:   0, eip:   7, esp:   0; STATE: InD; INSTR: OpHigher(Branch(BranchOpHigher { opcode: Jmp, arg_higher: 0 }))
  [DEBUG lab3_rust::machine] TICK:   22; REGS: eax: 102, ecx:   0, edx:   0, eip:   7, esp:   0; STATE: OPF; INSTR: OpHigher(Branch(BranchOpHigher { opcode: Jmp, arg_higher: 0 }))
  [DEBUG lab3_rust::machine] TICK:   23; REGS: eax: 102, ecx:   0, edx:   0, eip:   8, esp:   0; STATE: OnF; INSTR: OpHigher(Branch(BranchOpHigher { opcode: Jmp, arg_higher: 0 }))
  [DEBUG lab3_rust::machine] TICK:   24; REGS: eax: 102, ecx:   0, edx:   0, eip:   8, esp:   0; STATE: InE; INSTR: OpHigher(Branch(BranchOpHigher { opcode: Jmp, arg_higher: 0 }))
  [DEBUG lab3_rust::machine] TICK:   25; REGS: eax: 102, ecx:   0, edx:   0, eip:   1, esp:   0; STATE: InF; INSTR: OpHigher(Branch(BranchOpHigher { opcode: Jmp, arg_higher: 0 }))
  [DEBUG lab3_rust::machine] TICK:   26; REGS: eax: 102, ecx:   0, edx:   0, eip:   1, esp:   0; STATE: InD; INSTR: OpHigher(Io(IoOpWord { opcode: In, arg: 0 }))
  [DEBUG lab3_rust::machine] TICK:   27; REGS: eax: 102, ecx:   0, edx:   0, eip:   1, esp:   0; STATE: InE; INSTR: OpHigher(Io(IoOpWord { opcode: In, arg: 0 }))
  [DEBUG lab3_rust::machine] TICK:   28; REGS: eax: 111, ecx:   0, edx:   0, eip:   1, esp:   0; STATE: IPF; INSTR: OpHigher(Io(IoOpWord { opcode: In, arg: 0 }))
  [DEBUG lab3_rust::machine] TICK:   29; REGS: eax: 111, ecx:   0, edx:   0, eip:   2, esp:   0; STATE: InF; INSTR: OpHigher(Io(IoOpWord { opcode: In, arg: 0 }))
  [DEBUG lab3_rust::machine] TICK:   30; REGS: eax: 111, ecx:   0, edx:   0, eip:   2, esp:   0; STATE: InD; INSTR: OpHigher(Math(MathOpHigher { opcode: Cmp, args: RegImmed(Accumulator, 0) }))
  [DEBUG lab3_rust::machine] TICK:   31; REGS: eax: 111, ecx:   0, edx:   0, eip:   2, esp:   0; STATE: OPF; INSTR: OpHigher(Math(MathOpHigher { opcode: Cmp, args: RegImmed(Accumulator, 0) }))
  [DEBUG lab3_rust::machine] TICK:   32; REGS: eax: 111, ecx:   0, edx:   0, eip:   3, esp:   0; STATE: OnF; INSTR: OpHigher(Math(MathOpHigher { opcode: Cmp, args: RegImmed(Accumulator, 0) }))
  [DEBUG lab3_rust::machine] TICK:   33; REGS: eax: 111, ecx:   0, edx:   0, eip:   3, esp:   0; STATE: InE; INSTR: OpHigher(Math(MathOpHigher { opcode: Cmp, args: RegImmed(Accumulator, 0) }))
  [DEBUG lab3_rust::machine] TICK:   34; REGS: eax: 111, ecx:   0, edx:   0, eip:   3, esp:   0; STATE: IPF; INSTR: OpHigher(Math(MathOpHigher { opcode: Cmp, args: RegImmed(Accumulator, 0) }))
  [DEBUG lab3_rust::machine] TICK:   35; REGS: eax: 111, ecx:   0, edx:   0, eip:   4, esp:   0; STATE: InF; INSTR: OpHigher(Math(MathOpHigher { opcode: Cmp, args: RegImmed(Accumulator, 0) }))
  [DEBUG lab3_rust::machine] TICK:   36; REGS: eax: 111, ecx:   0, edx:   0, eip:   4, esp:   0; STATE: InD; INSTR: OpHigher(Branch(BranchOpHigher { opcode: Jz, arg_higher: 0 }))
  [DEBUG lab3_rust::machine] TICK:   37; REGS: eax: 111, ecx:   0, edx:   0, eip:   4, esp:   0; STATE: OPF; INSTR: OpHigher(Branch(BranchOpHigher { opcode: Jz, arg_higher: 0 }))
  [DEBUG lab3_rust::machine] TICK:   38; REGS: eax: 111, ecx:   0, edx:   0, eip:   5, esp:   0; STATE: OnF; INSTR: OpHigher(Branch(BranchOpHigher { opcode: Jz, arg_higher: 0 }))
  [DEBUG lab3_rust::machine] TICK:   39; REGS: eax: 111, ecx:   0, edx:   0, eip:   5, esp:   0; STATE: InE; INSTR: OpHigher(Branch(BranchOpHigher { opcode: Jz, arg_higher: 0 }))
  [DEBUG lab3_rust::machine] TICK:   40; REGS: eax: 111, ecx:   0, edx:   0, eip:   5, esp:   0; STATE: IPF; INSTR: OpHigher(Branch(BranchOpHigher { opcode: Jz, arg_higher: 0 }))
  [DEBUG lab3_rust::machine] TICK:   41; REGS: eax: 111, ecx:   0, edx:   0, eip:   6, esp:   0; STATE: InF; INSTR: OpHigher(Branch(BranchOpHigher { opcode: Jz, arg_higher: 0 }))
  [DEBUG lab3_rust::machine] TICK:   42; REGS: eax: 111, ecx:   0, edx:   0, eip:   6, esp:   0; STATE: InD; INSTR: OpHigher(Io(IoOpWord { opcode: Out, arg: 1 }))
  [DEBUG lab3_rust::machine] TICK:   43; REGS: eax: 111, ecx:   0, edx:   0, eip:   6, esp:   0; STATE: InE; INSTR: OpHigher(Io(IoOpWord { opcode: Out, arg: 1 }))
  [DEBUG lab3_rust::machine] TICK:   44; REGS: eax: 111, ecx:   0, edx:   0, eip:   6, esp:   0; STATE: IPF; INSTR: OpHigher(Io(IoOpWord { opcode: Out, arg: 1 }))
  [DEBUG lab3_rust::machine] TICK:   45; REGS: eax: 111, ecx:   0, edx:   0, eip:   7, esp:   0; STATE: InF; INSTR: OpHigher(Io(IoOpWord { opcode: Out, arg: 1 }))
  [DEBUG lab3_rust::machine] TICK:   46; REGS: eax: 111, ecx:   0, edx:   0, eip:   7, esp:   0; STATE: InD; INSTR: OpHigher(Branch(BranchOpHigher { opcode: Jmp, arg_higher: 0 }))
  [DEBUG lab3_rust::machine] TICK:   47; REGS: eax: 111, ecx:   0, edx:   0, eip:   7, esp:   0; STATE: OPF; INSTR: OpHigher(Branch(BranchOpHigher { opcode: Jmp, arg_higher: 0 }))
  [DEBUG lab3_rust::machine] TICK:   48; REGS: eax: 111, ecx:   0, edx:   0, eip:   8, esp:   0; STATE: OnF; INSTR: OpHigher(Branch(BranchOpHigher { opcode: Jmp, arg_higher: 0 }))
  [DEBUG lab3_rust::machine] TICK:   49; REGS: eax: 111, ecx:   0, edx:   0, eip:   8, esp:   0; STATE: InE; INSTR: OpHigher(Branch(BranchOpHigher { opcode: Jmp, arg_higher: 0 }))
  [DEBUG lab3_rust::machine] TICK:   50; REGS: eax: 111, ecx:   0, edx:   0, eip:   1, esp:   0; STATE: InF; INSTR: OpHigher(Branch(BranchOpHigher { opcode: Jmp, arg_higher: 0 }))
  [DEBUG lab3_rust::machine] TICK:   51; REGS: eax: 111, ecx:   0, edx:   0, eip:   1, esp:   0; STATE: InD; INSTR: OpHigher(Io(IoOpWord { opcode: In, arg: 0 }))
  [DEBUG lab3_rust::machine] TICK:   52; REGS: eax: 111, ecx:   0, edx:   0, eip:   1, esp:   0; STATE: InE; INSTR: OpHigher(Io(IoOpWord { opcode: In, arg: 0 }))
  [DEBUG lab3_rust::machine] TICK:   53; REGS: eax: 111, ecx:   0, edx:   0, eip:   1, esp:   0; STATE: IPF; INSTR: OpHigher(Io(IoOpWord { opcode: In, arg: 0 }))
  [DEBUG lab3_rust::machine] TICK:   54; REGS: eax: 111, ecx:   0, edx:   0, eip:   2, esp:   0; STATE: InF; INSTR: OpHigher(Io(IoOpWord { opcode: In, arg: 0 }))
  [DEBUG lab3_rust::machine] TICK:   55; REGS: eax: 111, ecx:   0, edx:   0, eip:   2, esp:   0; STATE: InD; INSTR: OpHigher(Math(MathOpHigher { opcode: Cmp, args: RegImmed(Accumulator, 0) }))
  [DEBUG lab3_rust::machine] TICK:   56; REGS: eax: 111, ecx:   0, edx:   0, eip:   2, esp:   0; STATE: OPF; INSTR: OpHigher(Math(MathOpHigher { opcode: Cmp, args: RegImmed(Accumulator, 0) }))
  [DEBUG lab3_rust::machine] TICK:   57; REGS: eax: 111, ecx:   0, edx:   0, eip:   3, esp:   0; STATE: OnF; INSTR: OpHigher(Math(MathOpHigher { opcode: Cmp, args: RegImmed(Accumulator, 0) }))
  [DEBUG lab3_rust::machine] TICK:   58; REGS: eax: 111, ecx:   0, edx:   0, eip:   3, esp:   0; STATE: InE; INSTR: OpHigher(Math(MathOpHigher { opcode: Cmp, args: RegImmed(Accumulator, 0) }))
  [DEBUG lab3_rust::machine] TICK:   59; REGS: eax: 111, ecx:   0, edx:   0, eip:   3, esp:   0; STATE: IPF; INSTR: OpHigher(Math(MathOpHigher { opcode: Cmp, args: RegImmed(Accumulator, 0) }))
  [DEBUG lab3_rust::machine] TICK:   60; REGS: eax: 111, ecx:   0, edx:   0, eip:   4, esp:   0; STATE: InF; INSTR: OpHigher(Math(MathOpHigher { opcode: Cmp, args: RegImmed(Accumulator, 0) }))
  [DEBUG lab3_rust::machine] TICK:   61; REGS: eax: 111, ecx:   0, edx:   0, eip:   4, esp:   0; STATE: InD; INSTR: OpHigher(Branch(BranchOpHigher { opcode: Jz, arg_higher: 0 }))
  [DEBUG lab3_rust::machine] TICK:   62; REGS: eax: 111, ecx:   0, edx:   0, eip:   4, esp:   0; STATE: OPF; INSTR: OpHigher(Branch(BranchOpHigher { opcode: Jz, arg_higher: 0 }))
  [DEBUG lab3_rust::machine] TICK:   63; REGS: eax: 111, ecx:   0, edx:   0, eip:   5, esp:   0; STATE: OnF; INSTR: OpHigher(Branch(BranchOpHigher { opcode: Jz, arg_higher: 0 }))
  [DEBUG lab3_rust::machine] TICK:   64; REGS: eax: 111, ecx:   0, edx:   0, eip:   5, esp:   0; STATE: InE; INSTR: OpHigher(Branch(BranchOpHigher { opcode: Jz, arg_higher: 0 }))
  [DEBUG lab3_rust::machine] TICK:   65; REGS: eax: 111, ecx:   0, edx:   0, eip:   5, esp:   0; STATE: IPF; INSTR: OpHigher(Branch(BranchOpHigher { opcode: Jz, arg_higher: 0 }))
  [DEBUG lab3_rust::machine] TICK:   66; REGS: eax: 111, ecx:   0, edx:   0, eip:   6, esp:   0; STATE: InF; INSTR: OpHigher(Branch(BranchOpHigher { opcode: Jz, arg_higher: 0 }))
  [DEBUG lab3_rust::machine] TICK:   67; REGS: eax: 111, ecx:   0, edx:   0, eip:   6, esp:   0; STATE: InD; INSTR: OpHigher(Io(IoOpWord { opcode: Out, arg: 1 }))
  [DEBUG lab3_rust::machine] TICK:   68; REGS: eax: 111, ecx:   0, edx:   0, eip:   6, esp:   0; STATE: InE; INSTR: OpHigher(Io(IoOpWord { opcode: Out, arg: 1 }))
  [DEBUG lab3_rust::machine] TICK:   69; REGS: eax: 111, ecx:   0, edx:   0, eip:   6, esp:   0; STATE: IPF; INSTR: OpHigher(Io(IoOpWord { opcode: Out, arg: 1 }))
  [DEBUG lab3_rust::machine] TICK:   70; REGS: eax: 111, ecx:   0, edx:   0, eip:   7, esp:   0; STATE: InF; INSTR: OpHigher(Io(IoOpWord { opcode: Out, arg: 1 }))
  [DEBUG lab3_rust::machine] TICK:   71; REGS: eax: 111, ecx:   0, edx:   0, eip:   7, esp:   0; STATE: InD; INSTR: OpHigher(Branch(BranchOpHigher { opcode: Jmp, arg_higher: 0 }))
  [DEBUG lab3_rust::machine] TICK:   72; REGS: eax: 111, ecx:   0, edx:   0, eip:   7, esp:   0; STATE: OPF; INSTR: OpHigher(Branch(BranchOpHigher { opcode: Jmp, arg_higher: 0 }))
  [DEBUG lab3_rust::machine] TICK:   73; REGS: eax: 111, ecx:   0, edx:   0, eip:   8, esp:   0; STATE: OnF; INSTR: OpHigher(Branch(BranchOpHigher { opcode: Jmp, arg_higher: 0 }))
  [DEBUG lab3_rust::machine] TICK:   74; REGS: eax: 111, ecx:   0, edx:   0, eip:   8, esp:   0; STATE: InE; INSTR: OpHigher(Branch(BranchOpHigher { opcode: Jmp, arg_higher: 0 }))
  [DEBUG lab3_rust::machine] TICK:   75; REGS: eax: 111, ecx:   0, edx:   0, eip:   1, esp:   0; STATE: InF; INSTR: OpHigher(Branch(BranchOpHigher { opcode: Jmp, arg_higher: 0 }))
  [DEBUG lab3_rust::machine] TICK:   76; REGS: eax: 111, ecx:   0, edx:   0, eip:   1, esp:   0; STATE: InD; INSTR: OpHigher(Io(IoOpWord { opcode: In, arg: 0 }))
  [DEBUG lab3_rust::machine] TICK:   77; REGS: eax: 111, ecx:   0, edx:   0, eip:   1, esp:   0; STATE: InE; INSTR: OpHigher(Io(IoOpWord { opcode: In, arg: 0 }))
  [DEBUG lab3_rust::machine] TICK:   78; REGS: eax:   0, ecx:   0, edx:   0, eip:   1, esp:   0; STATE: IPF; INSTR: OpHigher(Io(IoOpWord { opcode: In, arg: 0 }))
  [DEBUG lab3_rust::machine] TICK:   79; REGS: eax:   0, ecx:   0, edx:   0, eip:   2, esp:   0; STATE: InF; INSTR: OpHigher(Io(IoOpWord { opcode: In, arg: 0 }))
  [DEBUG lab3_rust::machine] TICK:   80; REGS: eax:   0, ecx:   0, edx:   0, eip:   2, esp:   0; STATE: InD; INSTR: OpHigher(Math(MathOpHigher { opcode: Cmp, args: RegImmed(Accumulator, 0) }))
  [DEBUG lab3_rust::machine] TICK:   81; REGS: eax:   0, ecx:   0, edx:   0, eip:   2, esp:   0; STATE: OPF; INSTR: OpHigher(Math(MathOpHigher { opcode: Cmp, args: RegImmed(Accumulator, 0) }))
  [DEBUG lab3_rust::machine] TICK:   82; REGS: eax:   0, ecx:   0, edx:   0, eip:   3, esp:   0; STATE: OnF; INSTR: OpHigher(Math(MathOpHigher { opcode: Cmp, args: RegImmed(Accumulator, 0) }))
  [DEBUG lab3_rust::machine] TICK:   83; REGS: eax:   0, ecx:   0, edx:   0, eip:   3, esp:   0; STATE: InE; INSTR: OpHigher(Math(MathOpHigher { opcode: Cmp, args: RegImmed(Accumulator, 0) }))
  [DEBUG lab3_rust::machine] TICK:   84; REGS: eax:   0, ecx:   0, edx:   0, eip:   3, esp:   0; STATE: IPF; INSTR: OpHigher(Math(MathOpHigher { opcode: Cmp, args: RegImmed(Accumulator, 0) }))
  [DEBUG lab3_rust::machine] TICK:   85; REGS: eax:   0, ecx:   0, edx:   0, eip:   4, esp:   0; STATE: InF; INSTR: OpHigher(Math(MathOpHigher { opcode: Cmp, args: RegImmed(Accumulator, 0) }))
  [DEBUG lab3_rust::machine] TICK:   86; REGS: eax:   0, ecx:   0, edx:   0, eip:   4, esp:   0; STATE: InD; INSTR: OpHigher(Branch(BranchOpHigher { opcode: Jz, arg_higher: 0 }))
  [DEBUG lab3_rust::machine] TICK:   87; REGS: eax:   0, ecx:   0, edx:   0, eip:   4, esp:   0; STATE: OPF; INSTR: OpHigher(Branch(BranchOpHigher { opcode: Jz, arg_higher: 0 }))
  [DEBUG lab3_rust::machine] TICK:   88; REGS: eax:   0, ecx:   0, edx:   0, eip:   5, esp:   0; STATE: OnF; INSTR: OpHigher(Branch(BranchOpHigher { opcode: Jz, arg_higher: 0 }))
  [DEBUG lab3_rust::machine] TICK:   89; REGS: eax:   0, ecx:   0, edx:   0, eip:   5, esp:   0; STATE: InE; INSTR: OpHigher(Branch(BranchOpHigher { opcode: Jz, arg_higher: 0 }))
  [DEBUG lab3_rust::machine] TICK:   90; REGS: eax:   0, ecx:   0, edx:   0, eip:   9, esp:   0; STATE: InF; INSTR: OpHigher(Branch(BranchOpHigher { opcode: Jz, arg_higher: 0 }))
  [DEBUG lab3_rust::machine] TICK:   91; REGS: eax:   0, ecx:   0, edx:   0, eip:   9, esp:   0; STATE: InD; INSTR: OpHigher(Control(ControlOpWord(Exit)))
  [DEBUG lab3_rust::machine] TICK:   92; REGS: eax:   0, ecx:   0, edx:   0, eip:   9, esp:   0; STATE: InE; INSTR: OpHigher(Control(ControlOpWord(Exit)))

