---
source: tests/integration.rs
expression: result
input_file: tests/inputs/prob2.yml
---
translator_output: |-
  (
      code: [
          Data((1)),
          Data((2)),
          OpHigher(Math((
              opcode: Mov,
              args: RegImmed(Count, 0),
          ))),
          OpLower(Math(RegImmed(3))),
          OpHigher(Math((
              opcode: Mov,
              args: RegImmed(Accumulator, 0),
          ))),
          OpLower(Math(RegImmed(2))),
          OpHigher(Math((
              opcode: Mov,
              args: RegToReg(Data, Accumulator),
          ))),
          OpHigher(Math((
              opcode: Add,
              args: MemToReg(Accumulator, 0),
          ))),
          OpLower(Math(MemToReg(1))),
          OpHigher(Math((
              opcode: Mov,
              args: RegToMem(Data, 0),
          ))),
          OpLower(Math(RegToMem(1))),
          OpHigher(Alter((
              opcode: Dec,
              arg: Count,
          ))),
          OpHigher(Branch((
              opcode: Jnz,
              arg_higher: 0,
          ))),
          OpLower(Branch((
              arg_lower: 7,
          ))),
          OpHigher(Math((
              opcode: Mov,
              args: RegImmed(Count, 0),
          ))),
          OpLower(Math(RegImmed(3))),
          OpHigher(Math((
              opcode: Cmp,
              args: RegImmed(Accumulator, 61),
          ))),
          OpLower(Math(RegImmed(2304))),
          OpHigher(Branch((
              opcode: Jns,
              arg_higher: 0,
          ))),
          OpLower(Branch((
              arg_lower: 25,
          ))),
          OpHigher(Math((
              opcode: Add,
              args: RegToMem(Accumulator, 0),
          ))),
          OpLower(Math(RegToMem(2))),
          OpHigher(Branch((
              opcode: Jmp,
              arg_higher: 0,
          ))),
          OpLower(Branch((
              arg_lower: 7,
          ))),
          OpHigher(Math((
              opcode: Mov,
              args: MemToReg(Accumulator, 0),
          ))),
          OpLower(Math(MemToReg(2))),
          OpHigher(Stack((
              opcode: Call,
              args: Immed(0),
          ))),
          OpLower(Stack(Immed(30))),
          OpHigher(Control((Exit))),
          OpHigher(Math((
              opcode: Mov,
              args: RegImmed(Base, 0),
          ))),
          OpLower(Math(RegImmed(10))),
          OpHigher(Math((
              opcode: Mov,
              args: RegToReg(Count, StackPointer),
          ))),
          OpHigher(Alter((
              opcode: Dec,
              arg: StackPointer,
          ))),
          OpHigher(Math((
              opcode: Mov,
              args: RegImmed(Data, 0),
          ))),
          OpLower(Math(RegImmed(0))),
          OpHigher(Control((Div))),
          OpHigher(Math((
              opcode: Add,
              args: RegImmed(Data, 0),
          ))),
          OpLower(Math(RegImmed(48))),
          OpHigher(Math((
              opcode: Mov,
              args: RegToRegMem(StackPointer, Data),
          ))),
          OpHigher(Math((
              opcode: Cmp,
              args: RegImmed(Accumulator, 0),
          ))),
          OpLower(Math(RegImmed(0))),
          OpHigher(Branch((
              opcode: Jnz,
              arg_higher: 0,
          ))),
          OpLower(Branch((
              arg_lower: 33,
          ))),
          OpHigher(Math((
              opcode: Mov,
              args: RegMemToReg(Accumulator, StackPointer),
          ))),
          OpHigher(Io((
              opcode: Out,
              arg: 1,
          ))),
          OpHigher(Alter((
              opcode: Inc,
              arg: StackPointer,
          ))),
          OpHigher(Math((
              opcode: Cmp,
              args: RegToReg(StackPointer, Count),
          ))),
          OpHigher(Branch((
              opcode: Jnz,
              arg_higher: 0,
          ))),
          OpLower(Branch((
              arg_lower: 44,
          ))),
          OpHigher(Stack((
              opcode: Ret,
              args: None,
          ))),
      ],
      entrypoint: (3),
  )
translator_result: OK
stdout: '4613732'
machine_result: OK
log: |
  [DEBUG lab3_rust::translator] Starting translation process
  [DEBUG lab3_rust::translator] Successfully finished translation process
  [DEBUG lab3_rust::machine] Starting virtual machine
  [DEBUG lab3_rust::machine::control_unit] TICK:    9; REGS: eax:0x00000000, ebx:0x00000000, ecx:0x00000000, edx:0x00000000, eip:0x00000004, esp:0x00001000; FLAGS: F|F|F; INSTR: OpHigher(Math(MathOpHigher { opcode: Mov, args: RegImmed(Count, 0) })); STATE: ExecuteInstruction { tick_count: 1 }
  [DEBUG lab3_rust::machine::control_unit] TICK:   19; REGS: eax:0x00000000, ebx:0x00000000, ecx:0x00000003, edx:0x00000000, eip:0x00000006, esp:0x00001000; FLAGS: F|F|F; INSTR: OpHigher(Math(MathOpHigher { opcode: Mov, args: RegImmed(Accumulator, 0) })); STATE: ExecuteInstruction { tick_count: 1 }
  [DEBUG lab3_rust::machine::control_unit] TICK:   24; REGS: eax:0x00000002, ebx:0x00000000, ecx:0x00000003, edx:0x00000000, eip:0x00000007, esp:0x00001000; FLAGS: F|F|F; INSTR: OpHigher(Math(MathOpHigher { opcode: Mov, args: RegToReg(Data, Accumulator) })); STATE: ExecuteInstruction { tick_count: 1 }
  [DEBUG lab3_rust::machine::control_unit] TICK:   34; REGS: eax:0x00000002, ebx:0x00000000, ecx:0x00000003, edx:0x00000002, eip:0x00000009, esp:0x00001000; FLAGS: F|F|F; INSTR: OpHigher(Math(MathOpHigher { opcode: Add, args: MemToReg(Accumulator, 0) })); STATE: ExecuteInstruction { tick_count: 1 }
  [DEBUG lab3_rust::machine::control_unit] TICK:   46; REGS: eax:0x00000003, ebx:0x00000000, ecx:0x00000003, edx:0x00000002, eip:0x0000000b, esp:0x00001000; FLAGS: F|F|F; INSTR: OpHigher(Math(MathOpHigher { opcode: Mov, args: RegToMem(Data, 0) })); STATE: ExecuteInstruction { tick_count: 1 }
  [DEBUG lab3_rust::machine::control_unit] TICK:   54; REGS: eax:0x00000003, ebx:0x00000000, ecx:0x00000003, edx:0x00000002, eip:0x0000000c, esp:0x00001000; FLAGS: F|F|F; INSTR: OpHigher(Alter(AlterOpWord { opcode: Dec, arg: Count })); STATE: ExecuteInstruction { tick_count: 1 }
  [DEBUG lab3_rust::machine::control_unit] TICK:   64; REGS: eax:0x00000003, ebx:0x00000000, ecx:0x00000002, edx:0x00000002, eip:0x0000000e, esp:0x00001000; FLAGS: F|F|T; INSTR: OpHigher(Branch(BranchOpHigher { opcode: Jnz, arg_higher: 0 })); STATE: ExecuteInstruction { tick_count: 1 }
  [DEBUG lab3_rust::machine::control_unit] TICK:   68; REGS: eax:0x00000003, ebx:0x00000000, ecx:0x00000002, edx:0x00000002, eip:0x00000007, esp:0x00001000; FLAGS: F|F|T; INSTR: OpHigher(Math(MathOpHigher { opcode: Mov, args: RegToReg(Data, Accumulator) })); STATE: ExecuteInstruction { tick_count: 1 }
  [DEBUG lab3_rust::machine::control_unit] TICK:   78; REGS: eax:0x00000003, ebx:0x00000000, ecx:0x00000002, edx:0x00000003, eip:0x00000009, esp:0x00001000; FLAGS: F|F|F; INSTR: OpHigher(Math(MathOpHigher { opcode: Add, args: MemToReg(Accumulator, 0) })); STATE: ExecuteInstruction { tick_count: 1 }
  [DEBUG lab3_rust::machine::control_unit] TICK:   90; REGS: eax:0x00000005, ebx:0x00000000, ecx:0x00000002, edx:0x00000003, eip:0x0000000b, esp:0x00001000; FLAGS: F|F|F; INSTR: OpHigher(Math(MathOpHigher { opcode: Mov, args: RegToMem(Data, 0) })); STATE: ExecuteInstruction { tick_count: 1 }
  [DEBUG lab3_rust::machine::control_unit] TICK:   98; REGS: eax:0x00000005, ebx:0x00000000, ecx:0x00000002, edx:0x00000003, eip:0x0000000c, esp:0x00001000; FLAGS: F|F|F; INSTR: OpHigher(Alter(AlterOpWord { opcode: Dec, arg: Count })); STATE: ExecuteInstruction { tick_count: 1 }
  [DEBUG lab3_rust::machine::control_unit] TICK:  108; REGS: eax:0x00000005, ebx:0x00000000, ecx:0x00000001, edx:0x00000003, eip:0x0000000e, esp:0x00001000; FLAGS: F|F|T; INSTR: OpHigher(Branch(BranchOpHigher { opcode: Jnz, arg_higher: 0 })); STATE: ExecuteInstruction { tick_count: 1 }
  [DEBUG lab3_rust::machine::control_unit] TICK:  112; REGS: eax:0x00000005, ebx:0x00000000, ecx:0x00000001, edx:0x00000003, eip:0x00000007, esp:0x00001000; FLAGS: F|F|T; INSTR: OpHigher(Math(MathOpHigher { opcode: Mov, args: RegToReg(Data, Accumulator) })); STATE: ExecuteInstruction { tick_count: 1 }
  [DEBUG lab3_rust::machine::control_unit] TICK:  122; REGS: eax:0x00000005, ebx:0x00000000, ecx:0x00000001, edx:0x00000005, eip:0x00000009, esp:0x00001000; FLAGS: F|F|F; INSTR: OpHigher(Math(MathOpHigher { opcode: Add, args: MemToReg(Accumulator, 0) })); STATE: ExecuteInstruction { tick_count: 1 }
  [DEBUG lab3_rust::machine::control_unit] TICK:  134; REGS: eax:0x00000008, ebx:0x00000000, ecx:0x00000001, edx:0x00000005, eip:0x0000000b, esp:0x00001000; FLAGS: F|F|F; INSTR: OpHigher(Math(MathOpHigher { opcode: Mov, args: RegToMem(Data, 0) })); STATE: ExecuteInstruction { tick_count: 1 }
  [DEBUG lab3_rust::machine::control_unit] TICK:  142; REGS: eax:0x00000008, ebx:0x00000000, ecx:0x00000001, edx:0x00000005, eip:0x0000000c, esp:0x00001000; FLAGS: F|F|F; INSTR: OpHigher(Alter(AlterOpWord { opcode: Dec, arg: Count })); STATE: ExecuteInstruction { tick_count: 1 }
  [DEBUG lab3_rust::machine::control_unit] TICK:  152; REGS: eax:0x00000008, ebx:0x00000000, ecx:0x00000000, edx:0x00000005, eip:0x0000000e, esp:0x00001000; FLAGS: F|T|T; INSTR: OpHigher(Branch(BranchOpHigher { opcode: Jnz, arg_higher: 0 })); STATE: ExecuteInstruction { tick_count: 1 }
  [DEBUG lab3_rust::machine::control_unit] TICK:  162; REGS: eax:0x00000008, ebx:0x00000000, ecx:0x00000000, edx:0x00000005, eip:0x00000010, esp:0x00001000; FLAGS: F|T|T; INSTR: OpHigher(Math(MathOpHigher { opcode: Mov, args: RegImmed(Count, 0) })); STATE: ExecuteInstruction { tick_count: 1 }
  [DEBUG lab3_rust::machine::control_unit] TICK:  172; REGS: eax:0x00000008, ebx:0x00000000, ecx:0x00000003, edx:0x00000005, eip:0x00000012, esp:0x00001000; FLAGS: F|F|F; INSTR: OpHigher(Math(MathOpHigher { opcode: Cmp, args: RegImmed(Accumulator, 61) })); STATE: ExecuteInstruction { tick_count: 1 }
  [DEBUG lab3_rust::machine::control_unit] TICK:  182; REGS: eax:0x00000008, ebx:0x00000000, ecx:0x00000003, edx:0x00000005, eip:0x00000014, esp:0x00001000; FLAGS: T|F|F; INSTR: OpHigher(Branch(BranchOpHigher { opcode: Jns, arg_higher: 0 })); STATE: ExecuteInstruction { tick_count: 1 }
  [DEBUG lab3_rust::machine::control_unit] TICK:  192; REGS: eax:0x00000008, ebx:0x00000000, ecx:0x00000003, edx:0x00000005, eip:0x00000016, esp:0x00001000; FLAGS: T|F|F; INSTR: OpHigher(Math(MathOpHigher { opcode: Add, args: RegToMem(Accumulator, 0) })); STATE: ExecuteInstruction { tick_count: 1 }
  [DEBUG lab3_rust::machine::control_unit] TICK:  205; REGS: eax:0x00000008, ebx:0x00000000, ecx:0x00000003, edx:0x00000005, eip:0x00000018, esp:0x00001000; FLAGS: F|F|F; INSTR: OpHigher(Branch(BranchOpHigher { opcode: Jmp, arg_higher: 0 })); STATE: ExecuteInstruction { tick_count: 1 }
  [DEBUG lab3_rust::machine::control_unit] TICK:  209; REGS: eax:0x00000008, ebx:0x00000000, ecx:0x00000003, edx:0x00000005, eip:0x00000007, esp:0x00001000; FLAGS: F|F|F; INSTR: OpHigher(Math(MathOpHigher { opcode: Mov, args: RegToReg(Data, Accumulator) })); STATE: ExecuteInstruction { tick_count: 1 }
  [DEBUG lab3_rust::machine::control_unit] TICK:  219; REGS: eax:0x00000008, ebx:0x00000000, ecx:0x00000003, edx:0x00000008, eip:0x00000009, esp:0x00001000; FLAGS: F|F|F; INSTR: OpHigher(Math(MathOpHigher { opcode: Add, args: MemToReg(Accumulator, 0) })); STATE: ExecuteInstruction { tick_count: 1 }
  [DEBUG lab3_rust::machine::control_unit] TICK:  231; REGS: eax:0x0000000d, ebx:0x00000000, ecx:0x00000003, edx:0x00000008, eip:0x0000000b, esp:0x00001000; FLAGS: F|F|F; INSTR: OpHigher(Math(MathOpHigher { opcode: Mov, args: RegToMem(Data, 0) })); STATE: ExecuteInstruction { tick_count: 1 }
  [DEBUG lab3_rust::machine::control_unit] TICK:  239; REGS: eax:0x0000000d, ebx:0x00000000, ecx:0x00000003, edx:0x00000008, eip:0x0000000c, esp:0x00001000; FLAGS: F|F|F; INSTR: OpHigher(Alter(AlterOpWord { opcode: Dec, arg: Count })); STATE: ExecuteInstruction { tick_count: 1 }
  [DEBUG lab3_rust::machine::control_unit] TICK:  249; REGS: eax:0x0000000d, ebx:0x00000000, ecx:0x00000002, edx:0x00000008, eip:0x0000000e, esp:0x00001000; FLAGS: F|F|T; INSTR: OpHigher(Branch(BranchOpHigher { opcode: Jnz, arg_higher: 0 })); STATE: ExecuteInstruction { tick_count: 1 }
  [DEBUG lab3_rust::machine::control_unit] TICK:  253; REGS: eax:0x0000000d, ebx:0x00000000, ecx:0x00000002, edx:0x00000008, eip:0x00000007, esp:0x00001000; FLAGS: F|F|T; INSTR: OpHigher(Math(MathOpHigher { opcode: Mov, args: RegToReg(Data, Accumulator) })); STATE: ExecuteInstruction { tick_count: 1 }
  [DEBUG lab3_rust::machine::control_unit] TICK:  263; REGS: eax:0x0000000d, ebx:0x00000000, ecx:0x00000002, edx:0x0000000d, eip:0x00000009, esp:0x00001000; FLAGS: F|F|F; INSTR: OpHigher(Math(MathOpHigher { opcode: Add, args: MemToReg(Accumulator, 0) })); STATE: ExecuteInstruction { tick_count: 1 }
  [DEBUG lab3_rust::machine::control_unit] TICK:  275; REGS: eax:0x00000015, ebx:0x00000000, ecx:0x00000002, edx:0x0000000d, eip:0x0000000b, esp:0x00001000; FLAGS: F|F|F; INSTR: OpHigher(Math(MathOpHigher { opcode: Mov, args: RegToMem(Data, 0) })); STATE: ExecuteInstruction { tick_count: 1 }
  [DEBUG lab3_rust::machine::control_unit] TICK:  283; REGS: eax:0x00000015, ebx:0x00000000, ecx:0x00000002, edx:0x0000000d, eip:0x0000000c, esp:0x00001000; FLAGS: F|F|F; INSTR: OpHigher(Alter(AlterOpWord { opcode: Dec, arg: Count })); STATE: ExecuteInstruction { tick_count: 1 }
  [DEBUG lab3_rust::machine::control_unit] TICK:  293; REGS: eax:0x00000015, ebx:0x00000000, ecx:0x00000001, edx:0x0000000d, eip:0x0000000e, esp:0x00001000; FLAGS: F|F|T; INSTR: OpHigher(Branch(BranchOpHigher { opcode: Jnz, arg_higher: 0 })); STATE: ExecuteInstruction { tick_count: 1 }
  [DEBUG lab3_rust::machine::control_unit] TICK:  297; REGS: eax:0x00000015, ebx:0x00000000, ecx:0x00000001, edx:0x0000000d, eip:0x00000007, esp:0x00001000; FLAGS: F|F|T; INSTR: OpHigher(Math(MathOpHigher { opcode: Mov, args: RegToReg(Data, Accumulator) })); STATE: ExecuteInstruction { tick_count: 1 }
  [DEBUG lab3_rust::machine::control_unit] TICK:  307; REGS: eax:0x00000015, ebx:0x00000000, ecx:0x00000001, edx:0x00000015, eip:0x00000009, esp:0x00001000; FLAGS: F|F|F; INSTR: OpHigher(Math(MathOpHigher { opcode: Add, args: MemToReg(Accumulator, 0) })); STATE: ExecuteInstruction { tick_count: 1 }
  [DEBUG lab3_rust::machine::control_unit] TICK:  319; REGS: eax:0x00000022, ebx:0x00000000, ecx:0x00000001, edx:0x00000015, eip:0x0000000b, esp:0x00001000; FLAGS: F|F|F; INSTR: OpHigher(Math(MathOpHigher { opcode: Mov, args: RegToMem(Data, 0) })); STATE: ExecuteInstruction { tick_count: 1 }
  [DEBUG lab3_rust::machine::control_unit] TICK:  327; REGS: eax:0x00000022, ebx:0x00000000, ecx:0x00000001, edx:0x00000015, eip:0x0000000c, esp:0x00001000; FLAGS: F|F|F; INSTR: OpHigher(Alter(AlterOpWord { opcode: Dec, arg: Count })); STATE: ExecuteInstruction { tick_count: 1 }
  [DEBUG lab3_rust::machine::control_unit] TICK:  337; REGS: eax:0x00000022, ebx:0x00000000, ecx:0x00000000, edx:0x00000015, eip:0x0000000e, esp:0x00001000; FLAGS: F|T|T; INSTR: OpHigher(Branch(BranchOpHigher { opcode: Jnz, arg_higher: 0 })); STATE: ExecuteInstruction { tick_count: 1 }
  [DEBUG lab3_rust::machine::control_unit] TICK:  347; REGS: eax:0x00000022, ebx:0x00000000, ecx:0x00000000, edx:0x00000015, eip:0x00000010, esp:0x00001000; FLAGS: F|T|T; INSTR: OpHigher(Math(MathOpHigher { opcode: Mov, args: RegImmed(Count, 0) })); STATE: ExecuteInstruction { tick_count: 1 }
  [DEBUG lab3_rust::machine::control_unit] TICK:  357; REGS: eax:0x00000022, ebx:0x00000000, ecx:0x00000003, edx:0x00000015, eip:0x00000012, esp:0x00001000; FLAGS: F|F|F; INSTR: OpHigher(Math(MathOpHigher { opcode: Cmp, args: RegImmed(Accumulator, 61) })); STATE: ExecuteInstruction { tick_count: 1 }
  [DEBUG lab3_rust::machine::control_unit] TICK:  367; REGS: eax:0x00000022, ebx:0x00000000, ecx:0x00000003, edx:0x00000015, eip:0x00000014, esp:0x00001000; FLAGS: T|F|F; INSTR: OpHigher(Branch(BranchOpHigher { opcode: Jns, arg_higher: 0 })); STATE: ExecuteInstruction { tick_count: 1 }
  [DEBUG lab3_rust::machine::control_unit] TICK:  377; REGS: eax:0x00000022, ebx:0x00000000, ecx:0x00000003, edx:0x00000015, eip:0x00000016, esp:0x00001000; FLAGS: T|F|F; INSTR: OpHigher(Math(MathOpHigher { opcode: Add, args: RegToMem(Accumulator, 0) })); STATE: ExecuteInstruction { tick_count: 1 }
  [DEBUG lab3_rust::machine::control_unit] TICK:  390; REGS: eax:0x00000022, ebx:0x00000000, ecx:0x00000003, edx:0x00000015, eip:0x00000018, esp:0x00001000; FLAGS: F|F|F; INSTR: OpHigher(Branch(BranchOpHigher { opcode: Jmp, arg_higher: 0 })); STATE: ExecuteInstruction { tick_count: 1 }
  [DEBUG lab3_rust::machine::control_unit] TICK:  394; REGS: eax:0x00000022, ebx:0x00000000, ecx:0x00000003, edx:0x00000015, eip:0x00000007, esp:0x00001000; FLAGS: F|F|F; INSTR: OpHigher(Math(MathOpHigher { opcode: Mov, args: RegToReg(Data, Accumulator) })); STATE: ExecuteInstruction { tick_count: 1 }
  [DEBUG lab3_rust::machine::control_unit] TICK:  404; REGS: eax:0x00000022, ebx:0x00000000, ecx:0x00000003, edx:0x00000022, eip:0x00000009, esp:0x00001000; FLAGS: F|F|F; INSTR: OpHigher(Math(MathOpHigher { opcode: Add, args: MemToReg(Accumulator, 0) })); STATE: ExecuteInstruction { tick_count: 1 }
  [DEBUG lab3_rust::machine::control_unit] TICK:  416; REGS: eax:0x00000037, ebx:0x00000000, ecx:0x00000003, edx:0x00000022, eip:0x0000000b, esp:0x00001000; FLAGS: F|F|F; INSTR: OpHigher(Math(MathOpHigher { opcode: Mov, args: RegToMem(Data, 0) })); STATE: ExecuteInstruction { tick_count: 1 }
  [DEBUG lab3_rust::machine::control_unit] TICK:  424; REGS: eax:0x00000037, ebx:0x00000000, ecx:0x00000003, edx:0x00000022, eip:0x0000000c, esp:0x00001000; FLAGS: F|F|F; INSTR: OpHigher(Alter(AlterOpWord { opcode: Dec, arg: Count })); STATE: ExecuteInstruction { tick_count: 1 }
  [DEBUG lab3_rust::machine::control_unit] TICK:  434; REGS: eax:0x00000037, ebx:0x00000000, ecx:0x00000002, edx:0x00000022, eip:0x0000000e, esp:0x00001000; FLAGS: F|F|T; INSTR: OpHigher(Branch(BranchOpHigher { opcode: Jnz, arg_higher: 0 })); STATE: ExecuteInstruction { tick_count: 1 }
  [DEBUG lab3_rust::machine::control_unit] TICK:  438; REGS: eax:0x00000037, ebx:0x00000000, ecx:0x00000002, edx:0x00000022, eip:0x00000007, esp:0x00001000; FLAGS: F|F|T; INSTR: OpHigher(Math(MathOpHigher { opcode: Mov, args: RegToReg(Data, Accumulator) })); STATE: ExecuteInstruction { tick_count: 1 }
  [DEBUG lab3_rust::machine::control_unit] TICK:  448; REGS: eax:0x00000037, ebx:0x00000000, ecx:0x00000002, edx:0x00000037, eip:0x00000009, esp:0x00001000; FLAGS: F|F|F; INSTR: OpHigher(Math(MathOpHigher { opcode: Add, args: MemToReg(Accumulator, 0) })); STATE: ExecuteInstruction { tick_count: 1 }
  [DEBUG lab3_rust::machine::control_unit] TICK:  460; REGS: eax:0x00000059, ebx:0x00000000, ecx:0x00000002, edx:0x00000037, eip:0x0000000b, esp:0x00001000; FLAGS: F|F|F; INSTR: OpHigher(Math(MathOpHigher { opcode: Mov, args: RegToMem(Data, 0) })); STATE: ExecuteInstruction { tick_count: 1 }
  [DEBUG lab3_rust::machine::control_unit] TICK:  468; REGS: eax:0x00000059, ebx:0x00000000, ecx:0x00000002, edx:0x00000037, eip:0x0000000c, esp:0x00001000; FLAGS: F|F|F; INSTR: OpHigher(Alter(AlterOpWord { opcode: Dec, arg: Count })); STATE: ExecuteInstruction { tick_count: 1 }
  [DEBUG lab3_rust::machine::control_unit] TICK:  478; REGS: eax:0x00000059, ebx:0x00000000, ecx:0x00000001, edx:0x00000037, eip:0x0000000e, esp:0x00001000; FLAGS: F|F|T; INSTR: OpHigher(Branch(BranchOpHigher { opcode: Jnz, arg_higher: 0 })); STATE: ExecuteInstruction { tick_count: 1 }
  [DEBUG lab3_rust::machine::control_unit] TICK:  482; REGS: eax:0x00000059, ebx:0x00000000, ecx:0x00000001, edx:0x00000037, eip:0x00000007, esp:0x00001000; FLAGS: F|F|T; INSTR: OpHigher(Math(MathOpHigher { opcode: Mov, args: RegToReg(Data, Accumulator) })); STATE: ExecuteInstruction { tick_count: 1 }
  [DEBUG lab3_rust::machine::control_unit] TICK:  492; REGS: eax:0x00000059, ebx:0x00000000, ecx:0x00000001, edx:0x00000059, eip:0x00000009, esp:0x00001000; FLAGS: F|F|F; INSTR: OpHigher(Math(MathOpHigher { opcode: Add, args: MemToReg(Accumulator, 0) })); STATE: ExecuteInstruction { tick_count: 1 }
  [DEBUG lab3_rust::machine::control_unit] TICK:  504; REGS: eax:0x00000090, ebx:0x00000000, ecx:0x00000001, edx:0x00000059, eip:0x0000000b, esp:0x00001000; FLAGS: F|F|F; INSTR: OpHigher(Math(MathOpHigher { opcode: Mov, args: RegToMem(Data, 0) })); STATE: ExecuteInstruction { tick_count: 1 }
  [DEBUG lab3_rust::machine::control_unit] TICK:  512; REGS: eax:0x00000090, ebx:0x00000000, ecx:0x00000001, edx:0x00000059, eip:0x0000000c, esp:0x00001000; FLAGS: F|F|F; INSTR: OpHigher(Alter(AlterOpWord { opcode: Dec, arg: Count })); STATE: ExecuteInstruction { tick_count: 1 }
  [DEBUG lab3_rust::machine::control_unit] TICK:  522; REGS: eax:0x00000090, ebx:0x00000000, ecx:0x00000000, edx:0x00000059, eip:0x0000000e, esp:0x00001000; FLAGS: F|T|T; INSTR: OpHigher(Branch(BranchOpHigher { opcode: Jnz, arg_higher: 0 })); STATE: ExecuteInstruction { tick_count: 1 }
  [DEBUG lab3_rust::machine::control_unit] TICK:  532; REGS: eax:0x00000090, ebx:0x00000000, ecx:0x00000000, edx:0x00000059, eip:0x00000010, esp:0x00001000; FLAGS: F|T|T; INSTR: OpHigher(Math(MathOpHigher { opcode: Mov, args: RegImmed(Count, 0) })); STATE: ExecuteInstruction { tick_count: 1 }
  [DEBUG lab3_rust::machine::control_unit] TICK:  542; REGS: eax:0x00000090, ebx:0x00000000, ecx:0x00000003, edx:0x00000059, eip:0x00000012, esp:0x00001000; FLAGS: F|F|F; INSTR: OpHigher(Math(MathOpHigher { opcode: Cmp, args: RegImmed(Accumulator, 61) })); STATE: ExecuteInstruction { tick_count: 1 }
  [DEBUG lab3_rust::machine::control_unit] TICK:  552; REGS: eax:0x00000090, ebx:0x00000000, ecx:0x00000003, edx:0x00000059, eip:0x00000014, esp:0x00001000; FLAGS: T|F|F; INSTR: OpHigher(Branch(BranchOpHigher { opcode: Jns, arg_higher: 0 })); STATE: ExecuteInstruction { tick_count: 1 }
  [DEBUG lab3_rust::machine::control_unit] TICK:  562; REGS: eax:0x00000090, ebx:0x00000000, ecx:0x00000003, edx:0x00000059, eip:0x00000016, esp:0x00001000; FLAGS: T|F|F; INSTR: OpHigher(Math(MathOpHigher { opcode: Add, args: RegToMem(Accumulator, 0) })); STATE: ExecuteInstruction { tick_count: 1 }
  [DEBUG lab3_rust::machine::control_unit] TICK:  575; REGS: eax:0x00000090, ebx:0x00000000, ecx:0x00000003, edx:0x00000059, eip:0x00000018, esp:0x00001000; FLAGS: F|F|F; INSTR: OpHigher(Branch(BranchOpHigher { opcode: Jmp, arg_higher: 0 })); STATE: ExecuteInstruction { tick_count: 1 }
  [DEBUG lab3_rust::machine::control_unit] TICK:  579; REGS: eax:0x00000090, ebx:0x00000000, ecx:0x00000003, edx:0x00000059, eip:0x00000007, esp:0x00001000; FLAGS: F|F|F; INSTR: OpHigher(Math(MathOpHigher { opcode: Mov, args: RegToReg(Data, Accumulator) })); STATE: ExecuteInstruction { tick_count: 1 }
  [DEBUG lab3_rust::machine::control_unit] TICK:  589; REGS: eax:0x00000090, ebx:0x00000000, ecx:0x00000003, edx:0x00000090, eip:0x00000009, esp:0x00001000; FLAGS: F|F|F; INSTR: OpHigher(Math(MathOpHigher { opcode: Add, args: MemToReg(Accumulator, 0) })); STATE: ExecuteInstruction { tick_count: 1 }
  [DEBUG lab3_rust::machine::control_unit] TICK:  601; REGS: eax:0x000000e9, ebx:0x00000000, ecx:0x00000003, edx:0x00000090, eip:0x0000000b, esp:0x00001000; FLAGS: F|F|F; INSTR: OpHigher(Math(MathOpHigher { opcode: Mov, args: RegToMem(Data, 0) })); STATE: ExecuteInstruction { tick_count: 1 }
  [DEBUG lab3_rust::machine::control_unit] TICK:  609; REGS: eax:0x000000e9, ebx:0x00000000, ecx:0x00000003, edx:0x00000090, eip:0x0000000c, esp:0x00001000; FLAGS: F|F|F; INSTR: OpHigher(Alter(AlterOpWord { opcode: Dec, arg: Count })); STATE: ExecuteInstruction { tick_count: 1 }
  [DEBUG lab3_rust::machine::control_unit] TICK:  619; REGS: eax:0x000000e9, ebx:0x00000000, ecx:0x00000002, edx:0x00000090, eip:0x0000000e, esp:0x00001000; FLAGS: F|F|T; INSTR: OpHigher(Branch(BranchOpHigher { opcode: Jnz, arg_higher: 0 })); STATE: ExecuteInstruction { tick_count: 1 }
  [DEBUG lab3_rust::machine::control_unit] TICK:  623; REGS: eax:0x000000e9, ebx:0x00000000, ecx:0x00000002, edx:0x00000090, eip:0x00000007, esp:0x00001000; FLAGS: F|F|T; INSTR: OpHigher(Math(MathOpHigher { opcode: Mov, args: RegToReg(Data, Accumulator) })); STATE: ExecuteInstruction { tick_count: 1 }
  [DEBUG lab3_rust::machine::control_unit] TICK:  633; REGS: eax:0x000000e9, ebx:0x00000000, ecx:0x00000002, edx:0x000000e9, eip:0x00000009, esp:0x00001000; FLAGS: F|F|F; INSTR: OpHigher(Math(MathOpHigher { opcode: Add, args: MemToReg(Accumulator, 0) })); STATE: ExecuteInstruction { tick_count: 1 }
  [DEBUG lab3_rust::machine::control_unit] TICK:  645; REGS: eax:0x00000179, ebx:0x00000000, ecx:0x00000002, edx:0x000000e9, eip:0x0000000b, esp:0x00001000; FLAGS: F|F|F; INSTR: OpHigher(Math(MathOpHigher { opcode: Mov, args: RegToMem(Data, 0) })); STATE: ExecuteInstruction { tick_count: 1 }
  [DEBUG lab3_rust::machine::control_unit] TICK:  653; REGS: eax:0x00000179, ebx:0x00000000, ecx:0x00000002, edx:0x000000e9, eip:0x0000000c, esp:0x00001000; FLAGS: F|F|F; INSTR: OpHigher(Alter(AlterOpWord { opcode: Dec, arg: Count })); STATE: ExecuteInstruction { tick_count: 1 }
  [DEBUG lab3_rust::machine::control_unit] TICK:  663; REGS: eax:0x00000179, ebx:0x00000000, ecx:0x00000001, edx:0x000000e9, eip:0x0000000e, esp:0x00001000; FLAGS: F|F|T; INSTR: OpHigher(Branch(BranchOpHigher { opcode: Jnz, arg_higher: 0 })); STATE: ExecuteInstruction { tick_count: 1 }
  [DEBUG lab3_rust::machine::control_unit] TICK:  667; REGS: eax:0x00000179, ebx:0x00000000, ecx:0x00000001, edx:0x000000e9, eip:0x00000007, esp:0x00001000; FLAGS: F|F|T; INSTR: OpHigher(Math(MathOpHigher { opcode: Mov, args: RegToReg(Data, Accumulator) })); STATE: ExecuteInstruction { tick_count: 1 }
  [DEBUG lab3_rust::machine::control_unit] TICK:  677; REGS: eax:0x00000179, ebx:0x00000000, ecx:0x00000001, edx:0x00000179, eip:0x00000009, esp:0x00001000; FLAGS: F|F|F; INSTR: OpHigher(Math(MathOpHigher { opcode: Add, args: MemToReg(Accumulator, 0) })); STATE: ExecuteInstruction { tick_count: 1 }
  [DEBUG lab3_rust::machine::control_unit] TICK:  689; REGS: eax:0x00000262, ebx:0x00000000, ecx:0x00000001, edx:0x00000179, eip:0x0000000b, esp:0x00001000; FLAGS: F|F|F; INSTR: OpHigher(Math(MathOpHigher { opcode: Mov, args: RegToMem(Data, 0) })); STATE: ExecuteInstruction { tick_count: 1 }
  [DEBUG lab3_rust::machine::control_unit] TICK:  697; REGS: eax:0x00000262, ebx:0x00000000, ecx:0x00000001, edx:0x00000179, eip:0x0000000c, esp:0x00001000; FLAGS: F|F|F; INSTR: OpHigher(Alter(AlterOpWord { opcode: Dec, arg: Count })); STATE: ExecuteInstruction { tick_count: 1 }
  [DEBUG lab3_rust::machine::control_unit] TICK:  707; REGS: eax:0x00000262, ebx:0x00000000, ecx:0x00000000, edx:0x00000179, eip:0x0000000e, esp:0x00001000; FLAGS: F|T|T; INSTR: OpHigher(Branch(BranchOpHigher { opcode: Jnz, arg_higher: 0 })); STATE: ExecuteInstruction { tick_count: 1 }
  [DEBUG lab3_rust::machine::control_unit] TICK:  717; REGS: eax:0x00000262, ebx:0x00000000, ecx:0x00000000, edx:0x00000179, eip:0x00000010, esp:0x00001000; FLAGS: F|T|T; INSTR: OpHigher(Math(MathOpHigher { opcode: Mov, args: RegImmed(Count, 0) })); STATE: ExecuteInstruction { tick_count: 1 }
  [DEBUG lab3_rust::machine::control_unit] TICK:  727; REGS: eax:0x00000262, ebx:0x00000000, ecx:0x00000003, edx:0x00000179, eip:0x00000012, esp:0x00001000; FLAGS: F|F|F; INSTR: OpHigher(Math(MathOpHigher { opcode: Cmp, args: RegImmed(Accumulator, 61) })); STATE: ExecuteInstruction { tick_count: 1 }
  [DEBUG lab3_rust::machine::control_unit] TICK:  737; REGS: eax:0x00000262, ebx:0x00000000, ecx:0x00000003, edx:0x00000179, eip:0x00000014, esp:0x00001000; FLAGS: T|F|F; INSTR: OpHigher(Branch(BranchOpHigher { opcode: Jns, arg_higher: 0 })); STATE: ExecuteInstruction { tick_count: 1 }
  [DEBUG lab3_rust::machine::control_unit] TICK:  747; REGS: eax:0x00000262, ebx:0x00000000, ecx:0x00000003, edx:0x00000179, eip:0x00000016, esp:0x00001000; FLAGS: T|F|F; INSTR: OpHigher(Math(MathOpHigher { opcode: Add, args: RegToMem(Accumulator, 0) })); STATE: ExecuteInstruction { tick_count: 1 }
  [DEBUG lab3_rust::machine::control_unit] TICK:  760; REGS: eax:0x00000262, ebx:0x00000000, ecx:0x00000003, edx:0x00000179, eip:0x00000018, esp:0x00001000; FLAGS: F|F|F; INSTR: OpHigher(Branch(BranchOpHigher { opcode: Jmp, arg_higher: 0 })); STATE: ExecuteInstruction { tick_count: 1 }
  [DEBUG lab3_rust::machine::control_unit] TICK:  764; REGS: eax:0x00000262, ebx:0x00000000, ecx:0x00000003, edx:0x00000179, eip:0x00000007, esp:0x00001000; FLAGS: F|F|F; INSTR: OpHigher(Math(MathOpHigher { opcode: Mov, args: RegToReg(Data, Accumulator) })); STATE: ExecuteInstruction { tick_count: 1 }
  [DEBUG lab3_rust::machine::control_unit] TICK:  774; REGS: eax:0x00000262, ebx:0x00000000, ecx:0x00000003, edx:0x00000262, eip:0x00000009, esp:0x00001000; FLAGS: F|F|F; INSTR: OpHigher(Math(MathOpHigher { opcode: Add, args: MemToReg(Accumulator, 0) })); STATE: ExecuteInstruction { tick_count: 1 }
  [DEBUG lab3_rust::machine::control_unit] TICK:  786; REGS: eax:0x000003db, ebx:0x00000000, ecx:0x00000003, edx:0x00000262, eip:0x0000000b, esp:0x00001000; FLAGS: F|F|F; INSTR: OpHigher(Math(MathOpHigher { opcode: Mov, args: RegToMem(Data, 0) })); STATE: ExecuteInstruction { tick_count: 1 }
  [DEBUG lab3_rust::machine::control_unit] TICK:  794; REGS: eax:0x000003db, ebx:0x00000000, ecx:0x00000003, edx:0x00000262, eip:0x0000000c, esp:0x00001000; FLAGS: F|F|F; INSTR: OpHigher(Alter(AlterOpWord { opcode: Dec, arg: Count })); STATE: ExecuteInstruction { tick_count: 1 }
  [DEBUG lab3_rust::machine::control_unit] TICK:  804; REGS: eax:0x000003db, ebx:0x00000000, ecx:0x00000002, edx:0x00000262, eip:0x0000000e, esp:0x00001000; FLAGS: F|F|T; INSTR: OpHigher(Branch(BranchOpHigher { opcode: Jnz, arg_higher: 0 })); STATE: ExecuteInstruction { tick_count: 1 }
  [DEBUG lab3_rust::machine::control_unit] TICK:  808; REGS: eax:0x000003db, ebx:0x00000000, ecx:0x00000002, edx:0x00000262, eip:0x00000007, esp:0x00001000; FLAGS: F|F|T; INSTR: OpHigher(Math(MathOpHigher { opcode: Mov, args: RegToReg(Data, Accumulator) })); STATE: ExecuteInstruction { tick_count: 1 }
  [DEBUG lab3_rust::machine::control_unit] TICK:  818; REGS: eax:0x000003db, ebx:0x00000000, ecx:0x00000002, edx:0x000003db, eip:0x00000009, esp:0x00001000; FLAGS: F|F|F; INSTR: OpHigher(Math(MathOpHigher { opcode: Add, args: MemToReg(Accumulator, 0) })); STATE: ExecuteInstruction { tick_count: 1 }
  [DEBUG lab3_rust::machine::control_unit] TICK:  830; REGS: eax:0x0000063d, ebx:0x00000000, ecx:0x00000002, edx:0x000003db, eip:0x0000000b, esp:0x00001000; FLAGS: F|F|F; INSTR: OpHigher(Math(MathOpHigher { opcode: Mov, args: RegToMem(Data, 0) })); STATE: ExecuteInstruction { tick_count: 1 }
  [DEBUG lab3_rust::machine::control_unit] TICK:  838; REGS: eax:0x0000063d, ebx:0x00000000, ecx:0x00000002, edx:0x000003db, eip:0x0000000c, esp:0x00001000; FLAGS: F|F|F; INSTR: OpHigher(Alter(AlterOpWord { opcode: Dec, arg: Count })); STATE: ExecuteInstruction { tick_count: 1 }
  [DEBUG lab3_rust::machine::control_unit] TICK:  848; REGS: eax:0x0000063d, ebx:0x00000000, ecx:0x00000001, edx:0x000003db, eip:0x0000000e, esp:0x00001000; FLAGS: F|F|T; INSTR: OpHigher(Branch(BranchOpHigher { opcode: Jnz, arg_higher: 0 })); STATE: ExecuteInstruction { tick_count: 1 }
  [DEBUG lab3_rust::machine::control_unit] TICK:  852; REGS: eax:0x0000063d, ebx:0x00000000, ecx:0x00000001, edx:0x000003db, eip:0x00000007, esp:0x00001000; FLAGS: F|F|T; INSTR: OpHigher(Math(MathOpHigher { opcode: Mov, args: RegToReg(Data, Accumulator) })); STATE: ExecuteInstruction { tick_count: 1 }
  [DEBUG lab3_rust::machine::control_unit] TICK:  862; REGS: eax:0x0000063d, ebx:0x00000000, ecx:0x00000001, edx:0x0000063d, eip:0x00000009, esp:0x00001000; FLAGS: F|F|F; INSTR: OpHigher(Math(MathOpHigher { opcode: Add, args: MemToReg(Accumulator, 0) })); STATE: ExecuteInstruction { tick_count: 1 }
  [DEBUG lab3_rust::machine::control_unit] TICK:  874; REGS: eax:0x00000a18, ebx:0x00000000, ecx:0x00000001, edx:0x0000063d, eip:0x0000000b, esp:0x00001000; FLAGS: F|F|F; INSTR: OpHigher(Math(MathOpHigher { opcode: Mov, args: RegToMem(Data, 0) })); STATE: ExecuteInstruction { tick_count: 1 }
  [DEBUG lab3_rust::machine::control_unit] TICK:  882; REGS: eax:0x00000a18, ebx:0x00000000, ecx:0x00000001, edx:0x0000063d, eip:0x0000000c, esp:0x00001000; FLAGS: F|F|F; INSTR: OpHigher(Alter(AlterOpWord { opcode: Dec, arg: Count })); STATE: ExecuteInstruction { tick_count: 1 }
  [DEBUG lab3_rust::machine::control_unit] TICK:  892; REGS: eax:0x00000a18, ebx:0x00000000, ecx:0x00000000, edx:0x0000063d, eip:0x0000000e, esp:0x00001000; FLAGS: F|T|T; INSTR: OpHigher(Branch(BranchOpHigher { opcode: Jnz, arg_higher: 0 })); STATE: ExecuteInstruction { tick_count: 1 }
  [DEBUG lab3_rust::machine::control_unit] TICK:  902; REGS: eax:0x00000a18, ebx:0x00000000, ecx:0x00000000, edx:0x0000063d, eip:0x00000010, esp:0x00001000; FLAGS: F|T|T; INSTR: OpHigher(Math(MathOpHigher { opcode: Mov, args: RegImmed(Count, 0) })); STATE: ExecuteInstruction { tick_count: 1 }
  [DEBUG lab3_rust::machine::control_unit] TICK:  912; REGS: eax:0x00000a18, ebx:0x00000000, ecx:0x00000003, edx:0x0000063d, eip:0x00000012, esp:0x00001000; FLAGS: F|F|F; INSTR: OpHigher(Math(MathOpHigher { opcode: Cmp, args: RegImmed(Accumulator, 61) })); STATE: ExecuteInstruction { tick_count: 1 }
  [DEBUG lab3_rust::machine::control_unit] TICK:  922; REGS: eax:0x00000a18, ebx:0x00000000, ecx:0x00000003, edx:0x0000063d, eip:0x00000014, esp:0x00001000; FLAGS: T|F|F; INSTR: OpHigher(Branch(BranchOpHigher { opcode: Jns, arg_higher: 0 })); STATE: ExecuteInstruction { tick_count: 1 }
  [DEBUG lab3_rust::machine::control_unit] TICK:  932; REGS: eax:0x00000a18, ebx:0x00000000, ecx:0x00000003, edx:0x0000063d, eip:0x00000016, esp:0x00001000; FLAGS: T|F|F; INSTR: OpHigher(Math(MathOpHigher { opcode: Add, args: RegToMem(Accumulator, 0) })); STATE: ExecuteInstruction { tick_count: 1 }
  [DEBUG lab3_rust::machine::control_unit] TICK:  945; REGS: eax:0x00000a18, ebx:0x00000000, ecx:0x00000003, edx:0x0000063d, eip:0x00000018, esp:0x00001000; FLAGS: F|F|F; INSTR: OpHigher(Branch(BranchOpHigher { opcode: Jmp, arg_higher: 0 })); STATE: ExecuteInstruction { tick_count: 1 }
  [DEBUG lab3_rust::machine::control_unit] TICK:  949; REGS: eax:0x00000a18, ebx:0x00000000, ecx:0x00000003, edx:0x0000063d, eip:0x00000007, esp:0x00001000; FLAGS: F|F|F; INSTR: OpHigher(Math(MathOpHigher { opcode: Mov, args: RegToReg(Data, Accumulator) })); STATE: ExecuteInstruction { tick_count: 1 }
  [DEBUG lab3_rust::machine::control_unit] TICK:  959; REGS: eax:0x00000a18, ebx:0x00000000, ecx:0x00000003, edx:0x00000a18, eip:0x00000009, esp:0x00001000; FLAGS: F|F|F; INSTR: OpHigher(Math(MathOpHigher { opcode: Add, args: MemToReg(Accumulator, 0) })); STATE: ExecuteInstruction { tick_count: 1 }
  [DEBUG lab3_rust::machine::control_unit] TICK:  971; REGS: eax:0x00001055, ebx:0x00000000, ecx:0x00000003, edx:0x00000a18, eip:0x0000000b, esp:0x00001000; FLAGS: F|F|F; INSTR: OpHigher(Math(MathOpHigher { opcode: Mov, args: RegToMem(Data, 0) })); STATE: ExecuteInstruction { tick_count: 1 }
  [DEBUG lab3_rust::machine::control_unit] TICK:  979; REGS: eax:0x00001055, ebx:0x00000000, ecx:0x00000003, edx:0x00000a18, eip:0x0000000c, esp:0x00001000; FLAGS: F|F|F; INSTR: OpHigher(Alter(AlterOpWord { opcode: Dec, arg: Count })); STATE: ExecuteInstruction { tick_count: 1 }
  [DEBUG lab3_rust::machine::control_unit] TICK:  989; REGS: eax:0x00001055, ebx:0x00000000, ecx:0x00000002, edx:0x00000a18, eip:0x0000000e, esp:0x00001000; FLAGS: F|F|T; INSTR: OpHigher(Branch(BranchOpHigher { opcode: Jnz, arg_higher: 0 })); STATE: ExecuteInstruction { tick_count: 1 }
  [DEBUG lab3_rust::machine::control_unit] TICK:  993; REGS: eax:0x00001055, ebx:0x00000000, ecx:0x00000002, edx:0x00000a18, eip:0x00000007, esp:0x00001000; FLAGS: F|F|T; INSTR: OpHigher(Math(MathOpHigher { opcode: Mov, args: RegToReg(Data, Accumulator) })); STATE: ExecuteInstruction { tick_count: 1 }
  [DEBUG lab3_rust::machine::control_unit] TICK: 1003; REGS: eax:0x00001055, ebx:0x00000000, ecx:0x00000002, edx:0x00001055, eip:0x00000009, esp:0x00001000; FLAGS: F|F|F; INSTR: OpHigher(Math(MathOpHigher { opcode: Add, args: MemToReg(Accumulator, 0) })); STATE: ExecuteInstruction { tick_count: 1 }
  [DEBUG lab3_rust::machine::control_unit] TICK: 1015; REGS: eax:0x00001a6d, ebx:0x00000000, ecx:0x00000002, edx:0x00001055, eip:0x0000000b, esp:0x00001000; FLAGS: F|F|F; INSTR: OpHigher(Math(MathOpHigher { opcode: Mov, args: RegToMem(Data, 0) })); STATE: ExecuteInstruction { tick_count: 1 }
  [DEBUG lab3_rust::machine::control_unit] TICK: 1023; REGS: eax:0x00001a6d, ebx:0x00000000, ecx:0x00000002, edx:0x00001055, eip:0x0000000c, esp:0x00001000; FLAGS: F|F|F; INSTR: OpHigher(Alter(AlterOpWord { opcode: Dec, arg: Count })); STATE: ExecuteInstruction { tick_count: 1 }
  [DEBUG lab3_rust::machine::control_unit] TICK: 1033; REGS: eax:0x00001a6d, ebx:0x00000000, ecx:0x00000001, edx:0x00001055, eip:0x0000000e, esp:0x00001000; FLAGS: F|F|T; INSTR: OpHigher(Branch(BranchOpHigher { opcode: Jnz, arg_higher: 0 })); STATE: ExecuteInstruction { tick_count: 1 }
  [DEBUG lab3_rust::machine::control_unit] TICK: 1037; REGS: eax:0x00001a6d, ebx:0x00000000, ecx:0x00000001, edx:0x00001055, eip:0x00000007, esp:0x00001000; FLAGS: F|F|T; INSTR: OpHigher(Math(MathOpHigher { opcode: Mov, args: RegToReg(Data, Accumulator) })); STATE: ExecuteInstruction { tick_count: 1 }
  [DEBUG lab3_rust::machine::control_unit] TICK: 1047; REGS: eax:0x00001a6d, ebx:0x00000000, ecx:0x00000001, edx:0x00001a6d, eip:0x00000009, esp:0x00001000; FLAGS: F|F|F; INSTR: OpHigher(Math(MathOpHigher { opcode: Add, args: MemToReg(Accumulator, 0) })); STATE: ExecuteInstruction { tick_count: 1 }
  [DEBUG lab3_rust::machine::control_unit] TICK: 1059; REGS: eax:0x00002ac2, ebx:0x00000000, ecx:0x00000001, edx:0x00001a6d, eip:0x0000000b, esp:0x00001000; FLAGS: F|F|F; INSTR: OpHigher(Math(MathOpHigher { opcode: Mov, args: RegToMem(Data, 0) })); STATE: ExecuteInstruction { tick_count: 1 }
  [DEBUG lab3_rust::machine::control_unit] TICK: 1067; REGS: eax:0x00002ac2, ebx:0x00000000, ecx:0x00000001, edx:0x00001a6d, eip:0x0000000c, esp:0x00001000; FLAGS: F|F|F; INSTR: OpHigher(Alter(AlterOpWord { opcode: Dec, arg: Count })); STATE: ExecuteInstruction { tick_count: 1 }
  [DEBUG lab3_rust::machine::control_unit] TICK: 1077; REGS: eax:0x00002ac2, ebx:0x00000000, ecx:0x00000000, edx:0x00001a6d, eip:0x0000000e, esp:0x00001000; FLAGS: F|T|T; INSTR: OpHigher(Branch(BranchOpHigher { opcode: Jnz, arg_higher: 0 })); STATE: ExecuteInstruction { tick_count: 1 }
  [DEBUG lab3_rust::machine::control_unit] TICK: 1087; REGS: eax:0x00002ac2, ebx:0x00000000, ecx:0x00000000, edx:0x00001a6d, eip:0x00000010, esp:0x00001000; FLAGS: F|T|T; INSTR: OpHigher(Math(MathOpHigher { opcode: Mov, args: RegImmed(Count, 0) })); STATE: ExecuteInstruction { tick_count: 1 }
  [DEBUG lab3_rust::machine::control_unit] TICK: 1097; REGS: eax:0x00002ac2, ebx:0x00000000, ecx:0x00000003, edx:0x00001a6d, eip:0x00000012, esp:0x00001000; FLAGS: F|F|F; INSTR: OpHigher(Math(MathOpHigher { opcode: Cmp, args: RegImmed(Accumulator, 61) })); STATE: ExecuteInstruction { tick_count: 1 }
  [DEBUG lab3_rust::machine::control_unit] TICK: 1107; REGS: eax:0x00002ac2, ebx:0x00000000, ecx:0x00000003, edx:0x00001a6d, eip:0x00000014, esp:0x00001000; FLAGS: T|F|F; INSTR: OpHigher(Branch(BranchOpHigher { opcode: Jns, arg_higher: 0 })); STATE: ExecuteInstruction { tick_count: 1 }
  [DEBUG lab3_rust::machine::control_unit] TICK: 1117; REGS: eax:0x00002ac2, ebx:0x00000000, ecx:0x00000003, edx:0x00001a6d, eip:0x00000016, esp:0x00001000; FLAGS: T|F|F; INSTR: OpHigher(Math(MathOpHigher { opcode: Add, args: RegToMem(Accumulator, 0) })); STATE: ExecuteInstruction { tick_count: 1 }
  [DEBUG lab3_rust::machine::control_unit] TICK: 1130; REGS: eax:0x00002ac2, ebx:0x00000000, ecx:0x00000003, edx:0x00001a6d, eip:0x00000018, esp:0x00001000; FLAGS: F|F|F; INSTR: OpHigher(Branch(BranchOpHigher { opcode: Jmp, arg_higher: 0 })); STATE: ExecuteInstruction { tick_count: 1 }
  [DEBUG lab3_rust::machine::control_unit] TICK: 1134; REGS: eax:0x00002ac2, ebx:0x00000000, ecx:0x00000003, edx:0x00001a6d, eip:0x00000007, esp:0x00001000; FLAGS: F|F|F; INSTR: OpHigher(Math(MathOpHigher { opcode: Mov, args: RegToReg(Data, Accumulator) })); STATE: ExecuteInstruction { tick_count: 1 }
  [DEBUG lab3_rust::machine::control_unit] TICK: 1144; REGS: eax:0x00002ac2, ebx:0x00000000, ecx:0x00000003, edx:0x00002ac2, eip:0x00000009, esp:0x00001000; FLAGS: F|F|F; INSTR: OpHigher(Math(MathOpHigher { opcode: Add, args: MemToReg(Accumulator, 0) })); STATE: ExecuteInstruction { tick_count: 1 }
  [DEBUG lab3_rust::machine::control_unit] TICK: 1156; REGS: eax:0x0000452f, ebx:0x00000000, ecx:0x00000003, edx:0x00002ac2, eip:0x0000000b, esp:0x00001000; FLAGS: F|F|F; INSTR: OpHigher(Math(MathOpHigher { opcode: Mov, args: RegToMem(Data, 0) })); STATE: ExecuteInstruction { tick_count: 1 }
  [DEBUG lab3_rust::machine::control_unit] TICK: 1164; REGS: eax:0x0000452f, ebx:0x00000000, ecx:0x00000003, edx:0x00002ac2, eip:0x0000000c, esp:0x00001000; FLAGS: F|F|F; INSTR: OpHigher(Alter(AlterOpWord { opcode: Dec, arg: Count })); STATE: ExecuteInstruction { tick_count: 1 }
  [DEBUG lab3_rust::machine::control_unit] TICK: 1174; REGS: eax:0x0000452f, ebx:0x00000000, ecx:0x00000002, edx:0x00002ac2, eip:0x0000000e, esp:0x00001000; FLAGS: F|F|T; INSTR: OpHigher(Branch(BranchOpHigher { opcode: Jnz, arg_higher: 0 })); STATE: ExecuteInstruction { tick_count: 1 }
  [DEBUG lab3_rust::machine::control_unit] TICK: 1178; REGS: eax:0x0000452f, ebx:0x00000000, ecx:0x00000002, edx:0x00002ac2, eip:0x00000007, esp:0x00001000; FLAGS: F|F|T; INSTR: OpHigher(Math(MathOpHigher { opcode: Mov, args: RegToReg(Data, Accumulator) })); STATE: ExecuteInstruction { tick_count: 1 }
  [DEBUG lab3_rust::machine::control_unit] TICK: 1188; REGS: eax:0x0000452f, ebx:0x00000000, ecx:0x00000002, edx:0x0000452f, eip:0x00000009, esp:0x00001000; FLAGS: F|F|F; INSTR: OpHigher(Math(MathOpHigher { opcode: Add, args: MemToReg(Accumulator, 0) })); STATE: ExecuteInstruction { tick_count: 1 }
  [DEBUG lab3_rust::machine::control_unit] TICK: 1200; REGS: eax:0x00006ff1, ebx:0x00000000, ecx:0x00000002, edx:0x0000452f, eip:0x0000000b, esp:0x00001000; FLAGS: F|F|F; INSTR: OpHigher(Math(MathOpHigher { opcode: Mov, args: RegToMem(Data, 0) })); STATE: ExecuteInstruction { tick_count: 1 }
  [DEBUG lab3_rust::machine::control_unit] TICK: 1208; REGS: eax:0x00006ff1, ebx:0x00000000, ecx:0x00000002, edx:0x0000452f, eip:0x0000000c, esp:0x00001000; FLAGS: F|F|F; INSTR: OpHigher(Alter(AlterOpWord { opcode: Dec, arg: Count })); STATE: ExecuteInstruction { tick_count: 1 }
  [DEBUG lab3_rust::machine::control_unit] TICK: 1218; REGS: eax:0x00006ff1, ebx:0x00000000, ecx:0x00000001, edx:0x0000452f, eip:0x0000000e, esp:0x00001000; FLAGS: F|F|T; INSTR: OpHigher(Branch(BranchOpHigher { opcode: Jnz, arg_higher: 0 })); STATE: ExecuteInstruction { tick_count: 1 }
  [DEBUG lab3_rust::machine::control_unit] TICK: 1222; REGS: eax:0x00006ff1, ebx:0x00000000, ecx:0x00000001, edx:0x0000452f, eip:0x00000007, esp:0x00001000; FLAGS: F|F|T; INSTR: OpHigher(Math(MathOpHigher { opcode: Mov, args: RegToReg(Data, Accumulator) })); STATE: ExecuteInstruction { tick_count: 1 }
  [DEBUG lab3_rust::machine::control_unit] TICK: 1232; REGS: eax:0x00006ff1, ebx:0x00000000, ecx:0x00000001, edx:0x00006ff1, eip:0x00000009, esp:0x00001000; FLAGS: F|F|F; INSTR: OpHigher(Math(MathOpHigher { opcode: Add, args: MemToReg(Accumulator, 0) })); STATE: ExecuteInstruction { tick_count: 1 }
  [DEBUG lab3_rust::machine::control_unit] TICK: 1244; REGS: eax:0x0000b520, ebx:0x00000000, ecx:0x00000001, edx:0x00006ff1, eip:0x0000000b, esp:0x00001000; FLAGS: F|F|F; INSTR: OpHigher(Math(MathOpHigher { opcode: Mov, args: RegToMem(Data, 0) })); STATE: ExecuteInstruction { tick_count: 1 }
  [DEBUG lab3_rust::machine::control_unit] TICK: 1252; REGS: eax:0x0000b520, ebx:0x00000000, ecx:0x00000001, edx:0x00006ff1, eip:0x0000000c, esp:0x00001000; FLAGS: F|F|F; INSTR: OpHigher(Alter(AlterOpWord { opcode: Dec, arg: Count })); STATE: ExecuteInstruction { tick_count: 1 }
  [DEBUG lab3_rust::machine::control_unit] TICK: 1262; REGS: eax:0x0000b520, ebx:0x00000000, ecx:0x00000000, edx:0x00006ff1, eip:0x0000000e, esp:0x00001000; FLAGS: F|T|T; INSTR: OpHigher(Branch(BranchOpHigher { opcode: Jnz, arg_higher: 0 })); STATE: ExecuteInstruction { tick_count: 1 }
  [DEBUG lab3_rust::machine::control_unit] TICK: 1272; REGS: eax:0x0000b520, ebx:0x00000000, ecx:0x00000000, edx:0x00006ff1, eip:0x00000010, esp:0x00001000; FLAGS: F|T|T; INSTR: OpHigher(Math(MathOpHigher { opcode: Mov, args: RegImmed(Count, 0) })); STATE: ExecuteInstruction { tick_count: 1 }
  [DEBUG lab3_rust::machine::control_unit] TICK: 1282; REGS: eax:0x0000b520, ebx:0x00000000, ecx:0x00000003, edx:0x00006ff1, eip:0x00000012, esp:0x00001000; FLAGS: F|F|F; INSTR: OpHigher(Math(MathOpHigher { opcode: Cmp, args: RegImmed(Accumulator, 61) })); STATE: ExecuteInstruction { tick_count: 1 }
  [DEBUG lab3_rust::machine::control_unit] TICK: 1292; REGS: eax:0x0000b520, ebx:0x00000000, ecx:0x00000003, edx:0x00006ff1, eip:0x00000014, esp:0x00001000; FLAGS: T|F|F; INSTR: OpHigher(Branch(BranchOpHigher { opcode: Jns, arg_higher: 0 })); STATE: ExecuteInstruction { tick_count: 1 }
  [DEBUG lab3_rust::machine::control_unit] TICK: 1302; REGS: eax:0x0000b520, ebx:0x00000000, ecx:0x00000003, edx:0x00006ff1, eip:0x00000016, esp:0x00001000; FLAGS: T|F|F; INSTR: OpHigher(Math(MathOpHigher { opcode: Add, args: RegToMem(Accumulator, 0) })); STATE: ExecuteInstruction { tick_count: 1 }
  [DEBUG lab3_rust::machine::control_unit] TICK: 1315; REGS: eax:0x0000b520, ebx:0x00000000, ecx:0x00000003, edx:0x00006ff1, eip:0x00000018, esp:0x00001000; FLAGS: F|F|F; INSTR: OpHigher(Branch(BranchOpHigher { opcode: Jmp, arg_higher: 0 })); STATE: ExecuteInstruction { tick_count: 1 }
  [DEBUG lab3_rust::machine::control_unit] TICK: 1319; REGS: eax:0x0000b520, ebx:0x00000000, ecx:0x00000003, edx:0x00006ff1, eip:0x00000007, esp:0x00001000; FLAGS: F|F|F; INSTR: OpHigher(Math(MathOpHigher { opcode: Mov, args: RegToReg(Data, Accumulator) })); STATE: ExecuteInstruction { tick_count: 1 }
  [DEBUG lab3_rust::machine::control_unit] TICK: 1329; REGS: eax:0x0000b520, ebx:0x00000000, ecx:0x00000003, edx:0x0000b520, eip:0x00000009, esp:0x00001000; FLAGS: F|F|F; INSTR: OpHigher(Math(MathOpHigher { opcode: Add, args: MemToReg(Accumulator, 0) })); STATE: ExecuteInstruction { tick_count: 1 }
  [DEBUG lab3_rust::machine::control_unit] TICK: 1341; REGS: eax:0x00012511, ebx:0x00000000, ecx:0x00000003, edx:0x0000b520, eip:0x0000000b, esp:0x00001000; FLAGS: F|F|F; INSTR: OpHigher(Math(MathOpHigher { opcode: Mov, args: RegToMem(Data, 0) })); STATE: ExecuteInstruction { tick_count: 1 }
  [DEBUG lab3_rust::machine::control_unit] TICK: 1349; REGS: eax:0x00012511, ebx:0x00000000, ecx:0x00000003, edx:0x0000b520, eip:0x0000000c, esp:0x00001000; FLAGS: F|F|F; INSTR: OpHigher(Alter(AlterOpWord { opcode: Dec, arg: Count })); STATE: ExecuteInstruction { tick_count: 1 }
  [DEBUG lab3_rust::machine::control_unit] TICK: 1359; REGS: eax:0x00012511, ebx:0x00000000, ecx:0x00000002, edx:0x0000b520, eip:0x0000000e, esp:0x00001000; FLAGS: F|F|T; INSTR: OpHigher(Branch(BranchOpHigher { opcode: Jnz, arg_higher: 0 })); STATE: ExecuteInstruction { tick_count: 1 }
  [DEBUG lab3_rust::machine::control_unit] TICK: 1363; REGS: eax:0x00012511, ebx:0x00000000, ecx:0x00000002, edx:0x0000b520, eip:0x00000007, esp:0x00001000; FLAGS: F|F|T; INSTR: OpHigher(Math(MathOpHigher { opcode: Mov, args: RegToReg(Data, Accumulator) })); STATE: ExecuteInstruction { tick_count: 1 }
  [DEBUG lab3_rust::machine::control_unit] TICK: 1373; REGS: eax:0x00012511, ebx:0x00000000, ecx:0x00000002, edx:0x00012511, eip:0x00000009, esp:0x00001000; FLAGS: F|F|F; INSTR: OpHigher(Math(MathOpHigher { opcode: Add, args: MemToReg(Accumulator, 0) })); STATE: ExecuteInstruction { tick_count: 1 }
  [DEBUG lab3_rust::machine::control_unit] TICK: 1385; REGS: eax:0x0001da31, ebx:0x00000000, ecx:0x00000002, edx:0x00012511, eip:0x0000000b, esp:0x00001000; FLAGS: F|F|F; INSTR: OpHigher(Math(MathOpHigher { opcode: Mov, args: RegToMem(Data, 0) })); STATE: ExecuteInstruction { tick_count: 1 }
  [DEBUG lab3_rust::machine::control_unit] TICK: 1393; REGS: eax:0x0001da31, ebx:0x00000000, ecx:0x00000002, edx:0x00012511, eip:0x0000000c, esp:0x00001000; FLAGS: F|F|F; INSTR: OpHigher(Alter(AlterOpWord { opcode: Dec, arg: Count })); STATE: ExecuteInstruction { tick_count: 1 }
  [DEBUG lab3_rust::machine::control_unit] TICK: 1403; REGS: eax:0x0001da31, ebx:0x00000000, ecx:0x00000001, edx:0x00012511, eip:0x0000000e, esp:0x00001000; FLAGS: F|F|T; INSTR: OpHigher(Branch(BranchOpHigher { opcode: Jnz, arg_higher: 0 })); STATE: ExecuteInstruction { tick_count: 1 }
  [DEBUG lab3_rust::machine::control_unit] TICK: 1407; REGS: eax:0x0001da31, ebx:0x00000000, ecx:0x00000001, edx:0x00012511, eip:0x00000007, esp:0x00001000; FLAGS: F|F|T; INSTR: OpHigher(Math(MathOpHigher { opcode: Mov, args: RegToReg(Data, Accumulator) })); STATE: ExecuteInstruction { tick_count: 1 }
  [DEBUG lab3_rust::machine::control_unit] TICK: 1417; REGS: eax:0x0001da31, ebx:0x00000000, ecx:0x00000001, edx:0x0001da31, eip:0x00000009, esp:0x00001000; FLAGS: F|F|F; INSTR: OpHigher(Math(MathOpHigher { opcode: Add, args: MemToReg(Accumulator, 0) })); STATE: ExecuteInstruction { tick_count: 1 }
  [DEBUG lab3_rust::machine::control_unit] TICK: 1429; REGS: eax:0x0002ff42, ebx:0x00000000, ecx:0x00000001, edx:0x0001da31, eip:0x0000000b, esp:0x00001000; FLAGS: F|F|F; INSTR: OpHigher(Math(MathOpHigher { opcode: Mov, args: RegToMem(Data, 0) })); STATE: ExecuteInstruction { tick_count: 1 }
  [DEBUG lab3_rust::machine::control_unit] TICK: 1437; REGS: eax:0x0002ff42, ebx:0x00000000, ecx:0x00000001, edx:0x0001da31, eip:0x0000000c, esp:0x00001000; FLAGS: F|F|F; INSTR: OpHigher(Alter(AlterOpWord { opcode: Dec, arg: Count })); STATE: ExecuteInstruction { tick_count: 1 }
  [DEBUG lab3_rust::machine::control_unit] TICK: 1447; REGS: eax:0x0002ff42, ebx:0x00000000, ecx:0x00000000, edx:0x0001da31, eip:0x0000000e, esp:0x00001000; FLAGS: F|T|T; INSTR: OpHigher(Branch(BranchOpHigher { opcode: Jnz, arg_higher: 0 })); STATE: ExecuteInstruction { tick_count: 1 }
  [DEBUG lab3_rust::machine::control_unit] TICK: 1457; REGS: eax:0x0002ff42, ebx:0x00000000, ecx:0x00000000, edx:0x0001da31, eip:0x00000010, esp:0x00001000; FLAGS: F|T|T; INSTR: OpHigher(Math(MathOpHigher { opcode: Mov, args: RegImmed(Count, 0) })); STATE: ExecuteInstruction { tick_count: 1 }
  [DEBUG lab3_rust::machine::control_unit] TICK: 1467; REGS: eax:0x0002ff42, ebx:0x00000000, ecx:0x00000003, edx:0x0001da31, eip:0x00000012, esp:0x00001000; FLAGS: F|F|F; INSTR: OpHigher(Math(MathOpHigher { opcode: Cmp, args: RegImmed(Accumulator, 61) })); STATE: ExecuteInstruction { tick_count: 1 }
  [DEBUG lab3_rust::machine::control_unit] TICK: 1477; REGS: eax:0x0002ff42, ebx:0x00000000, ecx:0x00000003, edx:0x0001da31, eip:0x00000014, esp:0x00001000; FLAGS: T|F|F; INSTR: OpHigher(Branch(BranchOpHigher { opcode: Jns, arg_higher: 0 })); STATE: ExecuteInstruction { tick_count: 1 }
  [DEBUG lab3_rust::machine::control_unit] TICK: 1487; REGS: eax:0x0002ff42, ebx:0x00000000, ecx:0x00000003, edx:0x0001da31, eip:0x00000016, esp:0x00001000; FLAGS: T|F|F; INSTR: OpHigher(Math(MathOpHigher { opcode: Add, args: RegToMem(Accumulator, 0) })); STATE: ExecuteInstruction { tick_count: 1 }
  [DEBUG lab3_rust::machine::control_unit] TICK: 1500; REGS: eax:0x0002ff42, ebx:0x00000000, ecx:0x00000003, edx:0x0001da31, eip:0x00000018, esp:0x00001000; FLAGS: F|F|F; INSTR: OpHigher(Branch(BranchOpHigher { opcode: Jmp, arg_higher: 0 })); STATE: ExecuteInstruction { tick_count: 1 }
  [DEBUG lab3_rust::machine::control_unit] TICK: 1504; REGS: eax:0x0002ff42, ebx:0x00000000, ecx:0x00000003, edx:0x0001da31, eip:0x00000007, esp:0x00001000; FLAGS: F|F|F; INSTR: OpHigher(Math(MathOpHigher { opcode: Mov, args: RegToReg(Data, Accumulator) })); STATE: ExecuteInstruction { tick_count: 1 }
  [DEBUG lab3_rust::machine::control_unit] TICK: 1514; REGS: eax:0x0002ff42, ebx:0x00000000, ecx:0x00000003, edx:0x0002ff42, eip:0x00000009, esp:0x00001000; FLAGS: F|F|F; INSTR: OpHigher(Math(MathOpHigher { opcode: Add, args: MemToReg(Accumulator, 0) })); STATE: ExecuteInstruction { tick_count: 1 }
  [DEBUG lab3_rust::machine::control_unit] TICK: 1526; REGS: eax:0x0004d973, ebx:0x00000000, ecx:0x00000003, edx:0x0002ff42, eip:0x0000000b, esp:0x00001000; FLAGS: F|F|F; INSTR: OpHigher(Math(MathOpHigher { opcode: Mov, args: RegToMem(Data, 0) })); STATE: ExecuteInstruction { tick_count: 1 }
  [DEBUG lab3_rust::machine::control_unit] TICK: 1534; REGS: eax:0x0004d973, ebx:0x00000000, ecx:0x00000003, edx:0x0002ff42, eip:0x0000000c, esp:0x00001000; FLAGS: F|F|F; INSTR: OpHigher(Alter(AlterOpWord { opcode: Dec, arg: Count })); STATE: ExecuteInstruction { tick_count: 1 }
  [DEBUG lab3_rust::machine::control_unit] TICK: 1544; REGS: eax:0x0004d973, ebx:0x00000000, ecx:0x00000002, edx:0x0002ff42, eip:0x0000000e, esp:0x00001000; FLAGS: F|F|T; INSTR: OpHigher(Branch(BranchOpHigher { opcode: Jnz, arg_higher: 0 })); STATE: ExecuteInstruction { tick_count: 1 }
  [DEBUG lab3_rust::machine::control_unit] TICK: 1548; REGS: eax:0x0004d973, ebx:0x00000000, ecx:0x00000002, edx:0x0002ff42, eip:0x00000007, esp:0x00001000; FLAGS: F|F|T; INSTR: OpHigher(Math(MathOpHigher { opcode: Mov, args: RegToReg(Data, Accumulator) })); STATE: ExecuteInstruction { tick_count: 1 }
  [DEBUG lab3_rust::machine::control_unit] TICK: 1558; REGS: eax:0x0004d973, ebx:0x00000000, ecx:0x00000002, edx:0x0004d973, eip:0x00000009, esp:0x00001000; FLAGS: F|F|F; INSTR: OpHigher(Math(MathOpHigher { opcode: Add, args: MemToReg(Accumulator, 0) })); STATE: ExecuteInstruction { tick_count: 1 }
  [DEBUG lab3_rust::machine::control_unit] TICK: 1570; REGS: eax:0x0007d8b5, ebx:0x00000000, ecx:0x00000002, edx:0x0004d973, eip:0x0000000b, esp:0x00001000; FLAGS: F|F|F; INSTR: OpHigher(Math(MathOpHigher { opcode: Mov, args: RegToMem(Data, 0) })); STATE: ExecuteInstruction { tick_count: 1 }
  [DEBUG lab3_rust::machine::control_unit] TICK: 1578; REGS: eax:0x0007d8b5, ebx:0x00000000, ecx:0x00000002, edx:0x0004d973, eip:0x0000000c, esp:0x00001000; FLAGS: F|F|F; INSTR: OpHigher(Alter(AlterOpWord { opcode: Dec, arg: Count })); STATE: ExecuteInstruction { tick_count: 1 }
  [DEBUG lab3_rust::machine::control_unit] TICK: 1588; REGS: eax:0x0007d8b5, ebx:0x00000000, ecx:0x00000001, edx:0x0004d973, eip:0x0000000e, esp:0x00001000; FLAGS: F|F|T; INSTR: OpHigher(Branch(BranchOpHigher { opcode: Jnz, arg_higher: 0 })); STATE: ExecuteInstruction { tick_count: 1 }
  [DEBUG lab3_rust::machine::control_unit] TICK: 1592; REGS: eax:0x0007d8b5, ebx:0x00000000, ecx:0x00000001, edx:0x0004d973, eip:0x00000007, esp:0x00001000; FLAGS: F|F|T; INSTR: OpHigher(Math(MathOpHigher { opcode: Mov, args: RegToReg(Data, Accumulator) })); STATE: ExecuteInstruction { tick_count: 1 }
  [DEBUG lab3_rust::machine::control_unit] TICK: 1602; REGS: eax:0x0007d8b5, ebx:0x00000000, ecx:0x00000001, edx:0x0007d8b5, eip:0x00000009, esp:0x00001000; FLAGS: F|F|F; INSTR: OpHigher(Math(MathOpHigher { opcode: Add, args: MemToReg(Accumulator, 0) })); STATE: ExecuteInstruction { tick_count: 1 }
  [DEBUG lab3_rust::machine::control_unit] TICK: 1614; REGS: eax:0x000cb228, ebx:0x00000000, ecx:0x00000001, edx:0x0007d8b5, eip:0x0000000b, esp:0x00001000; FLAGS: F|F|F; INSTR: OpHigher(Math(MathOpHigher { opcode: Mov, args: RegToMem(Data, 0) })); STATE: ExecuteInstruction { tick_count: 1 }
  [DEBUG lab3_rust::machine::control_unit] TICK: 1622; REGS: eax:0x000cb228, ebx:0x00000000, ecx:0x00000001, edx:0x0007d8b5, eip:0x0000000c, esp:0x00001000; FLAGS: F|F|F; INSTR: OpHigher(Alter(AlterOpWord { opcode: Dec, arg: Count })); STATE: ExecuteInstruction { tick_count: 1 }
  [DEBUG lab3_rust::machine::control_unit] TICK: 1632; REGS: eax:0x000cb228, ebx:0x00000000, ecx:0x00000000, edx:0x0007d8b5, eip:0x0000000e, esp:0x00001000; FLAGS: F|T|T; INSTR: OpHigher(Branch(BranchOpHigher { opcode: Jnz, arg_higher: 0 })); STATE: ExecuteInstruction { tick_count: 1 }
  [DEBUG lab3_rust::machine::control_unit] TICK: 1642; REGS: eax:0x000cb228, ebx:0x00000000, ecx:0x00000000, edx:0x0007d8b5, eip:0x00000010, esp:0x00001000; FLAGS: F|T|T; INSTR: OpHigher(Math(MathOpHigher { opcode: Mov, args: RegImmed(Count, 0) })); STATE: ExecuteInstruction { tick_count: 1 }
  [DEBUG lab3_rust::machine::control_unit] TICK: 1652; REGS: eax:0x000cb228, ebx:0x00000000, ecx:0x00000003, edx:0x0007d8b5, eip:0x00000012, esp:0x00001000; FLAGS: F|F|F; INSTR: OpHigher(Math(MathOpHigher { opcode: Cmp, args: RegImmed(Accumulator, 61) })); STATE: ExecuteInstruction { tick_count: 1 }
  [DEBUG lab3_rust::machine::control_unit] TICK: 1662; REGS: eax:0x000cb228, ebx:0x00000000, ecx:0x00000003, edx:0x0007d8b5, eip:0x00000014, esp:0x00001000; FLAGS: T|F|F; INSTR: OpHigher(Branch(BranchOpHigher { opcode: Jns, arg_higher: 0 })); STATE: ExecuteInstruction { tick_count: 1 }
  [DEBUG lab3_rust::machine::control_unit] TICK: 1672; REGS: eax:0x000cb228, ebx:0x00000000, ecx:0x00000003, edx:0x0007d8b5, eip:0x00000016, esp:0x00001000; FLAGS: T|F|F; INSTR: OpHigher(Math(MathOpHigher { opcode: Add, args: RegToMem(Accumulator, 0) })); STATE: ExecuteInstruction { tick_count: 1 }
  [DEBUG lab3_rust::machine::control_unit] TICK: 1685; REGS: eax:0x000cb228, ebx:0x00000000, ecx:0x00000003, edx:0x0007d8b5, eip:0x00000018, esp:0x00001000; FLAGS: F|F|F; INSTR: OpHigher(Branch(BranchOpHigher { opcode: Jmp, arg_higher: 0 })); STATE: ExecuteInstruction { tick_count: 1 }
  [DEBUG lab3_rust::machine::control_unit] TICK: 1689; REGS: eax:0x000cb228, ebx:0x00000000, ecx:0x00000003, edx:0x0007d8b5, eip:0x00000007, esp:0x00001000; FLAGS: F|F|F; INSTR: OpHigher(Math(MathOpHigher { opcode: Mov, args: RegToReg(Data, Accumulator) })); STATE: ExecuteInstruction { tick_count: 1 }
  [DEBUG lab3_rust::machine::control_unit] TICK: 1699; REGS: eax:0x000cb228, ebx:0x00000000, ecx:0x00000003, edx:0x000cb228, eip:0x00000009, esp:0x00001000; FLAGS: F|F|F; INSTR: OpHigher(Math(MathOpHigher { opcode: Add, args: MemToReg(Accumulator, 0) })); STATE: ExecuteInstruction { tick_count: 1 }
  [DEBUG lab3_rust::machine::control_unit] TICK: 1711; REGS: eax:0x00148add, ebx:0x00000000, ecx:0x00000003, edx:0x000cb228, eip:0x0000000b, esp:0x00001000; FLAGS: F|F|F; INSTR: OpHigher(Math(MathOpHigher { opcode: Mov, args: RegToMem(Data, 0) })); STATE: ExecuteInstruction { tick_count: 1 }
  [DEBUG lab3_rust::machine::control_unit] TICK: 1719; REGS: eax:0x00148add, ebx:0x00000000, ecx:0x00000003, edx:0x000cb228, eip:0x0000000c, esp:0x00001000; FLAGS: F|F|F; INSTR: OpHigher(Alter(AlterOpWord { opcode: Dec, arg: Count })); STATE: ExecuteInstruction { tick_count: 1 }
  [DEBUG lab3_rust::machine::control_unit] TICK: 1729; REGS: eax:0x00148add, ebx:0x00000000, ecx:0x00000002, edx:0x000cb228, eip:0x0000000e, esp:0x00001000; FLAGS: F|F|T; INSTR: OpHigher(Branch(BranchOpHigher { opcode: Jnz, arg_higher: 0 })); STATE: ExecuteInstruction { tick_count: 1 }
  [DEBUG lab3_rust::machine::control_unit] TICK: 1733; REGS: eax:0x00148add, ebx:0x00000000, ecx:0x00000002, edx:0x000cb228, eip:0x00000007, esp:0x00001000; FLAGS: F|F|T; INSTR: OpHigher(Math(MathOpHigher { opcode: Mov, args: RegToReg(Data, Accumulator) })); STATE: ExecuteInstruction { tick_count: 1 }
  [DEBUG lab3_rust::machine::control_unit] TICK: 1743; REGS: eax:0x00148add, ebx:0x00000000, ecx:0x00000002, edx:0x00148add, eip:0x00000009, esp:0x00001000; FLAGS: F|F|F; INSTR: OpHigher(Math(MathOpHigher { opcode: Add, args: MemToReg(Accumulator, 0) })); STATE: ExecuteInstruction { tick_count: 1 }
  [DEBUG lab3_rust::machine::control_unit] TICK: 1755; REGS: eax:0x00213d05, ebx:0x00000000, ecx:0x00000002, edx:0x00148add, eip:0x0000000b, esp:0x00001000; FLAGS: F|F|F; INSTR: OpHigher(Math(MathOpHigher { opcode: Mov, args: RegToMem(Data, 0) })); STATE: ExecuteInstruction { tick_count: 1 }
  [DEBUG lab3_rust::machine::control_unit] TICK: 1763; REGS: eax:0x00213d05, ebx:0x00000000, ecx:0x00000002, edx:0x00148add, eip:0x0000000c, esp:0x00001000; FLAGS: F|F|F; INSTR: OpHigher(Alter(AlterOpWord { opcode: Dec, arg: Count })); STATE: ExecuteInstruction { tick_count: 1 }
  [DEBUG lab3_rust::machine::control_unit] TICK: 1773; REGS: eax:0x00213d05, ebx:0x00000000, ecx:0x00000001, edx:0x00148add, eip:0x0000000e, esp:0x00001000; FLAGS: F|F|T; INSTR: OpHigher(Branch(BranchOpHigher { opcode: Jnz, arg_higher: 0 })); STATE: ExecuteInstruction { tick_count: 1 }
  [DEBUG lab3_rust::machine::control_unit] TICK: 1777; REGS: eax:0x00213d05, ebx:0x00000000, ecx:0x00000001, edx:0x00148add, eip:0x00000007, esp:0x00001000; FLAGS: F|F|T; INSTR: OpHigher(Math(MathOpHigher { opcode: Mov, args: RegToReg(Data, Accumulator) })); STATE: ExecuteInstruction { tick_count: 1 }
  [DEBUG lab3_rust::machine::control_unit] TICK: 1787; REGS: eax:0x00213d05, ebx:0x00000000, ecx:0x00000001, edx:0x00213d05, eip:0x00000009, esp:0x00001000; FLAGS: F|F|F; INSTR: OpHigher(Math(MathOpHigher { opcode: Add, args: MemToReg(Accumulator, 0) })); STATE: ExecuteInstruction { tick_count: 1 }
  [DEBUG lab3_rust::machine::control_unit] TICK: 1799; REGS: eax:0x0035c7e2, ebx:0x00000000, ecx:0x00000001, edx:0x00213d05, eip:0x0000000b, esp:0x00001000; FLAGS: F|F|F; INSTR: OpHigher(Math(MathOpHigher { opcode: Mov, args: RegToMem(Data, 0) })); STATE: ExecuteInstruction { tick_count: 1 }
  [DEBUG lab3_rust::machine::control_unit] TICK: 1807; REGS: eax:0x0035c7e2, ebx:0x00000000, ecx:0x00000001, edx:0x00213d05, eip:0x0000000c, esp:0x00001000; FLAGS: F|F|F; INSTR: OpHigher(Alter(AlterOpWord { opcode: Dec, arg: Count })); STATE: ExecuteInstruction { tick_count: 1 }
  [DEBUG lab3_rust::machine::control_unit] TICK: 1817; REGS: eax:0x0035c7e2, ebx:0x00000000, ecx:0x00000000, edx:0x00213d05, eip:0x0000000e, esp:0x00001000; FLAGS: F|T|T; INSTR: OpHigher(Branch(BranchOpHigher { opcode: Jnz, arg_higher: 0 })); STATE: ExecuteInstruction { tick_count: 1 }
  [DEBUG lab3_rust::machine::control_unit] TICK: 1827; REGS: eax:0x0035c7e2, ebx:0x00000000, ecx:0x00000000, edx:0x00213d05, eip:0x00000010, esp:0x00001000; FLAGS: F|T|T; INSTR: OpHigher(Math(MathOpHigher { opcode: Mov, args: RegImmed(Count, 0) })); STATE: ExecuteInstruction { tick_count: 1 }
  [DEBUG lab3_rust::machine::control_unit] TICK: 1837; REGS: eax:0x0035c7e2, ebx:0x00000000, ecx:0x00000003, edx:0x00213d05, eip:0x00000012, esp:0x00001000; FLAGS: F|F|F; INSTR: OpHigher(Math(MathOpHigher { opcode: Cmp, args: RegImmed(Accumulator, 61) })); STATE: ExecuteInstruction { tick_count: 1 }
  [DEBUG lab3_rust::machine::control_unit] TICK: 1847; REGS: eax:0x0035c7e2, ebx:0x00000000, ecx:0x00000003, edx:0x00213d05, eip:0x00000014, esp:0x00001000; FLAGS: T|F|F; INSTR: OpHigher(Branch(BranchOpHigher { opcode: Jns, arg_higher: 0 })); STATE: ExecuteInstruction { tick_count: 1 }
  [DEBUG lab3_rust::machine::control_unit] TICK: 1857; REGS: eax:0x0035c7e2, ebx:0x00000000, ecx:0x00000003, edx:0x00213d05, eip:0x00000016, esp:0x00001000; FLAGS: T|F|F; INSTR: OpHigher(Math(MathOpHigher { opcode: Add, args: RegToMem(Accumulator, 0) })); STATE: ExecuteInstruction { tick_count: 1 }
  [DEBUG lab3_rust::machine::control_unit] TICK: 1870; REGS: eax:0x0035c7e2, ebx:0x00000000, ecx:0x00000003, edx:0x00213d05, eip:0x00000018, esp:0x00001000; FLAGS: F|F|F; INSTR: OpHigher(Branch(BranchOpHigher { opcode: Jmp, arg_higher: 0 })); STATE: ExecuteInstruction { tick_count: 1 }
  [DEBUG lab3_rust::machine::control_unit] TICK: 1874; REGS: eax:0x0035c7e2, ebx:0x00000000, ecx:0x00000003, edx:0x00213d05, eip:0x00000007, esp:0x00001000; FLAGS: F|F|F; INSTR: OpHigher(Math(MathOpHigher { opcode: Mov, args: RegToReg(Data, Accumulator) })); STATE: ExecuteInstruction { tick_count: 1 }
  [DEBUG lab3_rust::machine::control_unit] TICK: 1884; REGS: eax:0x0035c7e2, ebx:0x00000000, ecx:0x00000003, edx:0x0035c7e2, eip:0x00000009, esp:0x00001000; FLAGS: F|F|F; INSTR: OpHigher(Math(MathOpHigher { opcode: Add, args: MemToReg(Accumulator, 0) })); STATE: ExecuteInstruction { tick_count: 1 }
  [DEBUG lab3_rust::machine::control_unit] TICK: 1896; REGS: eax:0x005704e7, ebx:0x00000000, ecx:0x00000003, edx:0x0035c7e2, eip:0x0000000b, esp:0x00001000; FLAGS: F|F|F; INSTR: OpHigher(Math(MathOpHigher { opcode: Mov, args: RegToMem(Data, 0) })); STATE: ExecuteInstruction { tick_count: 1 }
  [DEBUG lab3_rust::machine::control_unit] TICK: 1904; REGS: eax:0x005704e7, ebx:0x00000000, ecx:0x00000003, edx:0x0035c7e2, eip:0x0000000c, esp:0x00001000; FLAGS: F|F|F; INSTR: OpHigher(Alter(AlterOpWord { opcode: Dec, arg: Count })); STATE: ExecuteInstruction { tick_count: 1 }
  [DEBUG lab3_rust::machine::control_unit] TICK: 1914; REGS: eax:0x005704e7, ebx:0x00000000, ecx:0x00000002, edx:0x0035c7e2, eip:0x0000000e, esp:0x00001000; FLAGS: F|F|T; INSTR: OpHigher(Branch(BranchOpHigher { opcode: Jnz, arg_higher: 0 })); STATE: ExecuteInstruction { tick_count: 1 }
  [DEBUG lab3_rust::machine::control_unit] TICK: 1918; REGS: eax:0x005704e7, ebx:0x00000000, ecx:0x00000002, edx:0x0035c7e2, eip:0x00000007, esp:0x00001000; FLAGS: F|F|T; INSTR: OpHigher(Math(MathOpHigher { opcode: Mov, args: RegToReg(Data, Accumulator) })); STATE: ExecuteInstruction { tick_count: 1 }
  [DEBUG lab3_rust::machine::control_unit] TICK: 1928; REGS: eax:0x005704e7, ebx:0x00000000, ecx:0x00000002, edx:0x005704e7, eip:0x00000009, esp:0x00001000; FLAGS: F|F|F; INSTR: OpHigher(Math(MathOpHigher { opcode: Add, args: MemToReg(Accumulator, 0) })); STATE: ExecuteInstruction { tick_count: 1 }
  [DEBUG lab3_rust::machine::control_unit] TICK: 1940; REGS: eax:0x008cccc9, ebx:0x00000000, ecx:0x00000002, edx:0x005704e7, eip:0x0000000b, esp:0x00001000; FLAGS: F|F|F; INSTR: OpHigher(Math(MathOpHigher { opcode: Mov, args: RegToMem(Data, 0) })); STATE: ExecuteInstruction { tick_count: 1 }
  [DEBUG lab3_rust::machine::control_unit] TICK: 1948; REGS: eax:0x008cccc9, ebx:0x00000000, ecx:0x00000002, edx:0x005704e7, eip:0x0000000c, esp:0x00001000; FLAGS: F|F|F; INSTR: OpHigher(Alter(AlterOpWord { opcode: Dec, arg: Count })); STATE: ExecuteInstruction { tick_count: 1 }
  [DEBUG lab3_rust::machine::control_unit] TICK: 1958; REGS: eax:0x008cccc9, ebx:0x00000000, ecx:0x00000001, edx:0x005704e7, eip:0x0000000e, esp:0x00001000; FLAGS: F|F|T; INSTR: OpHigher(Branch(BranchOpHigher { opcode: Jnz, arg_higher: 0 })); STATE: ExecuteInstruction { tick_count: 1 }
  [DEBUG lab3_rust::machine::control_unit] TICK: 1962; REGS: eax:0x008cccc9, ebx:0x00000000, ecx:0x00000001, edx:0x005704e7, eip:0x00000007, esp:0x00001000; FLAGS: F|F|T; INSTR: OpHigher(Math(MathOpHigher { opcode: Mov, args: RegToReg(Data, Accumulator) })); STATE: ExecuteInstruction { tick_count: 1 }
  [DEBUG lab3_rust::machine::control_unit] TICK: 1972; REGS: eax:0x008cccc9, ebx:0x00000000, ecx:0x00000001, edx:0x008cccc9, eip:0x00000009, esp:0x00001000; FLAGS: F|F|F; INSTR: OpHigher(Math(MathOpHigher { opcode: Add, args: MemToReg(Accumulator, 0) })); STATE: ExecuteInstruction { tick_count: 1 }
  [DEBUG lab3_rust::machine::control_unit] TICK: 1984; REGS: eax:0x00e3d1b0, ebx:0x00000000, ecx:0x00000001, edx:0x008cccc9, eip:0x0000000b, esp:0x00001000; FLAGS: F|F|F; INSTR: OpHigher(Math(MathOpHigher { opcode: Mov, args: RegToMem(Data, 0) })); STATE: ExecuteInstruction { tick_count: 1 }
  [DEBUG lab3_rust::machine::control_unit] TICK: 1992; REGS: eax:0x00e3d1b0, ebx:0x00000000, ecx:0x00000001, edx:0x008cccc9, eip:0x0000000c, esp:0x00001000; FLAGS: F|F|F; INSTR: OpHigher(Alter(AlterOpWord { opcode: Dec, arg: Count })); STATE: ExecuteInstruction { tick_count: 1 }
  [DEBUG lab3_rust::machine::control_unit] TICK: 2002; REGS: eax:0x00e3d1b0, ebx:0x00000000, ecx:0x00000000, edx:0x008cccc9, eip:0x0000000e, esp:0x00001000; FLAGS: F|T|T; INSTR: OpHigher(Branch(BranchOpHigher { opcode: Jnz, arg_higher: 0 })); STATE: ExecuteInstruction { tick_count: 1 }
  [DEBUG lab3_rust::machine::control_unit] TICK: 2012; REGS: eax:0x00e3d1b0, ebx:0x00000000, ecx:0x00000000, edx:0x008cccc9, eip:0x00000010, esp:0x00001000; FLAGS: F|T|T; INSTR: OpHigher(Math(MathOpHigher { opcode: Mov, args: RegImmed(Count, 0) })); STATE: ExecuteInstruction { tick_count: 1 }
  [DEBUG lab3_rust::machine::control_unit] TICK: 2022; REGS: eax:0x00e3d1b0, ebx:0x00000000, ecx:0x00000003, edx:0x008cccc9, eip:0x00000012, esp:0x00001000; FLAGS: F|F|F; INSTR: OpHigher(Math(MathOpHigher { opcode: Cmp, args: RegImmed(Accumulator, 61) })); STATE: ExecuteInstruction { tick_count: 1 }
  [DEBUG lab3_rust::machine::control_unit] TICK: 2032; REGS: eax:0x00e3d1b0, ebx:0x00000000, ecx:0x00000003, edx:0x008cccc9, eip:0x00000014, esp:0x00001000; FLAGS: F|F|T; INSTR: OpHigher(Branch(BranchOpHigher { opcode: Jns, arg_higher: 0 })); STATE: ExecuteInstruction { tick_count: 1 }
  [DEBUG lab3_rust::machine::control_unit] TICK: 2041; REGS: eax:0x00e3d1b0, ebx:0x00000000, ecx:0x00000003, edx:0x008cccc9, eip:0x0000001a, esp:0x00001000; FLAGS: F|F|T; INSTR: OpHigher(Math(MathOpHigher { opcode: Mov, args: MemToReg(Accumulator, 0) })); STATE: ExecuteInstruction { tick_count: 1 }
  [DEBUG lab3_rust::machine::control_unit] TICK: 2053; REGS: eax:0x00466664, ebx:0x00000000, ecx:0x00000003, edx:0x008cccc9, eip:0x0000001c, esp:0x00001000; FLAGS: F|F|F; INSTR: OpHigher(Stack(StackOpHigher { opcode: Call, args: Immed(0) })); STATE: ExecuteInstruction { tick_count: 1 }
  [DEBUG lab3_rust::machine::control_unit] TICK: 2065; REGS: eax:0x00466664, ebx:0x00000000, ecx:0x00000003, edx:0x008cccc9, eip:0x0000001f, esp:0x00000fff; FLAGS: F|F|F; INSTR: OpHigher(Math(MathOpHigher { opcode: Mov, args: RegImmed(Base, 0) })); STATE: ExecuteInstruction { tick_count: 1 }
  [DEBUG lab3_rust::machine::control_unit] TICK: 2070; REGS: eax:0x00466664, ebx:0x0000000a, ecx:0x00000003, edx:0x008cccc9, eip:0x00000020, esp:0x00000fff; FLAGS: F|F|F; INSTR: OpHigher(Math(MathOpHigher { opcode: Mov, args: RegToReg(Count, StackPointer) })); STATE: ExecuteInstruction { tick_count: 1 }
  [DEBUG lab3_rust::machine::control_unit] TICK: 2075; REGS: eax:0x00466664, ebx:0x0000000a, ecx:0x00000fff, edx:0x008cccc9, eip:0x00000021, esp:0x00000fff; FLAGS: F|F|F; INSTR: OpHigher(Alter(AlterOpWord { opcode: Dec, arg: StackPointer })); STATE: ExecuteInstruction { tick_count: 1 }
  [DEBUG lab3_rust::machine::control_unit] TICK: 2085; REGS: eax:0x00466664, ebx:0x0000000a, ecx:0x00000fff, edx:0x008cccc9, eip:0x00000023, esp:0x00000ffe; FLAGS: F|F|T; INSTR: OpHigher(Math(MathOpHigher { opcode: Mov, args: RegImmed(Data, 0) })); STATE: ExecuteInstruction { tick_count: 1 }
  [DEBUG lab3_rust::machine::control_unit] TICK: 2090; REGS: eax:0x00466664, ebx:0x0000000a, ecx:0x00000fff, edx:0x00000000, eip:0x00000024, esp:0x00000ffe; FLAGS: F|T|F; INSTR: OpHigher(Control(ControlOpWord(Div))); STATE: ExecuteInstruction { tick_count: 1 }
  [DEBUG lab3_rust::machine::control_unit] TICK: 2419; REGS: eax:0x00070a3d, ebx:0x0000000a, ecx:0x00000fff, edx:0x00000002, eip:0x00000026, esp:0x00000ffe; FLAGS: F|F|T; INSTR: OpHigher(Math(MathOpHigher { opcode: Add, args: RegImmed(Data, 0) })); STATE: ExecuteInstruction { tick_count: 1 }
  [DEBUG lab3_rust::machine::control_unit] TICK: 2424; REGS: eax:0x00070a3d, ebx:0x0000000a, ecx:0x00000fff, edx:0x00000032, eip:0x00000027, esp:0x00000ffe; FLAGS: F|F|F; INSTR: OpHigher(Math(MathOpHigher { opcode: Mov, args: RegToRegMem(StackPointer, Data) })); STATE: ExecuteInstruction { tick_count: 1 }
  [DEBUG lab3_rust::machine::control_unit] TICK: 2437; REGS: eax:0x00070a3d, ebx:0x0000000a, ecx:0x00000fff, edx:0x00000032, eip:0x00000029, esp:0x00000ffe; FLAGS: F|F|F; INSTR: OpHigher(Math(MathOpHigher { opcode: Cmp, args: RegImmed(Accumulator, 0) })); STATE: ExecuteInstruction { tick_count: 1 }
  [DEBUG lab3_rust::machine::control_unit] TICK: 2447; REGS: eax:0x00070a3d, ebx:0x0000000a, ecx:0x00000fff, edx:0x00000032, eip:0x0000002b, esp:0x00000ffe; FLAGS: F|F|F; INSTR: OpHigher(Branch(BranchOpHigher { opcode: Jnz, arg_higher: 0 })); STATE: ExecuteInstruction { tick_count: 1 }
  [DEBUG lab3_rust::machine::control_unit] TICK: 2451; REGS: eax:0x00070a3d, ebx:0x0000000a, ecx:0x00000fff, edx:0x00000032, eip:0x00000021, esp:0x00000ffe; FLAGS: F|F|F; INSTR: OpHigher(Alter(AlterOpWord { opcode: Dec, arg: StackPointer })); STATE: ExecuteInstruction { tick_count: 1 }
  [DEBUG lab3_rust::machine::control_unit] TICK: 2461; REGS: eax:0x00070a3d, ebx:0x0000000a, ecx:0x00000fff, edx:0x00000032, eip:0x00000023, esp:0x00000ffd; FLAGS: F|F|T; INSTR: OpHigher(Math(MathOpHigher { opcode: Mov, args: RegImmed(Data, 0) })); STATE: ExecuteInstruction { tick_count: 1 }
  [DEBUG lab3_rust::machine::control_unit] TICK: 2466; REGS: eax:0x00070a3d, ebx:0x0000000a, ecx:0x00000fff, edx:0x00000000, eip:0x00000024, esp:0x00000ffd; FLAGS: F|T|F; INSTR: OpHigher(Control(ControlOpWord(Div))); STATE: ExecuteInstruction { tick_count: 1 }
  [DEBUG lab3_rust::machine::control_unit] TICK: 2795; REGS: eax:0x0000b439, ebx:0x0000000a, ecx:0x00000fff, edx:0x00000003, eip:0x00000026, esp:0x00000ffd; FLAGS: F|F|T; INSTR: OpHigher(Math(MathOpHigher { opcode: Add, args: RegImmed(Data, 0) })); STATE: ExecuteInstruction { tick_count: 1 }
  [DEBUG lab3_rust::machine::control_unit] TICK: 2800; REGS: eax:0x0000b439, ebx:0x0000000a, ecx:0x00000fff, edx:0x00000033, eip:0x00000027, esp:0x00000ffd; FLAGS: F|F|F; INSTR: OpHigher(Math(MathOpHigher { opcode: Mov, args: RegToRegMem(StackPointer, Data) })); STATE: ExecuteInstruction { tick_count: 1 }
  [DEBUG lab3_rust::machine::control_unit] TICK: 2813; REGS: eax:0x0000b439, ebx:0x0000000a, ecx:0x00000fff, edx:0x00000033, eip:0x00000029, esp:0x00000ffd; FLAGS: F|F|F; INSTR: OpHigher(Math(MathOpHigher { opcode: Cmp, args: RegImmed(Accumulator, 0) })); STATE: ExecuteInstruction { tick_count: 1 }
  [DEBUG lab3_rust::machine::control_unit] TICK: 2823; REGS: eax:0x0000b439, ebx:0x0000000a, ecx:0x00000fff, edx:0x00000033, eip:0x0000002b, esp:0x00000ffd; FLAGS: F|F|F; INSTR: OpHigher(Branch(BranchOpHigher { opcode: Jnz, arg_higher: 0 })); STATE: ExecuteInstruction { tick_count: 1 }
  [DEBUG lab3_rust::machine::control_unit] TICK: 2827; REGS: eax:0x0000b439, ebx:0x0000000a, ecx:0x00000fff, edx:0x00000033, eip:0x00000021, esp:0x00000ffd; FLAGS: F|F|F; INSTR: OpHigher(Alter(AlterOpWord { opcode: Dec, arg: StackPointer })); STATE: ExecuteInstruction { tick_count: 1 }
  [DEBUG lab3_rust::machine::control_unit] TICK: 2837; REGS: eax:0x0000b439, ebx:0x0000000a, ecx:0x00000fff, edx:0x00000033, eip:0x00000023, esp:0x00000ffc; FLAGS: F|F|T; INSTR: OpHigher(Math(MathOpHigher { opcode: Mov, args: RegImmed(Data, 0) })); STATE: ExecuteInstruction { tick_count: 1 }
  [DEBUG lab3_rust::machine::control_unit] TICK: 2842; REGS: eax:0x0000b439, ebx:0x0000000a, ecx:0x00000fff, edx:0x00000000, eip:0x00000024, esp:0x00000ffc; FLAGS: F|T|F; INSTR: OpHigher(Control(ControlOpWord(Div))); STATE: ExecuteInstruction { tick_count: 1 }
  [DEBUG lab3_rust::machine::control_unit] TICK: 3171; REGS: eax:0x00001205, ebx:0x0000000a, ecx:0x00000fff, edx:0x00000007, eip:0x00000026, esp:0x00000ffc; FLAGS: F|F|T; INSTR: OpHigher(Math(MathOpHigher { opcode: Add, args: RegImmed(Data, 0) })); STATE: ExecuteInstruction { tick_count: 1 }
  [DEBUG lab3_rust::machine::control_unit] TICK: 3176; REGS: eax:0x00001205, ebx:0x0000000a, ecx:0x00000fff, edx:0x00000037, eip:0x00000027, esp:0x00000ffc; FLAGS: F|F|F; INSTR: OpHigher(Math(MathOpHigher { opcode: Mov, args: RegToRegMem(StackPointer, Data) })); STATE: ExecuteInstruction { tick_count: 1 }
  [DEBUG lab3_rust::machine::control_unit] TICK: 3189; REGS: eax:0x00001205, ebx:0x0000000a, ecx:0x00000fff, edx:0x00000037, eip:0x00000029, esp:0x00000ffc; FLAGS: F|F|F; INSTR: OpHigher(Math(MathOpHigher { opcode: Cmp, args: RegImmed(Accumulator, 0) })); STATE: ExecuteInstruction { tick_count: 1 }
  [DEBUG lab3_rust::machine::control_unit] TICK: 3199; REGS: eax:0x00001205, ebx:0x0000000a, ecx:0x00000fff, edx:0x00000037, eip:0x0000002b, esp:0x00000ffc; FLAGS: F|F|F; INSTR: OpHigher(Branch(BranchOpHigher { opcode: Jnz, arg_higher: 0 })); STATE: ExecuteInstruction { tick_count: 1 }
  [DEBUG lab3_rust::machine::control_unit] TICK: 3203; REGS: eax:0x00001205, ebx:0x0000000a, ecx:0x00000fff, edx:0x00000037, eip:0x00000021, esp:0x00000ffc; FLAGS: F|F|F; INSTR: OpHigher(Alter(AlterOpWord { opcode: Dec, arg: StackPointer })); STATE: ExecuteInstruction { tick_count: 1 }
  [DEBUG lab3_rust::machine::control_unit] TICK: 3213; REGS: eax:0x00001205, ebx:0x0000000a, ecx:0x00000fff, edx:0x00000037, eip:0x00000023, esp:0x00000ffb; FLAGS: F|F|T; INSTR: OpHigher(Math(MathOpHigher { opcode: Mov, args: RegImmed(Data, 0) })); STATE: ExecuteInstruction { tick_count: 1 }
  [DEBUG lab3_rust::machine::control_unit] TICK: 3218; REGS: eax:0x00001205, ebx:0x0000000a, ecx:0x00000fff, edx:0x00000000, eip:0x00000024, esp:0x00000ffb; FLAGS: F|T|F; INSTR: OpHigher(Control(ControlOpWord(Div))); STATE: ExecuteInstruction { tick_count: 1 }
  [DEBUG lab3_rust::machine::control_unit] TICK: 3547; REGS: eax:0x000001cd, ebx:0x0000000a, ecx:0x00000fff, edx:0x00000003, eip:0x00000026, esp:0x00000ffb; FLAGS: F|F|T; INSTR: OpHigher(Math(MathOpHigher { opcode: Add, args: RegImmed(Data, 0) })); STATE: ExecuteInstruction { tick_count: 1 }
  [DEBUG lab3_rust::machine::control_unit] TICK: 3552; REGS: eax:0x000001cd, ebx:0x0000000a, ecx:0x00000fff, edx:0x00000033, eip:0x00000027, esp:0x00000ffb; FLAGS: F|F|F; INSTR: OpHigher(Math(MathOpHigher { opcode: Mov, args: RegToRegMem(StackPointer, Data) })); STATE: ExecuteInstruction { tick_count: 1 }
  [DEBUG lab3_rust::machine::control_unit] TICK: 3565; REGS: eax:0x000001cd, ebx:0x0000000a, ecx:0x00000fff, edx:0x00000033, eip:0x00000029, esp:0x00000ffb; FLAGS: F|F|F; INSTR: OpHigher(Math(MathOpHigher { opcode: Cmp, args: RegImmed(Accumulator, 0) })); STATE: ExecuteInstruction { tick_count: 1 }
  [DEBUG lab3_rust::machine::control_unit] TICK: 3575; REGS: eax:0x000001cd, ebx:0x0000000a, ecx:0x00000fff, edx:0x00000033, eip:0x0000002b, esp:0x00000ffb; FLAGS: F|F|F; INSTR: OpHigher(Branch(BranchOpHigher { opcode: Jnz, arg_higher: 0 })); STATE: ExecuteInstruction { tick_count: 1 }
  [DEBUG lab3_rust::machine::control_unit] TICK: 3579; REGS: eax:0x000001cd, ebx:0x0000000a, ecx:0x00000fff, edx:0x00000033, eip:0x00000021, esp:0x00000ffb; FLAGS: F|F|F; INSTR: OpHigher(Alter(AlterOpWord { opcode: Dec, arg: StackPointer })); STATE: ExecuteInstruction { tick_count: 1 }
  [DEBUG lab3_rust::machine::control_unit] TICK: 3589; REGS: eax:0x000001cd, ebx:0x0000000a, ecx:0x00000fff, edx:0x00000033, eip:0x00000023, esp:0x00000ffa; FLAGS: F|F|T; INSTR: OpHigher(Math(MathOpHigher { opcode: Mov, args: RegImmed(Data, 0) })); STATE: ExecuteInstruction { tick_count: 1 }
  [DEBUG lab3_rust::machine::control_unit] TICK: 3594; REGS: eax:0x000001cd, ebx:0x0000000a, ecx:0x00000fff, edx:0x00000000, eip:0x00000024, esp:0x00000ffa; FLAGS: F|T|F; INSTR: OpHigher(Control(ControlOpWord(Div))); STATE: ExecuteInstruction { tick_count: 1 }
  [DEBUG lab3_rust::machine::control_unit] TICK: 3923; REGS: eax:0x0000002e, ebx:0x0000000a, ecx:0x00000fff, edx:0x00000001, eip:0x00000026, esp:0x00000ffa; FLAGS: T|F|F; INSTR: OpHigher(Math(MathOpHigher { opcode: Add, args: RegImmed(Data, 0) })); STATE: ExecuteInstruction { tick_count: 1 }
  [DEBUG lab3_rust::machine::control_unit] TICK: 3928; REGS: eax:0x0000002e, ebx:0x0000000a, ecx:0x00000fff, edx:0x00000031, eip:0x00000027, esp:0x00000ffa; FLAGS: F|F|F; INSTR: OpHigher(Math(MathOpHigher { opcode: Mov, args: RegToRegMem(StackPointer, Data) })); STATE: ExecuteInstruction { tick_count: 1 }
  [DEBUG lab3_rust::machine::control_unit] TICK: 3941; REGS: eax:0x0000002e, ebx:0x0000000a, ecx:0x00000fff, edx:0x00000031, eip:0x00000029, esp:0x00000ffa; FLAGS: F|F|F; INSTR: OpHigher(Math(MathOpHigher { opcode: Cmp, args: RegImmed(Accumulator, 0) })); STATE: ExecuteInstruction { tick_count: 1 }
  [DEBUG lab3_rust::machine::control_unit] TICK: 3951; REGS: eax:0x0000002e, ebx:0x0000000a, ecx:0x00000fff, edx:0x00000031, eip:0x0000002b, esp:0x00000ffa; FLAGS: F|F|F; INSTR: OpHigher(Branch(BranchOpHigher { opcode: Jnz, arg_higher: 0 })); STATE: ExecuteInstruction { tick_count: 1 }
  [DEBUG lab3_rust::machine::control_unit] TICK: 3955; REGS: eax:0x0000002e, ebx:0x0000000a, ecx:0x00000fff, edx:0x00000031, eip:0x00000021, esp:0x00000ffa; FLAGS: F|F|F; INSTR: OpHigher(Alter(AlterOpWord { opcode: Dec, arg: StackPointer })); STATE: ExecuteInstruction { tick_count: 1 }
  [DEBUG lab3_rust::machine::control_unit] TICK: 3965; REGS: eax:0x0000002e, ebx:0x0000000a, ecx:0x00000fff, edx:0x00000031, eip:0x00000023, esp:0x00000ff9; FLAGS: F|F|T; INSTR: OpHigher(Math(MathOpHigher { opcode: Mov, args: RegImmed(Data, 0) })); STATE: ExecuteInstruction { tick_count: 1 }
  [DEBUG lab3_rust::machine::control_unit] TICK: 3970; REGS: eax:0x0000002e, ebx:0x0000000a, ecx:0x00000fff, edx:0x00000000, eip:0x00000024, esp:0x00000ff9; FLAGS: F|T|F; INSTR: OpHigher(Control(ControlOpWord(Div))); STATE: ExecuteInstruction { tick_count: 1 }
  [DEBUG lab3_rust::machine::control_unit] TICK: 4299; REGS: eax:0x00000004, ebx:0x0000000a, ecx:0x00000fff, edx:0x00000006, eip:0x00000026, esp:0x00000ff9; FLAGS: T|F|F; INSTR: OpHigher(Math(MathOpHigher { opcode: Add, args: RegImmed(Data, 0) })); STATE: ExecuteInstruction { tick_count: 1 }
  [DEBUG lab3_rust::machine::control_unit] TICK: 4304; REGS: eax:0x00000004, ebx:0x0000000a, ecx:0x00000fff, edx:0x00000036, eip:0x00000027, esp:0x00000ff9; FLAGS: F|F|F; INSTR: OpHigher(Math(MathOpHigher { opcode: Mov, args: RegToRegMem(StackPointer, Data) })); STATE: ExecuteInstruction { tick_count: 1 }
  [DEBUG lab3_rust::machine::control_unit] TICK: 4317; REGS: eax:0x00000004, ebx:0x0000000a, ecx:0x00000fff, edx:0x00000036, eip:0x00000029, esp:0x00000ff9; FLAGS: F|F|F; INSTR: OpHigher(Math(MathOpHigher { opcode: Cmp, args: RegImmed(Accumulator, 0) })); STATE: ExecuteInstruction { tick_count: 1 }
  [DEBUG lab3_rust::machine::control_unit] TICK: 4327; REGS: eax:0x00000004, ebx:0x0000000a, ecx:0x00000fff, edx:0x00000036, eip:0x0000002b, esp:0x00000ff9; FLAGS: F|F|F; INSTR: OpHigher(Branch(BranchOpHigher { opcode: Jnz, arg_higher: 0 })); STATE: ExecuteInstruction { tick_count: 1 }
  [DEBUG lab3_rust::machine::control_unit] TICK: 4331; REGS: eax:0x00000004, ebx:0x0000000a, ecx:0x00000fff, edx:0x00000036, eip:0x00000021, esp:0x00000ff9; FLAGS: F|F|F; INSTR: OpHigher(Alter(AlterOpWord { opcode: Dec, arg: StackPointer })); STATE: ExecuteInstruction { tick_count: 1 }
  [DEBUG lab3_rust::machine::control_unit] TICK: 4341; REGS: eax:0x00000004, ebx:0x0000000a, ecx:0x00000fff, edx:0x00000036, eip:0x00000023, esp:0x00000ff8; FLAGS: F|F|T; INSTR: OpHigher(Math(MathOpHigher { opcode: Mov, args: RegImmed(Data, 0) })); STATE: ExecuteInstruction { tick_count: 1 }
  [DEBUG lab3_rust::machine::control_unit] TICK: 4346; REGS: eax:0x00000004, ebx:0x0000000a, ecx:0x00000fff, edx:0x00000000, eip:0x00000024, esp:0x00000ff8; FLAGS: F|T|F; INSTR: OpHigher(Control(ControlOpWord(Div))); STATE: ExecuteInstruction { tick_count: 1 }
  [DEBUG lab3_rust::machine::control_unit] TICK: 4675; REGS: eax:0x00000000, ebx:0x0000000a, ecx:0x00000fff, edx:0x00000004, eip:0x00000026, esp:0x00000ff8; FLAGS: T|F|F; INSTR: OpHigher(Math(MathOpHigher { opcode: Add, args: RegImmed(Data, 0) })); STATE: ExecuteInstruction { tick_count: 1 }
  [DEBUG lab3_rust::machine::control_unit] TICK: 4680; REGS: eax:0x00000000, ebx:0x0000000a, ecx:0x00000fff, edx:0x00000034, eip:0x00000027, esp:0x00000ff8; FLAGS: F|F|F; INSTR: OpHigher(Math(MathOpHigher { opcode: Mov, args: RegToRegMem(StackPointer, Data) })); STATE: ExecuteInstruction { tick_count: 1 }
  [DEBUG lab3_rust::machine::control_unit] TICK: 4693; REGS: eax:0x00000000, ebx:0x0000000a, ecx:0x00000fff, edx:0x00000034, eip:0x00000029, esp:0x00000ff8; FLAGS: F|F|F; INSTR: OpHigher(Math(MathOpHigher { opcode: Cmp, args: RegImmed(Accumulator, 0) })); STATE: ExecuteInstruction { tick_count: 1 }
  [DEBUG lab3_rust::machine::control_unit] TICK: 4703; REGS: eax:0x00000000, ebx:0x0000000a, ecx:0x00000fff, edx:0x00000034, eip:0x0000002b, esp:0x00000ff8; FLAGS: F|T|F; INSTR: OpHigher(Branch(BranchOpHigher { opcode: Jnz, arg_higher: 0 })); STATE: ExecuteInstruction { tick_count: 1 }
  [DEBUG lab3_rust::machine::control_unit] TICK: 4708; REGS: eax:0x00000000, ebx:0x0000000a, ecx:0x00000fff, edx:0x00000034, eip:0x0000002c, esp:0x00000ff8; FLAGS: F|T|F; INSTR: OpHigher(Math(MathOpHigher { opcode: Mov, args: RegMemToReg(Accumulator, StackPointer) })); STATE: ExecuteInstruction { tick_count: 1 }
  [DEBUG lab3_rust::machine::control_unit] TICK: 4715; REGS: eax:0x00000034, ebx:0x0000000a, ecx:0x00000fff, edx:0x00000034, eip:0x0000002d, esp:0x00000ff8; FLAGS: F|F|F; INSTR: OpHigher(Io(IoOpWord { opcode: Out, arg: 1 })); STATE: ExecuteInstruction { tick_count: 1 }
  [DEBUG lab3_rust::machine::control_unit] TICK: 4720; REGS: eax:0x00000034, ebx:0x0000000a, ecx:0x00000fff, edx:0x00000034, eip:0x0000002e, esp:0x00000ff8; FLAGS: F|F|F; INSTR: OpHigher(Alter(AlterOpWord { opcode: Inc, arg: StackPointer })); STATE: ExecuteInstruction { tick_count: 1 }
  [DEBUG lab3_rust::machine::control_unit] TICK: 4725; REGS: eax:0x00000034, ebx:0x0000000a, ecx:0x00000fff, edx:0x00000034, eip:0x0000002f, esp:0x00000ff9; FLAGS: F|F|F; INSTR: OpHigher(Math(MathOpHigher { opcode: Cmp, args: RegToReg(StackPointer, Count) })); STATE: ExecuteInstruction { tick_count: 1 }
  [DEBUG lab3_rust::machine::control_unit] TICK: 4735; REGS: eax:0x00000034, ebx:0x0000000a, ecx:0x00000fff, edx:0x00000034, eip:0x00000031, esp:0x00000ff9; FLAGS: T|F|F; INSTR: OpHigher(Branch(BranchOpHigher { opcode: Jnz, arg_higher: 0 })); STATE: ExecuteInstruction { tick_count: 1 }
  [DEBUG lab3_rust::machine::control_unit] TICK: 4739; REGS: eax:0x00000034, ebx:0x0000000a, ecx:0x00000fff, edx:0x00000034, eip:0x0000002c, esp:0x00000ff9; FLAGS: T|F|F; INSTR: OpHigher(Math(MathOpHigher { opcode: Mov, args: RegMemToReg(Accumulator, StackPointer) })); STATE: ExecuteInstruction { tick_count: 1 }
  [DEBUG lab3_rust::machine::control_unit] TICK: 4746; REGS: eax:0x00000036, ebx:0x0000000a, ecx:0x00000fff, edx:0x00000034, eip:0x0000002d, esp:0x00000ff9; FLAGS: F|F|F; INSTR: OpHigher(Io(IoOpWord { opcode: Out, arg: 1 })); STATE: ExecuteInstruction { tick_count: 1 }
  [DEBUG lab3_rust::machine::control_unit] TICK: 4751; REGS: eax:0x00000036, ebx:0x0000000a, ecx:0x00000fff, edx:0x00000034, eip:0x0000002e, esp:0x00000ff9; FLAGS: F|F|F; INSTR: OpHigher(Alter(AlterOpWord { opcode: Inc, arg: StackPointer })); STATE: ExecuteInstruction { tick_count: 1 }
  [DEBUG lab3_rust::machine::control_unit] TICK: 4756; REGS: eax:0x00000036, ebx:0x0000000a, ecx:0x00000fff, edx:0x00000034, eip:0x0000002f, esp:0x00000ffa; FLAGS: F|F|F; INSTR: OpHigher(Math(MathOpHigher { opcode: Cmp, args: RegToReg(StackPointer, Count) })); STATE: ExecuteInstruction { tick_count: 1 }
  [DEBUG lab3_rust::machine::control_unit] TICK: 4766; REGS: eax:0x00000036, ebx:0x0000000a, ecx:0x00000fff, edx:0x00000034, eip:0x00000031, esp:0x00000ffa; FLAGS: T|F|F; INSTR: OpHigher(Branch(BranchOpHigher { opcode: Jnz, arg_higher: 0 })); STATE: ExecuteInstruction { tick_count: 1 }
  [DEBUG lab3_rust::machine::control_unit] TICK: 4770; REGS: eax:0x00000036, ebx:0x0000000a, ecx:0x00000fff, edx:0x00000034, eip:0x0000002c, esp:0x00000ffa; FLAGS: T|F|F; INSTR: OpHigher(Math(MathOpHigher { opcode: Mov, args: RegMemToReg(Accumulator, StackPointer) })); STATE: ExecuteInstruction { tick_count: 1 }
  [DEBUG lab3_rust::machine::control_unit] TICK: 4777; REGS: eax:0x00000031, ebx:0x0000000a, ecx:0x00000fff, edx:0x00000034, eip:0x0000002d, esp:0x00000ffa; FLAGS: F|F|F; INSTR: OpHigher(Io(IoOpWord { opcode: Out, arg: 1 })); STATE: ExecuteInstruction { tick_count: 1 }
  [DEBUG lab3_rust::machine::control_unit] TICK: 4782; REGS: eax:0x00000031, ebx:0x0000000a, ecx:0x00000fff, edx:0x00000034, eip:0x0000002e, esp:0x00000ffa; FLAGS: F|F|F; INSTR: OpHigher(Alter(AlterOpWord { opcode: Inc, arg: StackPointer })); STATE: ExecuteInstruction { tick_count: 1 }
  [DEBUG lab3_rust::machine::control_unit] TICK: 4787; REGS: eax:0x00000031, ebx:0x0000000a, ecx:0x00000fff, edx:0x00000034, eip:0x0000002f, esp:0x00000ffb; FLAGS: F|F|F; INSTR: OpHigher(Math(MathOpHigher { opcode: Cmp, args: RegToReg(StackPointer, Count) })); STATE: ExecuteInstruction { tick_count: 1 }
  [DEBUG lab3_rust::machine::control_unit] TICK: 4797; REGS: eax:0x00000031, ebx:0x0000000a, ecx:0x00000fff, edx:0x00000034, eip:0x00000031, esp:0x00000ffb; FLAGS: T|F|F; INSTR: OpHigher(Branch(BranchOpHigher { opcode: Jnz, arg_higher: 0 })); STATE: ExecuteInstruction { tick_count: 1 }
  [DEBUG lab3_rust::machine::control_unit] TICK: 4801; REGS: eax:0x00000031, ebx:0x0000000a, ecx:0x00000fff, edx:0x00000034, eip:0x0000002c, esp:0x00000ffb; FLAGS: T|F|F; INSTR: OpHigher(Math(MathOpHigher { opcode: Mov, args: RegMemToReg(Accumulator, StackPointer) })); STATE: ExecuteInstruction { tick_count: 1 }
  [DEBUG lab3_rust::machine::control_unit] TICK: 4808; REGS: eax:0x00000033, ebx:0x0000000a, ecx:0x00000fff, edx:0x00000034, eip:0x0000002d, esp:0x00000ffb; FLAGS: F|F|F; INSTR: OpHigher(Io(IoOpWord { opcode: Out, arg: 1 })); STATE: ExecuteInstruction { tick_count: 1 }
  [DEBUG lab3_rust::machine::control_unit] TICK: 4813; REGS: eax:0x00000033, ebx:0x0000000a, ecx:0x00000fff, edx:0x00000034, eip:0x0000002e, esp:0x00000ffb; FLAGS: F|F|F; INSTR: OpHigher(Alter(AlterOpWord { opcode: Inc, arg: StackPointer })); STATE: ExecuteInstruction { tick_count: 1 }
  [DEBUG lab3_rust::machine::control_unit] TICK: 4818; REGS: eax:0x00000033, ebx:0x0000000a, ecx:0x00000fff, edx:0x00000034, eip:0x0000002f, esp:0x00000ffc; FLAGS: F|F|F; INSTR: OpHigher(Math(MathOpHigher { opcode: Cmp, args: RegToReg(StackPointer, Count) })); STATE: ExecuteInstruction { tick_count: 1 }
  [DEBUG lab3_rust::machine::control_unit] TICK: 4828; REGS: eax:0x00000033, ebx:0x0000000a, ecx:0x00000fff, edx:0x00000034, eip:0x00000031, esp:0x00000ffc; FLAGS: T|F|F; INSTR: OpHigher(Branch(BranchOpHigher { opcode: Jnz, arg_higher: 0 })); STATE: ExecuteInstruction { tick_count: 1 }
  [DEBUG lab3_rust::machine::control_unit] TICK: 4832; REGS: eax:0x00000033, ebx:0x0000000a, ecx:0x00000fff, edx:0x00000034, eip:0x0000002c, esp:0x00000ffc; FLAGS: T|F|F; INSTR: OpHigher(Math(MathOpHigher { opcode: Mov, args: RegMemToReg(Accumulator, StackPointer) })); STATE: ExecuteInstruction { tick_count: 1 }
  [DEBUG lab3_rust::machine::control_unit] TICK: 4839; REGS: eax:0x00000037, ebx:0x0000000a, ecx:0x00000fff, edx:0x00000034, eip:0x0000002d, esp:0x00000ffc; FLAGS: F|F|F; INSTR: OpHigher(Io(IoOpWord { opcode: Out, arg: 1 })); STATE: ExecuteInstruction { tick_count: 1 }
  [DEBUG lab3_rust::machine::control_unit] TICK: 4844; REGS: eax:0x00000037, ebx:0x0000000a, ecx:0x00000fff, edx:0x00000034, eip:0x0000002e, esp:0x00000ffc; FLAGS: F|F|F; INSTR: OpHigher(Alter(AlterOpWord { opcode: Inc, arg: StackPointer })); STATE: ExecuteInstruction { tick_count: 1 }
  [DEBUG lab3_rust::machine::control_unit] TICK: 4849; REGS: eax:0x00000037, ebx:0x0000000a, ecx:0x00000fff, edx:0x00000034, eip:0x0000002f, esp:0x00000ffd; FLAGS: F|F|F; INSTR: OpHigher(Math(MathOpHigher { opcode: Cmp, args: RegToReg(StackPointer, Count) })); STATE: ExecuteInstruction { tick_count: 1 }
  [DEBUG lab3_rust::machine::control_unit] TICK: 4859; REGS: eax:0x00000037, ebx:0x0000000a, ecx:0x00000fff, edx:0x00000034, eip:0x00000031, esp:0x00000ffd; FLAGS: T|F|F; INSTR: OpHigher(Branch(BranchOpHigher { opcode: Jnz, arg_higher: 0 })); STATE: ExecuteInstruction { tick_count: 1 }
  [DEBUG lab3_rust::machine::control_unit] TICK: 4863; REGS: eax:0x00000037, ebx:0x0000000a, ecx:0x00000fff, edx:0x00000034, eip:0x0000002c, esp:0x00000ffd; FLAGS: T|F|F; INSTR: OpHigher(Math(MathOpHigher { opcode: Mov, args: RegMemToReg(Accumulator, StackPointer) })); STATE: ExecuteInstruction { tick_count: 1 }
  [DEBUG lab3_rust::machine::control_unit] TICK: 4870; REGS: eax:0x00000033, ebx:0x0000000a, ecx:0x00000fff, edx:0x00000034, eip:0x0000002d, esp:0x00000ffd; FLAGS: F|F|F; INSTR: OpHigher(Io(IoOpWord { opcode: Out, arg: 1 })); STATE: ExecuteInstruction { tick_count: 1 }
  [DEBUG lab3_rust::machine::control_unit] TICK: 4875; REGS: eax:0x00000033, ebx:0x0000000a, ecx:0x00000fff, edx:0x00000034, eip:0x0000002e, esp:0x00000ffd; FLAGS: F|F|F; INSTR: OpHigher(Alter(AlterOpWord { opcode: Inc, arg: StackPointer })); STATE: ExecuteInstruction { tick_count: 1 }
  [DEBUG lab3_rust::machine::control_unit] TICK: 4880; REGS: eax:0x00000033, ebx:0x0000000a, ecx:0x00000fff, edx:0x00000034, eip:0x0000002f, esp:0x00000ffe; FLAGS: F|F|F; INSTR: OpHigher(Math(MathOpHigher { opcode: Cmp, args: RegToReg(StackPointer, Count) })); STATE: ExecuteInstruction { tick_count: 1 }
  [DEBUG lab3_rust::machine::control_unit] TICK: 4890; REGS: eax:0x00000033, ebx:0x0000000a, ecx:0x00000fff, edx:0x00000034, eip:0x00000031, esp:0x00000ffe; FLAGS: T|F|F; INSTR: OpHigher(Branch(BranchOpHigher { opcode: Jnz, arg_higher: 0 })); STATE: ExecuteInstruction { tick_count: 1 }
  [DEBUG lab3_rust::machine::control_unit] TICK: 4894; REGS: eax:0x00000033, ebx:0x0000000a, ecx:0x00000fff, edx:0x00000034, eip:0x0000002c, esp:0x00000ffe; FLAGS: T|F|F; INSTR: OpHigher(Math(MathOpHigher { opcode: Mov, args: RegMemToReg(Accumulator, StackPointer) })); STATE: ExecuteInstruction { tick_count: 1 }
  [DEBUG lab3_rust::machine::control_unit] TICK: 4901; REGS: eax:0x00000032, ebx:0x0000000a, ecx:0x00000fff, edx:0x00000034, eip:0x0000002d, esp:0x00000ffe; FLAGS: F|F|F; INSTR: OpHigher(Io(IoOpWord { opcode: Out, arg: 1 })); STATE: ExecuteInstruction { tick_count: 1 }
  [DEBUG lab3_rust::machine::control_unit] TICK: 4906; REGS: eax:0x00000032, ebx:0x0000000a, ecx:0x00000fff, edx:0x00000034, eip:0x0000002e, esp:0x00000ffe; FLAGS: F|F|F; INSTR: OpHigher(Alter(AlterOpWord { opcode: Inc, arg: StackPointer })); STATE: ExecuteInstruction { tick_count: 1 }
  [DEBUG lab3_rust::machine::control_unit] TICK: 4911; REGS: eax:0x00000032, ebx:0x0000000a, ecx:0x00000fff, edx:0x00000034, eip:0x0000002f, esp:0x00000fff; FLAGS: F|F|F; INSTR: OpHigher(Math(MathOpHigher { opcode: Cmp, args: RegToReg(StackPointer, Count) })); STATE: ExecuteInstruction { tick_count: 1 }
  [DEBUG lab3_rust::machine::control_unit] TICK: 4921; REGS: eax:0x00000032, ebx:0x0000000a, ecx:0x00000fff, edx:0x00000034, eip:0x00000031, esp:0x00000fff; FLAGS: F|T|T; INSTR: OpHigher(Branch(BranchOpHigher { opcode: Jnz, arg_higher: 0 })); STATE: ExecuteInstruction { tick_count: 1 }
  [DEBUG lab3_rust::machine::control_unit] TICK: 4926; REGS: eax:0x00000032, ebx:0x0000000a, ecx:0x00000fff, edx:0x00000034, eip:0x00000032, esp:0x00000fff; FLAGS: F|T|T; INSTR: OpHigher(Stack(StackOpHigher { opcode: Ret, args: None })); STATE: ExecuteInstruction { tick_count: 1 }
  [DEBUG lab3_rust::machine::control_unit] TICK: 4932; REGS: eax:0x00000032, ebx:0x0000000a, ecx:0x00000fff, edx:0x00000034, eip:0x0000001d, esp:0x00001000; FLAGS: F|T|T; INSTR: OpHigher(Control(ControlOpWord(Exit))); STATE: ExecuteInstruction { tick_count: 1 }

